sales_curva_a.csv
date,item_nbr,unit_sales,price,day_of_year,month,day_of_week,day_of_month
2017-01-23,3124,25.436,9.98,23,1,0,23
2017-01-24,3124,30.99000000000001,9.98,24,1,1,24
2017-01-25,3124,53.22200000000001,9.39,25,1,2,25
2017-01-26,3124,57.813,9.39,26,1,3,26
2017-01-27,3124,41.07599999999999,9.39,27,1,4,27
2017-01-28,3124,47.026,9.39,28,1,5,28
2017-01-29,3124,49.253999999999984,9.39,29,1,6,29
2017-01-30,3124,48.186000000000014,9.39,30,1,0,30
2017-01-31,3124,48.181,9.39,31,1,1,31
2017-02-01,3124,64.90999999999997,9.99,32,2,2,1
2017-02-02,3124,42.111,9.99,33,2,3,2
2017-02-03,3124,44.83600000000001,9.98,34,2,4,3
2017-02-04,3124,51.915,9.98,35,2,5,4
2017-02-05,3124,35.188,9.98,36,2,6,5
2017-02-06,3124,29.11,9.98,37,2,0,6
2017-02-07,3124,33.14799999999999,9.98,38,2,1,7
2017-02-08,3124,51.594,9.99,39,2,2,8
2017-02-09,3124,55.74,9.99,40,2,3,9
2017-02-10,3124,22.021000000000004,9.98,41,2,4,10
2017-02-11,3124,51.76400000000001,9.98,42,2,5,11
2017-02-12,3124,36.031,9.98,43,2,6,12
2017-02-13,3124,44.71600000000001,9.98,44,2,0,13
2017-02-14,3124,32.06299999999999,9.98,45,2,1,14
2017-02-15,3124,49.23899999999999,9.99,46,2,2,15
2017-02-16,3124,39.743,9.99,47,2,3,16
2017-02-17,3124,27.589,9.98,48,2,4,17
2017-02-18,3124,46.07000000000001,9.98,49,2,5,18
2017-02-19,3124,53.456,9.98,50,2,6,19
2017-02-20,3124,32.427,8.99,51,2,0,20
2017-02-21,3124,55.26300000000002,8.99,52,2,1,21
2017-02-22,3124,66.13300000000002,8.99,53,2,2,22
2017-02-23,3124,65.493,8.99,54,2,3,23
2017-02-24,3124,65.414,8.99,55,2,4,24
2017-02-25,3124,133.29,8.99,56,2,5,25
2017-02-26,3124,107.108,8.99,57,2,6,26
2017-02-27,3124,63.542,8.99,58,2,0,27
2017-02-28,3124,88.76200000000001,8.99,59,2,1,28
2017-03-01,3124,5.774,9.99,60,3,2,1
2017-03-02,3124,15.200000000000005,9.99,61,3,3,2
2017-03-03,3124,52.801,9.98,62,3,4,3
2017-03-04,3124,85.08399999999999,9.98,63,3,5,4
2017-03-05,3124,58.029,9.98,64,3,6,5
2017-03-06,3124,68.81700000000001,9.98,65,3,0,6
2017-03-07,3124,39.918,9.98,66,3,1,7
2017-03-08,3124,45.356,9.99,67,3,2,8
2017-03-09,3124,54.680000000000014,9.99,68,3,3,9
2017-03-10,3124,48.964,9.98,69,3,4,10
2017-03-11,3124,75.158,9.98,70,3,5,11
2017-03-12,3124,87.23899999999995,9.98,71,3,6,12
2017-03-13,3124,43.75599999999999,9.98,72,3,0,13
2017-03-14,3124,42.40799999999999,9.98,73,3,1,14
2017-03-15,3124,69.22200000000001,9.99,74,3,2,15
2017-03-16,3124,44.793000000000006,9.99,75,3,3,16
2017-03-17,3124,47.146999999999984,9.98,76,3,4,17
2017-03-18,3124,71.366,9.98,77,3,5,18
2017-03-19,3124,33.5,9.98,78,3,6,19
2017-03-20,3124,51.37399999999999,9.98,79,3,0,20
2017-03-21,3124,55.59300000000001,9.98,80,3,1,21
2017-03-22,3124,63.52800000000001,9.99,81,3,2,22
2017-03-23,3124,38.48499999999999,9.99,82,3,3,23
2017-03-24,3124,47.882000000000005,9.98,83,3,4,24
2017-03-25,3124,75.70000000000002,9.98,84,3,5,25
2017-03-26,3124,64.78399999999999,9.98,85,3,6,26
2017-03-27,3124,30.306000000000008,9.98,86,3,0,27
2017-03-28,3124,50.66600000000002,9.98,87,3,1,28
2017-03-29,3124,52.70300000000002,9.99,88,3,2,29
2017-03-30,3124,32.46200000000001,9.99,89,3,3,30
2017-03-31,3124,55.206,9.98,90,3,4,31
2017-04-01,3124,119.823,9.98,91,4,5,1
2017-04-02,3124,52.258,9.98,92,4,6,2
2017-04-03,3124,34.726,9.98,93,4,0,3
2017-04-04,3124,1.39,9.98,94,4,1,4
2017-04-05,3124,46.538,9.99,95,4,2,5
2017-04-06,3124,63.88599999999997,9.99,96,4,3,6
2017-04-07,3124,36.49400000000001,9.98,97,4,4,7
2017-04-08,3124,41.763000000000005,9.98,98,4,5,8
2017-04-09,3124,39.705,9.98,99,4,6,9
2017-04-10,3124,30.209000000000003,9.98,100,4,0,10
2017-04-11,3124,28.802,9.98,101,4,1,11
2017-04-12,3124,28.53,9.99,102,4,2,12
2017-04-13,3124,30.327,9.99,103,4,3,13
2017-04-14,3124,21.11,9.98,104,4,4,14
2017-04-15,3124,41.67,9.98,105,4,5,15
2017-04-16,3124,54.21499999999997,9.98,106,4,6,16
2017-04-17,3124,41.656,9.98,107,4,0,17
2017-04-18,3124,46.58300000000001,9.98,108,4,1,18
2017-04-19,3124,43.21,9.99,109,4,2,19
2017-04-20,3124,39.882,9.99,110,4,3,20
2017-04-21,3124,56.739,9.98,111,4,4,21
2017-04-22,3124,54.12,9.98,112,4,5,22
2017-04-23,3124,48.82599999999999,9.98,113,4,6,23
2017-04-24,3124,30.311999999999998,9.98,114,4,0,24
2017-04-25,3124,48.87600000000001,9.98,115,4,1,25
2017-04-26,3124,55.30099999999999,9.99,116,4,2,26
2017-04-27,3124,41.44,9.99,117,4,3,27
2017-04-28,3124,55.955000000000005,9.98,118,4,4,28
2017-04-29,3124,49.80000000000002,9.98,119,4,5,29
2017-04-30,3124,71.97799999999998,9.98,120,4,6,30
2017-05-01,3124,0.0,9.98,121,5,0,1
2017-05-02,3124,47.81799999999999,9.98,122,5,1,2
2017-05-03,3124,53.832999999999984,9.99,123,5,2,3
2017-05-04,3124,51.93000000000002,9.99,124,5,3,4
2017-05-05,3124,43.09600000000001,9.98,125,5,4,5
2017-05-06,3124,60.71800000000001,9.98,126,5,5,6
2017-05-07,3124,44.428,9.98,127,5,6,7
2017-05-08,3124,48.41299999999999,9.98,128,5,0,8
2017-05-09,3124,41.15,9.98,129,5,1,9
2017-05-10,3124,69.671,9.99,130,5,2,10
2017-05-11,3124,43.79899999999999,9.99,131,5,3,11
2017-05-12,3124,34.505,9.98,132,5,4,12
2017-05-13,3124,81.52799999999999,9.98,133,5,5,13
2017-05-14,3124,49.133,9.98,134,5,6,14
2017-05-15,3124,0.76,9.98,135,5,0,15
2017-05-16,3124,0.0,9.98,136,5,1,16
2017-05-17,3124,43.953,9.99,137,5,2,17
2017-05-18,3124,53.67599999999999,9.99,138,5,3,18
2017-05-19,3124,22.247,9.98,139,5,4,19
2017-05-20,3124,60.40299999999999,9.98,140,5,5,20
2017-05-21,3124,44.02100000000001,9.98,141,5,6,21
2017-05-22,3124,36.06,9.98,142,5,0,22
2017-05-23,3124,33.367999999999995,10.97,143,5,1,23
2017-05-24,3124,50.24699999999999,9.99,144,5,2,24
2017-05-25,3124,66.34399999999998,9.99,145,5,3,25
2017-05-26,3124,35.756,10.97,146,5,4,26
2017-05-27,3124,51.42999999999999,10.97,147,5,5,27
2017-05-28,3124,41.194,10.97,148,5,6,28
2017-05-29,3124,20.561,10.97,149,5,0,29
2017-05-30,3124,0.0,10.97,150,5,1,30
2017-05-31,3124,64.56500000000001,9.89,151,5,2,31
2017-06-01,3124,77.548,9.89,152,6,3,1
2017-06-02,3124,51.343,9.99,153,6,4,2
2017-06-03,3124,64.567,9.99,154,6,5,3
2017-06-04,3124,61.84699999999998,9.99,155,6,6,4
2017-06-05,3124,38.76699999999999,10.97,156,6,0,5
2017-06-06,3124,35.815,10.97,157,6,1,6
2017-06-07,3124,61.638,9.99,158,6,2,7
2017-06-08,3124,43.969,9.99,159,6,3,8
2017-06-09,3124,28.989,10.97,160,6,4,9
2017-06-10,3124,50.401,10.97,161,6,5,10
2017-06-11,3124,27.552,10.97,162,6,6,11
2017-06-12,3124,27.888000000000005,10.97,163,6,0,12
2017-06-13,3124,27.338000000000005,10.97,164,6,1,13
2017-06-14,3124,73.70200000000001,9.99,165,6,2,14
2017-06-15,3124,57.06999999999997,9.99,166,6,3,15
2017-06-16,3124,32.173,9.9,167,6,4,16
2017-06-17,3124,76.23600000000005,9.9,168,6,5,17
2017-06-18,3124,70.756,9.9,169,6,6,18
2017-06-19,3124,28.248,10.97,170,6,0,19
2017-06-20,3124,32.564,10.97,171,6,1,20
2017-06-21,3124,57.47399999999998,9.95,172,6,2,21
2017-06-22,3124,62.990000000000016,9.95,173,6,3,22
2017-06-23,3124,29.671,10.97,174,6,4,23
2017-06-24,3124,49.110000000000014,10.97,175,6,5,24
2017-06-25,3124,43.93099999999999,10.97,176,6,6,25
2017-06-26,3124,23.068,10.97,177,6,0,26
2017-06-27,3124,32.434,10.97,178,6,1,27
2017-06-28,3124,49.408,9.99,179,6,2,28
2017-06-29,3124,61.465,9.99,180,6,3,29
2017-06-30,3124,46.474,10.97,181,6,4,30
2017-07-01,3124,59.034000000000006,10.97,182,7,5,1
2017-07-02,3124,52.293,10.97,183,7,6,2
2017-07-03,3124,49.20100000000001,10.97,184,7,0,3
2017-07-04,3124,45.56999999999999,10.97,185,7,1,4
2017-07-05,3124,64.482,9.99,186,7,2,5
2017-07-06,3124,69.79000000000002,9.99,187,7,3,6
2017-07-07,3124,45.619000000000014,9.98,188,7,4,7
2017-07-08,3124,43.715,9.98,189,7,5,8
2017-07-09,3124,33.443000000000005,9.98,190,7,6,9
2017-07-10,3124,38.834,10.97,191,7,0,10
2017-07-11,3124,35.361,10.97,192,7,1,11
2017-07-12,3124,57.173,9.99,193,7,2,12
2017-07-13,3124,55.99900000000001,9.99,194,7,3,13
2017-07-14,3124,63.086999999999975,8.99,195,7,4,14
2017-07-15,3124,71.19300000000001,8.99,196,7,5,15
2017-07-16,3124,53.30500000000003,8.99,197,7,6,16
2017-07-17,3124,15.042999999999996,10.97,198,7,0,17
2017-07-18,3124,15.775,10.97,199,7,1,18
2017-07-19,3124,83.746,9.99,200,7,2,19
2017-07-20,3124,55.177000000000014,9.99,201,7,3,20
2017-07-21,3124,59.12400000000001,8.99,202,7,4,21
2017-07-22,3124,95.81,8.99,203,7,5,22
2017-07-23,3124,99.31000000000002,8.99,204,7,6,23
2017-07-24,3124,41.605,10.97,205,7,0,24
2017-07-25,3124,47.21799999999999,10.97,206,7,1,25
2017-07-26,3124,69.306,9.99,207,7,2,26
2017-07-27,3124,69.39700000000003,9.99,208,7,3,27
2017-07-28,3124,35.978,10.97,209,7,4,28
2017-07-29,3124,50.39300000000001,10.97,210,7,5,29
2017-07-30,3124,51.04900000000001,10.97,211,7,6,30
2017-07-31,3124,44.845000000000006,10.97,212,7,0,31
2017-08-01,3124,74.89100000000003,10.97,213,8,1,1
2017-08-02,3124,82.94900000000001,9.99,214,8,2,2
2017-08-03,3124,86.01800000000001,9.99,215,8,3,3
2017-08-04,3124,55.959,8.99,216,8,4,4
2017-08-05,3124,92.443,8.99,217,8,5,5
2017-08-06,3124,54.63300000000001,8.99,218,8,6,6
2017-08-07,3124,18.160000000000004,10.97,219,8,0,7
2017-08-08,3124,31.367000000000008,10.97,220,8,1,8
2017-08-09,3124,69.68200000000003,9.99,221,8,2,9
2017-08-10,3124,47.358,9.99,222,8,3,10
2017-08-11,3124,43.015,8.99,223,8,4,11
2017-08-12,3124,89.838,8.99,224,8,5,12
2017-08-13,3124,88.57500000000002,8.99,225,8,6,13
2017-08-14,3124,31.623000000000008,10.97,226,8,0,14
2017-08-15,3124,47.32599999999999,10.97,227,8,1,15
2017-08-16,3124,62.672,9.99,228,8,2,16
2017-08-17,3124,77.74,9.99,229,8,3,17
2017-08-18,3124,37.866000000000014,8.99,230,8,4,18
2017-08-19,3124,62.768000000000015,8.99,231,8,5,19
2017-08-20,3124,47.90500000000001,8.99,232,8,6,20
2017-08-21,3124,23.136,10.97,233,8,0,21
2017-08-22,3124,33.43900000000001,10.97,234,8,1,22
2017-08-23,3124,60.32899999999999,9.99,235,8,2,23
2017-08-24,3124,61.36499999999999,9.99,236,8,3,24
2017-08-25,3124,52.553,8.99,237,8,4,25
2017-08-26,3124,80.02100000000003,8.99,238,8,5,26
2017-08-27,3124,99.31000000000004,8.99,239,8,6,27
2017-08-28,3124,32.60900000000001,8.99,240,8,0,28
2017-08-29,3124,18.668,10.97,241,8,1,29
2017-08-30,3124,72.289,9.99,242,8,2,30
2017-08-31,3124,43.34599999999999,9.99,243,8,3,31
2017-09-01,3124,56.61600000000001,8.99,244,9,4,1
2017-09-02,3124,96.68600000000004,8.99,245,9,5,2
2017-09-03,3124,77.03699999999999,8.99,246,9,6,3
2017-09-04,3124,34.929,10.97,247,9,0,4
2017-09-05,3124,33.88399999999999,10.97,248,9,1,5
2017-09-06,3124,83.021,9.99,249,9,2,6
2017-09-07,3124,74.56299999999999,9.99,250,9,3,7
2017-09-08,3124,54.769,8.99,251,9,4,8
2017-09-09,3124,83.55699999999999,8.99,252,9,5,9
2017-09-10,3124,68.49200000000002,8.99,253,9,6,10
2017-09-11,3124,17.816999999999997,10.97,254,9,0,11
2017-09-12,3124,42.191,10.97,255,9,1,12
2017-09-13,3124,54.52800000000002,9.99,256,9,2,13
2017-09-14,3124,67.20100000000002,9.99,257,9,3,14
2017-09-15,3124,49.30599999999999,8.99,258,9,4,15
2017-09-16,3124,67.69399999999999,8.99,259,9,5,16
2017-09-17,3124,55.913,8.99,260,9,6,17
2017-09-18,3124,46.704,10.97,261,9,0,18
2017-09-19,3124,38.99,10.97,262,9,1,19
2017-09-20,3124,62.17900000000001,9.99,263,9,2,20
2017-09-21,3124,44.854,9.99,264,9,3,21
2017-09-22,3124,35.639,8.99,265,9,4,22
2017-09-23,3124,82.62499999999999,8.99,266,9,5,23
2017-09-24,3124,75.31799999999997,8.99,267,9,6,24
2017-09-25,3124,39.473,10.97,268,9,0,25
2017-09-26,3124,37.79399999999999,10.97,269,9,1,26
2017-09-27,3124,72.59699999999998,9.99,270,9,2,27
2017-09-28,3124,62.54999999999999,9.99,271,9,3,28
2017-09-29,3124,61.685,8.98,272,9,4,29
2017-09-30,3124,95.20000000000002,8.98,273,9,5,30
2017-10-01,3124,95.353,8.98,274,10,6,1
2017-10-02,3124,88.26200000000001,8.98,275,10,0,2
2017-10-03,3124,34.416,10.97,276,10,1,3
2017-10-04,3124,66.52399999999999,9.89,277,10,2,4
2017-10-05,3124,81.45999999999998,9.89,278,10,3,5
2017-10-06,3124,41.23899999999999,9.89,279,10,4,6
2017-10-07,3124,51.51199999999999,10.97,280,10,5,7
2017-10-08,3124,29.716,10.97,281,10,6,8
2017-10-09,3124,30.354000000000006,10.97,282,10,0,9
2017-10-10,3124,22.656,10.97,283,10,1,10
2017-10-11,3124,42.964000000000006,9.89,284,10,2,11
2017-10-12,3124,83.28399999999999,9.89,285,10,3,12
2017-10-13,3124,63.257000000000005,7.99,286,10,4,13
2017-10-14,3124,70.851,7.99,287,10,5,14
2017-10-15,3124,104.331,7.99,288,10,6,15
2017-10-16,3124,11.264,10.97,289,10,0,16
2017-10-17,3124,20.994,10.97,290,10,1,17
2017-10-18,3124,81.34800000000001,8.99,291,10,2,18
2017-10-19,3124,58.67700000000001,8.99,292,10,3,19
2017-10-20,3124,31.381,10.97,293,10,4,20
2017-10-21,3124,46.339,10.97,294,10,5,21
2017-10-22,3124,36.17300000000001,10.97,295,10,6,22
2017-10-23,3124,27.054,10.97,296,10,0,23
2017-10-24,3124,37.77999999999999,10.97,297,10,1,24
2017-10-25,3124,15.387,9.99,298,10,2,25
2017-10-26,3124,31.202999999999992,8.99,299,10,3,26
2017-10-27,3124,38.29400000000001,10.97,300,10,4,27
2017-10-28,3124,57.115,10.97,301,10,5,28
2017-10-29,3124,45.44399999999999,10.97,302,10,6,29
2017-10-30,3124,29.156,10.97,303,10,0,30
2017-10-31,3124,42.397999999999975,10.97,304,10,1,31
2017-11-01,3124,96.85599999999997,9.89,305,11,2,1
2017-11-02,3124,95.159,9.89,306,11,3,2
2017-11-03,3124,57.67200000000001,10.97,307,11,4,3
2017-11-04,3124,47.116,10.97,308,11,5,4
2017-11-05,3124,30.044000000000004,10.97,309,11,6,5
2017-11-06,3124,29.37399999999999,10.97,310,11,0,6
2017-11-07,3124,42.15000000000002,10.97,311,11,1,7
2017-11-08,3124,83.91399999999999,9.89,312,11,2,8
2017-11-09,3124,45.36999999999998,9.89,313,11,3,9
2017-11-10,3124,32.4,10.97,314,11,4,10
2017-11-11,3124,36.798,10.97,315,11,5,11
2017-11-12,3124,43.028000000000006,10.97,316,11,6,12
2017-11-13,3124,34.221999999999994,10.97,317,11,0,13
2017-11-14,3124,35.49999999999999,10.97,318,11,1,14
2017-11-15,3124,102.20600000000002,9.49,319,11,2,15
2017-11-16,3124,54.645,9.49,320,11,3,16
2017-11-17,3124,38.036,10.97,321,11,4,17
2017-11-18,3124,71.324,10.97,322,11,5,18
2017-11-19,3124,38.482000000000006,10.97,323,11,6,19
2017-11-20,3124,37.97800000000001,10.97,324,11,0,20
2017-11-21,3124,50.328,10.97,325,11,1,21
2017-11-22,3124,59.085,9.89,326,11,2,22
2017-11-23,3124,46.699000000000005,8.49,327,11,3,23
2017-11-24,3124,52.08299999999999,8.49,328,11,4,24
2017-11-25,3124,82.96700000000003,8.49,329,11,5,25
2017-11-26,3124,78.491,8.49,330,11,6,26
2017-11-27,3124,36.224,10.97,331,11,0,27
2017-11-28,3124,33.91199999999999,10.97,332,11,1,28
2017-11-29,3124,84.29500000000003,8.89,333,11,2,29
2017-11-30,3124,118.62000000000003,8.89,334,11,3,30
2017-12-01,3124,79.72,7.99,335,12,4,1
2017-12-02,3124,117.45300000000002,7.99,336,12,5,2
2017-12-03,3124,82.32200000000002,7.99,337,12,6,3
2017-12-04,3124,36.648,10.97,338,12,0,4
2017-12-05,3124,40.08000000000001,10.97,339,12,1,5
2017-12-06,3124,130.233,8.99,340,12,2,6
2017-12-07,3124,85.96700000000001,8.99,341,12,3,7
2017-12-08,3124,44.149,10.97,342,12,4,8
2017-12-09,3124,60.10799999999998,10.97,343,12,5,9
2017-12-10,3124,47.905,10.97,344,12,6,10
2017-12-11,3124,24.036,10.97,345,12,0,11
2017-12-12,3124,30.334000000000003,10.97,346,12,1,12
2017-12-13,3124,38.87799999999999,10.97,347,12,2,13
2017-12-14,3124,59.847,8.99,348,12,3,14
2017-12-15,3124,62.562,8.99,349,12,4,15
2017-12-16,3124,97.83400000000005,8.99,350,12,5,16
2017-12-17,3124,76.54,8.99,351,12,6,17
2017-12-18,3124,39.72100000000001,10.97,352,12,0,18
2017-12-19,3124,36.2,10.97,353,12,1,19
2017-12-20,3124,79.65100000000001,8.98,354,12,2,20
2017-12-21,3124,50.81399999999999,8.98,355,12,3,21
2017-12-22,3124,39.55799999999999,8.98,356,12,4,22
2017-12-23,3124,113.25999999999998,8.98,357,12,5,23
2017-12-24,3124,142.48900000000003,8.98,358,12,6,24
2017-12-25,3124,0.0,8.98,359,12,0,25
2017-12-26,3124,36.598000000000006,10.97,360,12,1,26
2017-12-27,3124,77.12900000000002,8.99,361,12,2,27
2017-12-28,3124,71.27099999999999,8.99,362,12,3,28
2017-12-29,3124,42.691,10.97,363,12,4,29
2017-12-30,3124,61.74199999999999,10.97,364,12,5,30
2017-12-31,3124,169.13299999999998,10.97,365,12,6,31
2018-01-01,3124,0.0,10.97,1,1,0,1
2018-01-02,3124,15.732,10.97,2,1,1,2
2018-01-03,3124,57.59700000000001,9.89,3,1,2,3
2018-01-04,3124,44.073,9.89,4,1,3,4
2018-01-05,3124,51.43900000000001,9.97,5,1,4,5
2018-01-06,3124,69.19999999999999,9.97,6,1,5,6
2018-01-07,3124,63.44199999999999,9.97,7,1,6,7
2018-01-08,3124,23.892000000000007,10.97,8,1,0,8
2018-01-09,3124,36.73300000000001,10.97,9,1,1,9
2018-01-10,3124,62.09599999999998,9.89,10,1,2,10
2018-01-11,3124,66.67099999999999,9.89,11,1,3,11
2018-01-12,3124,60.926,8.79,12,1,4,12
2018-01-13,3124,73.42399999999995,8.79,13,1,5,13
2018-01-14,3124,75.544,8.79,14,1,6,14
2018-01-15,3124,35.21800000000001,10.97,15,1,0,15
2018-01-16,3124,24.040000000000003,10.97,16,1,1,16
2018-01-17,3124,52.691,9.99,17,1,2,17
2018-01-18,3124,40.29500000000001,9.99,18,1,3,18
2018-01-19,3124,39.262999999999984,10.97,19,1,4,19
2018-01-20,3124,57.06000000000001,10.97,20,1,5,20
2018-01-21,3124,61.05199999999999,10.97,21,1,6,21
2018-01-22,3124,31.125,10.97,22,1,0,22
2018-01-23,3124,38.094,10.97,23,1,1,23
2018-01-24,3124,77.88599999999998,9.99,24,1,2,24
2018-01-25,3124,81.93099999999997,9.99,25,1,3,25
2018-01-26,3124,46.45400000000001,9.99,26,1,4,26
2018-01-27,3124,44.698000000000015,9.99,27,1,5,27
2018-01-28,3124,53.566,9.99,28,1,6,28
2018-01-29,3124,23.930000000000007,9.99,29,1,0,29
2018-01-30,3124,34.606,9.99,30,1,1,30
2018-01-31,3124,55.78500000000001,9.95,31,1,2,31
2018-02-01,3124,78.08200000000001,9.95,32,2,3,1
2018-02-02,3124,44.39200000000001,9.99,33,2,4,2
2018-02-03,3124,54.25100000000001,9.99,34,2,5,3
2018-02-04,3124,78.48000000000002,9.99,35,2,6,4
2018-02-05,3124,37.862,9.99,36,2,0,5
2018-02-06,3124,38.774,9.99,37,2,1,6
2018-02-07,3124,81.085,9.95,38,2,2,7
2018-02-08,3124,79.96300000000001,9.95,39,2,3,8
2018-02-09,3124,50.322,9.99,40,2,4,9
2018-02-10,3124,108.454,9.99,41,2,5,10
2018-02-11,3124,47.31000000000002,9.99,42,2,6,11
2018-02-12,3124,45.001000000000005,9.99,43,2,0,12
2018-02-13,3124,48.92,9.99,44,2,1,13
2018-02-14,3124,33.739999999999995,9.99,45,2,2,14
2018-02-15,3124,54.895,9.99,46,2,3,15
2018-02-16,3124,33.32,9.99,47,2,4,16
2018-02-17,3124,52.133,9.99,48,2,5,17
2018-02-18,3124,38.655,9.99,49,2,6,18
2018-02-19,3124,35.45800000000002,9.99,50,2,0,19
2018-02-20,3124,38.722,9.99,51,2,1,20
2018-02-21,3124,81.74,9.99,52,2,2,21
2018-02-22,3124,47.28699999999999,9.99,53,2,3,22
2018-02-23,3124,62.26399999999997,9.99,54,2,4,23
