sales_curva_a.csv
date,item_nbr,unit_sales,price,day_of_year,month,day_of_week,day_of_month
2018-02-24,3124,54.44999999999998,9.99,55,2,5,24
2018-02-25,3124,77.16899999999998,9.99,56,2,6,25
2018-02-26,3124,37.162,9.99,57,2,0,26
2018-02-27,3124,33.82599999999999,9.99,58,2,1,27
2018-02-28,3124,14.742,9.99,59,2,2,28
2018-03-01,3124,65.68099999999998,9.98,60,3,3,1
2018-03-02,3124,63.79499999999999,9.98,61,3,4,2
2018-03-03,3124,89.824,9.98,62,3,5,3
2018-03-04,3124,64.25799999999998,9.98,63,3,6,4
2018-03-05,3124,0.0,9.98,64,3,0,5
2018-03-06,3124,24.834,9.99,65,3,1,6
2018-03-07,3124,45.641000000000005,9.99,66,3,2,7
2018-03-08,3124,67.39599999999999,9.99,67,3,3,8
2018-03-09,3124,56.414,9.99,68,3,4,9
2018-03-10,3124,66.874,9.99,69,3,5,10
2018-03-11,3124,69.692,9.99,70,3,6,11
2018-03-12,3124,32.54800000000001,9.99,71,3,0,12
2018-03-13,3124,15.451999999999998,9.99,72,3,1,13
2018-03-14,3124,21.599,8.99,73,3,2,14
2018-03-15,3124,73.302,8.99,74,3,3,15
2018-03-16,3124,50.512,9.99,75,3,4,16
2018-03-17,3124,63.918,9.99,76,3,5,17
2018-03-18,3124,58.652999999999984,9.99,77,3,6,18
2018-03-19,3124,43.95,9.99,78,3,0,19
2018-03-20,3124,50.37500000000001,9.99,79,3,1,20
2018-03-21,3124,82.521,7.99,80,3,2,21
2018-03-22,3124,92.83899999999998,7.99,81,3,3,22
2018-03-23,3124,28.774999999999995,9.99,82,3,4,23
2018-03-24,3124,58.67699999999997,7.99,83,3,5,24
2018-03-25,3124,67.48899999999998,7.99,84,3,6,25
2018-03-26,3124,31.015999999999995,9.99,85,3,0,26
2018-03-27,3124,33.35499999999999,9.99,86,3,1,27
2018-03-28,3124,63.68100000000001,7.99,87,3,2,28
2018-03-29,3124,68.413,7.99,88,3,3,29
2018-03-30,3124,29.518999999999995,9.99,89,3,4,30
2018-03-31,3124,41.4,9.99,90,3,5,31
2018-04-01,3124,61.155000000000015,9.99,91,4,6,1
2018-04-02,3124,18.872000000000003,9.99,92,4,0,2
2018-04-03,3124,24.212,9.99,93,4,1,3
2018-04-04,3124,85.55300000000003,7.99,94,4,2,4
2018-04-05,3124,93.09700000000002,7.99,95,4,3,5
2018-04-06,3124,56.93200000000001,9.99,96,4,4,6
2018-04-07,3124,53.51600000000001,9.99,97,4,5,7
2018-04-08,3124,35.278000000000006,9.99,98,4,6,8
2018-04-09,3124,27.027999999999995,9.99,99,4,0,9
2018-04-10,3124,30.024000000000004,9.99,100,4,1,10
2018-04-11,3124,78.39999999999999,7.99,101,4,2,11
2018-04-12,3124,64.27400000000002,7.99,102,4,3,12
2018-04-13,3124,30.338,9.99,103,4,4,13
2018-04-14,3124,34.392,9.99,104,4,5,14
2018-04-15,3124,36.084,9.99,105,4,6,15
2018-04-16,3124,35.768,9.99,106,4,0,16
2018-04-17,3124,25.986,9.99,107,4,1,17
2018-04-18,3124,77.17999999999998,7.99,108,4,2,18
2018-04-19,3124,81.42699999999999,7.99,109,4,3,19
2018-04-20,3124,42.55399999999999,9.99,110,4,4,20
2018-04-21,3124,80.23200000000003,7.99,111,4,5,21
2018-04-22,3124,54.444,7.99,112,4,6,22
2018-04-23,3124,23.054,10.97,113,4,0,23
2018-04-24,3124,24.982000000000003,10.97,114,4,1,24
2018-04-25,3124,74.817,7.99,115,4,2,25
2018-04-26,3124,88.462,7.95,116,4,3,26
2018-04-27,3124,41.372,7.95,117,4,4,27
2018-04-28,3124,57.465,7.95,118,4,5,28
2018-04-29,3124,63.66100000000001,7.95,119,4,6,29
2018-04-30,3124,77.28800000000003,7.95,120,4,0,30
2018-05-01,3124,67.21799999999999,10.97,121,5,1,1
2018-05-02,3124,4.666,7.99,122,5,2,2
2018-05-03,3124,98.26,7.99,123,5,3,3
2018-05-04,3124,38.441,9.99,124,5,4,4
2018-05-05,3124,54.31,9.99,125,5,5,5
2018-05-06,3124,47.31600000000001,9.99,126,5,6,6
2018-05-07,3124,26.591000000000005,9.98,127,5,0,7
2018-05-08,3124,47.290000000000006,9.98,128,5,1,8
2018-05-09,3124,100.09100000000004,7.99,129,5,2,9
2018-05-10,3124,89.721,7.99,130,5,3,10
2018-05-11,3124,50.36,7.99,131,5,4,11
2018-05-12,3124,91.46799999999996,7.99,132,5,5,12
2018-05-13,3124,29.777000000000005,7.99,133,5,6,13
2018-05-14,3124,33.034000000000006,9.98,134,5,0,14
2018-05-15,3124,34.048,9.98,135,5,1,15
2018-05-16,3124,93.282,7.99,136,5,2,16
2018-05-17,3124,81.03999999999999,7.99,137,5,3,17
2018-05-18,3124,28.692,9.98,138,5,4,18
2018-05-19,3124,34.901999999999994,9.98,139,5,5,19
2018-05-20,3124,35.728,9.98,140,5,6,20
2018-05-21,3124,31.65799999999999,9.98,141,5,0,21
2018-05-22,3124,33.058,9.98,142,5,1,22
2018-05-23,3124,75.32199999999997,7.99,143,5,2,23
2018-05-24,3124,100.35799999999998,7.99,144,5,3,24
2018-05-25,3124,51.25799999999999,7.99,145,5,4,25
2018-05-26,3124,49.83200000000001,7.99,146,5,5,26
2018-05-27,3124,61.481,7.99,147,5,6,27
2018-05-28,3124,38.535,7.99,148,5,0,28
2018-05-29,3124,32.17000000000001,7.99,149,5,1,29
2018-05-30,3124,92.69600000000004,7.99,150,5,2,30
2018-05-31,3124,81.71600000000002,7.99,151,5,3,31
2018-06-01,3124,57.54899999999997,9.98,152,6,4,1
2018-06-02,3124,55.52799999999999,9.98,153,6,5,2
2018-06-03,3124,48.59199999999999,9.98,154,6,6,3
2018-06-04,3124,38.13999999999999,9.98,155,6,0,4
2018-06-05,3124,62.882000000000005,9.98,156,6,1,5
2018-06-06,3124,67.61,9.99,157,6,2,6
2018-06-07,3124,54.28800000000001,9.99,158,6,3,7
2018-06-08,3124,33.852000000000004,9.98,159,6,4,8
2018-06-09,3124,63.43000000000001,9.98,160,6,5,9
2018-06-10,3124,49.900000000000006,9.98,161,6,6,10
2018-06-11,3124,25.502,9.98,162,6,0,11
2018-06-12,3124,46.93599999999999,9.98,163,6,1,12
2018-06-13,3124,71.07200000000002,9.99,164,6,2,13
2018-06-14,3124,57.902,9.99,165,6,3,14
2018-06-15,3124,40.57,9.99,166,6,4,15
2018-06-16,3124,63.39200000000001,9.99,167,6,5,16
2018-06-17,3124,72.30200000000004,9.99,168,6,6,17
2018-06-18,3124,0.0,9.99,169,6,0,18
2018-06-19,3124,1.006,9.98,170,6,1,19
2018-06-20,3124,63.337,9.99,171,6,2,20
2018-06-21,3124,65.54999999999998,9.99,172,6,3,21
2018-06-22,3124,51.51300000000001,8.49,173,6,4,22
2018-06-23,3124,67.03699999999999,8.49,174,6,5,23
2018-06-24,3124,67.461,8.49,175,6,6,24
2018-06-25,3124,44.28299999999999,9.98,176,6,0,25
2018-06-26,3124,42.75600000000001,9.98,177,6,1,26
2018-06-27,3124,69.63000000000001,9.99,178,6,2,27
2018-06-28,3124,7.886,9.99,179,6,3,28
2018-06-29,3124,0.95,9.98,180,6,4,29
2018-06-30,3124,81.90100000000001,8.99,181,6,5,30
2018-07-01,3124,12.981000000000002,8.99,182,7,6,1
2018-07-02,3124,0.0,8.99,183,7,0,2
2018-07-03,3124,38.1,9.98,184,7,1,3
2018-07-04,3124,71.68599999999999,9.99,185,7,2,4
2018-07-05,3124,65.938,9.99,186,7,3,5
2018-07-06,3124,27.585,9.98,187,7,4,6
2018-07-07,3124,35.07999999999999,9.98,188,7,5,7
2018-07-08,3124,68.86199999999998,9.98,189,7,6,8
2018-07-09,3124,25.345999999999997,9.98,190,7,0,9
2018-07-10,3124,44.69,9.98,191,7,1,10
2018-07-11,3124,84.07199999999996,9.99,192,7,2,11
2018-07-12,3124,73.192,9.99,193,7,3,12
2018-07-13,3124,50.438,9.98,194,7,4,13
2018-07-14,3124,57.74200000000001,9.98,195,7,5,14
2018-07-15,3124,57.31,9.98,196,7,6,15
2018-07-16,3124,39.61200000000001,9.98,197,7,0,16
2018-07-17,3124,37.24600000000001,9.98,198,7,1,17
2018-07-18,3124,61.692000000000014,9.99,199,7,2,18
2018-07-19,3124,61.28499999999999,9.99,200,7,3,19
2018-07-20,3124,54.317,8.99,201,7,4,20
2018-07-21,3124,61.463999999999984,7.89,202,7,5,21
2018-07-22,3124,57.314,7.89,203,7,6,22
2018-07-23,3124,54.06699999999999,7.89,204,7,0,23
2018-07-24,3124,32.716,11.99,205,7,1,24
2018-07-25,3124,60.25199999999999,9.99,206,7,2,25
2018-07-26,3124,61.58599999999999,9.99,207,7,3,26
2018-07-27,3124,36.01599999999999,9.99,208,7,4,27
2018-07-28,3124,66.83099999999999,7.99,209,7,5,28
2018-07-29,3124,48.31699999999999,7.99,210,7,6,29
2018-07-30,3124,36.437,11.99,211,7,0,30
2018-07-31,3124,28.678,11.99,212,7,1,31
2018-08-01,3124,94.28400000000003,8.99,213,8,2,1
2018-08-02,3124,75.70800000000001,8.99,214,8,3,2
2018-08-03,3124,29.445000000000004,11.99,215,8,4,3
2018-08-04,3124,39.808,11.99,216,8,5,4
2018-08-05,3124,31.143999999999995,11.99,217,8,6,5
2018-08-06,3124,17.324,11.99,218,8,0,6
2018-08-07,3124,28.586,11.99,219,8,1,7
2018-08-08,3124,66.16,8.99,220,8,2,8
2018-08-09,3124,89.36200000000001,8.99,221,8,3,9
2018-08-10,3124,24.639000000000006,11.99,222,8,4,10
2018-08-11,3124,71.40800000000002,7.99,223,8,5,11
2018-08-12,3124,63.09100000000001,7.99,224,8,6,12
2018-08-13,3124,18.245,11.99,225,8,0,13
2018-08-14,3124,16.477999999999998,11.99,226,8,1,14
2018-08-15,3124,74.04599999999999,8.99,227,8,2,15
2018-08-16,3124,54.14199999999999,7.89,228,8,3,16
2018-08-17,3124,35.114,7.89,229,8,4,17
2018-08-18,3124,48.88200000000001,7.89,230,8,5,18
2018-08-19,3124,50.025,7.89,231,8,6,19
2018-08-20,3124,26.04300000000001,11.99,232,8,0,20
2018-08-21,3124,25.076000000000004,11.99,233,8,1,21
2018-08-22,3124,58.253,8.99,234,8,2,22
2018-08-23,3124,52.559,8.99,235,8,3,23
2018-08-24,3124,25.837,8.99,236,8,4,24
2018-08-25,3124,58.84200000000001,8.99,237,8,5,25
2018-08-26,3124,60.427,8.99,238,8,6,26
2018-08-27,3124,27.112000000000005,11.99,239,8,0,27
2018-08-28,3124,25.91200000000001,11.99,240,8,1,28
2018-08-29,3124,65.217,8.99,241,8,2,29
2018-08-30,3124,49.17399999999999,8.99,242,8,3,30
2018-08-31,3124,44.66500000000001,11.99,243,8,4,31
2018-09-01,3124,63.319,9.98,244,9,5,1
2018-09-02,3124,59.03399999999999,7.89,245,9,6,2
2018-09-03,3124,44.86899999999999,9.98,246,9,0,3
2018-09-04,3124,13.336,9.98,247,9,1,4
2018-09-05,3124,104.19899999999996,8.89,248,9,2,5
2018-09-06,3124,83.951,7.98,249,9,3,6
2018-09-07,3124,59.992,7.98,250,9,4,7
2018-09-08,3124,41.479000000000006,7.98,251,9,5,8
2018-09-09,3124,3.158,7.98,252,9,6,9
2018-09-10,3124,0.0,7.98,253,9,0,10
2018-09-11,3124,0.0,7.98,254,9,1,11
2018-09-12,3124,25.781,8.99,255,9,2,12
2018-09-13,3124,121.39099999999996,6.99,256,9,3,13
2018-09-14,3124,78.23999999999998,6.99,257,9,4,14
2018-09-15,3124,76.34,6.99,258,9,5,15
2018-09-16,3124,85.29600000000003,6.99,259,9,6,16
2018-09-17,3124,42.341,9.98,260,9,0,17
2018-09-18,3124,29.202,9.98,261,9,1,18
2018-09-19,3124,81.17500000000003,8.99,262,9,2,19
2018-09-20,3124,71.14500000000001,8.99,263,9,3,20
2018-09-21,3124,65.534,6.99,264,9,4,21
2018-09-22,3124,94.735,6.99,265,9,5,22
2018-09-23,3124,83.984,6.99,266,9,6,23
2018-09-24,3124,32.331999999999994,9.98,267,9,0,24
2018-09-25,3124,32.37799999999999,9.98,268,9,1,25
2018-09-26,3124,53.84600000000001,8.99,269,9,2,26
2018-09-27,3124,49.10000000000001,8.99,270,9,3,27
2018-09-28,3124,38.46199999999999,7.99,271,9,4,28
2018-09-29,3124,72.38799999999998,7.99,272,9,5,29
2018-09-30,3124,56.82299999999998,7.99,273,9,6,30
2018-10-01,3124,55.519,9.98,274,10,0,1
2018-10-02,3124,41.29000000000001,9.98,275,10,1,2
2018-10-03,3124,57.749,8.98,276,10,2,3
2018-10-04,3124,67.021,8.98,277,10,3,4
2018-10-05,3124,44.957000000000015,7.99,278,10,4,5
2018-10-06,3124,57.40700000000001,7.99,279,10,5,6
2018-10-07,3124,16.201999999999998,7.99,280,10,6,7
2018-10-08,3124,31.631,9.98,281,10,0,8
2018-10-09,3124,39.303,9.98,282,10,1,9
2018-10-10,3124,62.437000000000005,8.99,283,10,2,10
2018-10-11,3124,54.294,8.99,284,10,3,11
2018-10-12,3124,58.292,7.99,285,10,4,12
2018-10-13,3124,56.414,9.98,286,10,5,13
2018-10-14,3124,34.544999999999995,7.79,287,10,6,14
2018-10-15,3124,32.032000000000004,9.98,288,10,0,15
2018-10-16,3124,46.89399999999999,9.98,289,10,1,16
2018-10-17,3124,65.439,8.99,290,10,2,17
2018-10-18,3124,56.42600000000001,8.99,291,10,3,18
2018-10-19,3124,40.95399999999999,9.98,292,10,4,19
2018-10-20,3124,36.046,9.9,293,10,5,20
2018-10-21,3124,36.377,9.9,294,10,6,21
2018-10-22,3124,29.263000000000005,9.98,295,10,0,22
2018-10-23,3124,29.936,9.98,296,10,1,23
2018-10-24,3124,43.96500000000001,8.99,297,10,2,24
2018-10-25,3124,46.14699999999999,8.99,298,10,3,25
2018-10-26,3124,37.378,9.98,299,10,4,26
2018-10-27,3124,73.326,7.99,300,10,5,27
2018-10-28,3124,38.674,7.99,301,10,6,28
2018-10-29,3124,0.0,7.99,302,10,0,29
2018-10-30,3124,29.928,9.98,303,10,1,30
2018-10-31,3124,81.538,8.99,304,10,2,31
2018-11-01,3124,87.531,8.99,305,11,3,1
2018-11-02,3124,55.091,9.98,306,11,4,2
2018-11-03,3124,37.557,9.98,307,11,5,3
2018-11-04,3124,42.34199999999999,9.98,308,11,6,4
2018-11-05,3124,41.776,9.98,309,11,0,5
2018-11-06,3124,42.672,9.98,310,11,1,6
2018-11-07,3124,62.183,8.99,311,11,2,7
2018-11-08,3124,56.87300000000002,8.99,312,11,3,8
2018-11-09,3124,42.118,9.98,313,11,4,9
2018-11-10,3124,74.20900000000002,9.98,314,11,5,10
2018-11-11,3124,64.76799999999999,9.98,315,11,6,11
2018-11-12,3124,36.50899999999999,9.98,316,11,0,12
2018-11-13,3124,34.279,9.98,317,11,1,13
2018-11-14,3124,51.756,8.99,318,11,2,14
2018-11-15,3124,72.44700000000003,8.99,319,11,3,15
2018-11-16,3124,38.207,9.98,320,11,4,16
2018-11-17,3124,46.53499999999999,9.98,321,11,5,17
2018-11-18,3124,48.913,9.98,322,11,6,18
2018-11-19,3124,39.445,9.98,323,11,0,19
2018-11-20,3124,42.06,9.98,324,11,1,20
2018-11-21,3124,61.48399999999998,8.99,325,11,2,21
2018-11-22,3124,57.03999999999998,8.99,326,11,3,22
2018-11-23,3124,33.153000000000006,9.98,327,11,4,23
2018-11-24,3124,54.46999999999999,9.98,328,11,5,24
2018-11-25,3124,36.393,9.98,329,11,6,25
2018-11-26,3124,41.479,9.98,330,11,0,26
2018-11-27,3124,40.53,9.98,331,11,1,27
2018-11-28,3124,67.25899999999999,8.99,332,11,2,28
2018-11-29,3124,60.14099999999999,8.99,333,11,3,29
2018-11-30,3124,42.26699999999999,9.98,334,11,4,30
2018-12-01,3124,63.28099999999999,9.98,335,12,5,1
2018-12-02,3124,68.36700000000002,9.98,336,12,6,2
2018-12-03,3124,45.76499999999999,9.98,337,12,0,3
2018-12-04,3124,42.53500000000002,9.98,338,12,1,4
2018-12-05,3124,39.624,8.99,339,12,2,5
2018-12-06,3124,84.49400000000001,8.99,340,12,3,6
2018-12-07,3124,60.74500000000002,9.98,341,12,4,7
2018-12-08,3124,43.40800000000001,9.98,342,12,5,8
2018-12-09,3124,41.88300000000001,9.98,343,12,6,9
2018-12-10,3124,32.74699999999999,9.98,344,12,0,10
2018-12-11,3124,42.24299999999999,9.98,345,12,1,11
2018-12-12,3124,41.964,8.99,346,12,2,12
2018-12-13,3124,41.00200000000002,8.99,347,12,3,13
2018-12-14,3124,42.073,9.98,348,12,4,14
2018-12-15,3124,43.334,9.98,349,12,5,15
2018-12-16,3124,52.03399999999998,9.98,350,12,6,16
2018-12-17,3124,34.856,9.98,351,12,0,17
2018-12-18,3124,37.86599999999999,9.98,352,12,1,18
2018-12-19,3124,87.70500000000003,8.99,353,12,2,19
2018-12-20,3124,66.56999999999998,8.99,354,12,3,20
2018-12-21,3124,39.714,9.98,355,12,4,21
2018-12-22,3124,46.79099999999999,9.98,356,12,5,22
2018-12-23,3124,50.16799999999999,9.98,357,12,6,23
2018-12-24,3124,63.43499999999999,9.98,358,12,0,24
2018-12-25,3124,0.0,9.98,359,12,1,25
2018-12-26,3124,43.49399999999999,9.98,360,12,2,26
2018-12-27,3124,56.584,8.99,361,12,3,27
2018-12-28,3124,39.82799999999999,8.99,362,12,4,28
2018-12-29,3124,67.22899999999998,8.99,363,12,5,29
2018-12-30,3124,86.257,8.99,364,12,6,30
2018-12-31,3124,131.907,8.99,365,12,0,31
2019-01-01,3124,0.0,8.99,1,1,1,1
2019-01-02,3124,59.31100000000001,9.98,2,1,2,2
2019-01-03,3124,46.00500000000001,11.99,3,1,3,3
2019-01-04,3124,35.524,9.49,4,1,4,4
2019-01-05,3124,53.06599999999999,9.49,5,1,5,5
2019-01-06,3124,30.705,9.49,6,1,6,6
2019-01-07,3124,0.0,9.49,7,1,0,7
2019-01-08,3124,0.0,9.49,8,1,1,8
2019-01-09,3124,0.0,9.49,9,1,2,9
2019-01-10,3124,25.889000000000003,8.99,10,1,3,10
2019-01-11,3124,40.37499999999999,11.99,11,1,4,11
2019-01-12,3124,21.098,11.99,12,1,5,12
2019-01-13,3124,29.697,11.99,13,1,6,13
2019-01-14,3124,20.122000000000003,11.99,14,1,0,14
2019-01-15,3124,25.283,11.99,15,1,1,15
2019-01-16,3124,79.419,8.99,16,1,2,16
2019-01-17,3124,72.75800000000001,8.99,17,1,3,17
2019-01-18,3124,21.193,11.99,18,1,4,18
2019-01-19,3124,32.861000000000004,11.99,19,1,5,19
2019-01-20,3124,24.948000000000004,11.99,20,1,6,20
2019-01-21,3124,19.251,11.99,21,1,0,21
2019-01-22,3124,34.36900000000001,11.99,22,1,1,22
2019-01-23,3124,59.673000000000016,8.99,23,1,2,23
2019-01-24,3124,56.108,8.99,24,1,3,24
2019-01-25,3124,22.762,9.98,25,1,4,25
2019-01-26,3124,40.255,9.98,26,1,5,26
2019-01-27,3124,40.747,9.98,27,1,6,27
2019-01-28,3124,33.155,11.99,28,1,0,28
2019-01-29,3124,21.104,11.99,29,1,1,29
2019-01-30,3124,45.886,9.99,30,1,2,30
2019-01-31,3124,52.04899999999999,9.99,31,1,3,31
2019-02-01,3124,33.95599999999999,11.99,32,2,4,1
2019-02-02,3124,43.03799999999999,9.98,33,2,5,2
2019-02-03,3124,38.92400000000001,9.98,34,2,6,3
2019-02-04,3124,35.398,11.99,35,2,0,4
2019-02-05,3124,30.133000000000013,11.99,36,2,1,5
2019-02-06,3124,60.97900000000001,9.89,37,2,2,6
2019-02-07,3124,59.163,9.89,38,2,3,7
2019-02-08,3124,34.38799999999999,9.99,39,2,4,8
2019-02-09,3124,37.62299999999999,9.99,40,2,5,9
2019-02-10,3124,44.99099999999999,9.99,41,2,6,10
2019-02-11,3124,27.437999999999995,11.99,42,2,0,11
2019-02-12,3124,17.007,11.99,43,2,1,12
2019-02-13,3124,44.43300000000001,8.99,44,2,2,13
2019-02-14,3124,58.52400000000002,8.99,45,2,3,14
2019-02-15,3124,21.482,11.99,46,2,4,15
2019-02-16,3124,43.57599999999999,8.99,47,2,5,16
2019-02-17,3124,41.826,8.99,48,2,6,17
2019-02-18,3124,50.347,8.49,49,2,0,18
2019-02-19,3124,58.83300000000001,8.49,50,2,1,19
2019-02-20,3124,67.519,8.49,51,2,2,20
2019-02-21,3124,60.99699999999999,8.49,52,2,3,21
2019-02-22,3124,40.472,8.49,53,2,4,22
2019-02-23,3124,53.333,8.49,54,2,5,23
2019-02-24,3124,40.75500000000001,8.49,55,2,6,24
2019-02-25,3124,18.49,11.99,56,2,0,25
2019-02-26,3124,27.773,11.99,57,2,1,26
2019-02-27,3124,67.03800000000001,8.99,58,2,2,27
2019-02-28,3124,83.64299999999996,8.99,59,2,3,28
2019-03-01,3124,73.59800000000001,8.99,60,3,4,1
2019-03-02,3124,83.48100000000002,8.99,61,3,5,2
2019-03-03,3124,52.565000000000005,8.99,62,3,6,3
2019-03-04,3124,26.937999999999995,8.99,63,3,0,4
2019-03-05,3124,49.98000000000001,8.99,64,3,1,5
2019-03-06,3124,9.132,8.99,65,3,2,6
2019-03-07,3124,23.548,8.99,66,3,3,7
2019-03-08,3124,61.08300000000001,7.99,67,3,4,8
2019-03-09,3124,81.694,7.99,68,3,5,9
2019-03-10,3124,57.661,7.99,69,3,6,10
2019-03-11,3124,45.583000000000006,7.99,70,3,0,11
2019-03-12,3124,54.878999999999984,7.99,71,3,1,12
2019-03-13,3124,53.15099999999998,7.99,72,3,2,13
2019-03-14,3124,48.74000000000001,7.99,73,3,3,14
2019-03-15,3124,58.888,7.99,74,3,4,15
2019-03-16,3124,61.582,7.99,75,3,5,16
2019-03-17,3124,77.009,7.99,76,3,6,17
2019-03-18,3124,25.827,11.99,77,3,0,18
2019-03-19,3124,32.519000000000005,11.99,78,3,1,19
2019-03-20,3124,55.452000000000005,8.99,79,3,2,20
2019-03-21,3124,34.151,8.99,80,3,3,21
2019-03-22,3124,21.422000000000004,11.99,81,3,4,22
2019-03-23,3124,5.011,11.99,82,3,5,23
2019-03-24,3124,25.248,11.99,83,3,6,24
2019-03-25,3124,30.528,11.99,84,3,0,25
2019-03-26,3124,32.66199999999999,11.99,85,3,1,26
2019-03-27,3124,39.026,11.99,86,3,2,27
2019-03-28,3124,34.25299999999999,11.99,87,3,3,28
2019-03-29,3124,41.86400000000001,8.99,88,3,4,29
