sales_curva_a.csv
date,item_nbr,unit_sales,price,day_of_year,month,day_of_week,day_of_month
2019-03-30,3124,51.09799999999999,8.99,89,3,5,30
2019-03-31,3124,63.43800000000001,8.99,90,3,6,31
2019-04-01,3124,23.905,11.99,91,4,0,1
2019-04-02,3124,30.33600000000001,11.99,92,4,1,2
2019-04-03,3124,63.975000000000016,8.98,93,4,2,3
2019-04-04,3124,66.67500000000003,8.98,94,4,3,4
2019-04-05,3124,74.22899999999997,7.99,95,4,4,5
2019-04-06,3124,73.48299999999998,7.99,96,4,5,6
2019-04-07,3124,78.18900000000002,7.99,97,4,6,7
2019-04-08,3124,2.202,11.99,98,4,0,8
2019-04-09,3124,0.0,11.99,99,4,1,9
2019-04-10,3124,12.64,8.99,100,4,2,10
2019-04-11,3124,57.94999999999998,8.99,101,4,3,11
2019-04-12,3124,39.22500000000001,11.99,102,4,4,12
2019-04-13,3124,32.892,11.99,103,4,5,13
2019-04-14,3124,38.03,11.99,104,4,6,14
2019-04-15,3124,25.992,11.99,105,4,0,15
2019-04-16,3124,21.954000000000004,11.99,106,4,1,16
2019-04-17,3124,41.172,8.99,107,4,2,17
2019-04-18,3124,42.27,8.99,108,4,3,18
2019-04-19,3124,15.652999999999995,9.49,109,4,4,19
2019-04-20,3124,35.383,9.49,110,4,5,20
2019-04-21,3124,38.92399999999999,9.49,111,4,6,21
2019-04-22,3124,24.388,11.99,112,4,0,22
2019-04-23,3124,34.50000000000001,11.99,113,4,1,23
2019-04-24,3124,79.755,8.99,114,4,2,24
2019-04-25,3124,46.091,8.99,115,4,3,25
2019-04-26,3124,33.712999999999994,9.99,116,4,4,26
2019-04-27,3124,40.318000000000005,9.99,117,4,5,27
2019-04-28,3124,32.88,9.99,118,4,6,28
2019-04-29,3124,23.2,11.99,119,4,0,29
2019-04-30,3124,32.57599999999999,11.99,120,4,1,30
2017-01-02,4022,44.59999999999999,8.59,2,1,0,2
2017-01-03,4022,36.38000000000001,8.79,3,1,1,3
2017-01-04,4022,27.68,8.79,4,1,2,4
2017-01-05,4022,21.620000000000008,8.79,5,1,3,5
2017-01-06,4022,22.56,8.99,6,1,4,6
2017-01-07,4022,31.74,8.68,7,1,5,7
2017-01-08,4022,13.895,8.68,8,1,6,8
2017-01-09,4022,24.34499999999999,8.68,9,1,0,9
2017-01-10,4022,31.195000000000004,8.68,10,1,1,10
2017-01-11,4022,18.96,8.68,11,1,2,11
2017-01-12,4022,17.179999999999996,8.68,12,1,3,12
2017-01-13,4022,18.895,8.59,13,1,4,13
2017-01-14,4022,14.185,8.59,14,1,5,14
2017-01-15,4022,19.155000000000005,8.59,15,1,6,15
2017-01-16,4022,26.765000000000008,7.99,16,1,0,16
2017-01-17,4022,24.925,7.99,17,1,1,17
2017-01-18,4022,19.665000000000006,7.99,18,1,2,18
2017-01-19,4022,10.245,7.99,19,1,3,19
2017-01-20,4022,13.935,8.19,20,1,4,20
2017-01-21,4022,13.685000000000002,8.19,21,1,5,21
2017-01-22,4022,8.290000000000001,8.19,22,1,6,22
2017-01-23,4022,21.360000000000003,8.59,23,1,0,23
2017-01-24,4022,33.22,8.59,24,1,1,24
2017-01-25,4022,11.61,8.59,25,1,2,25
2017-01-26,4022,17.32,8.59,26,1,3,26
2017-01-27,4022,26.825,8.59,27,1,4,27
2017-01-28,4022,25.850000000000005,8.59,28,1,5,28
2017-01-29,4022,16.735,8.59,29,1,6,29
2017-01-30,4022,29.58,8.59,30,1,0,30
2017-01-31,4022,28.86500000000001,8.59,31,1,1,31
2017-02-01,4022,31.24,8.59,32,2,2,1
2017-02-02,4022,30.01,7.99,33,2,3,2
2017-02-03,4022,17.545,7.99,34,2,4,3
2017-02-04,4022,28.395,7.99,35,2,5,4
2017-02-05,4022,23.910000000000004,7.99,36,2,6,5
2017-02-06,4022,50.53,7.99,37,2,0,6
2017-02-07,4022,44.66,8.19,38,2,1,7
2017-02-08,4022,18.48,8.19,39,2,2,8
2017-02-09,4022,14.815,8.19,40,2,3,9
2017-02-10,4022,20.579999999999995,7.99,41,2,4,10
2017-02-11,4022,24.460000000000008,5.99,42,2,5,11
2017-02-12,4022,48.715000000000025,5.99,43,2,6,12
2017-02-13,4022,87.0,5.49,44,2,0,13
2017-02-14,4022,71.85,5.49,45,2,1,14
2017-02-15,4022,38.715,6.29,46,2,2,15
2017-02-16,4022,24.639999999999997,6.29,47,2,3,16
2017-02-17,4022,22.324,6.29,48,2,4,17
2017-02-18,4022,25.485000000000003,6.49,49,2,5,18
2017-02-19,4022,18.26,6.49,50,2,6,19
2017-02-20,4022,71.13399999999999,4.85,51,2,0,20
2017-02-21,4022,93.374,4.85,52,2,1,21
2017-02-22,4022,23.3,6.49,53,2,2,22
2017-02-23,4022,22.745,6.49,54,2,3,23
2017-02-24,4022,42.09000000000001,5.99,55,2,4,24
2017-02-25,4022,59.23400000000002,5.99,56,2,5,25
2017-02-26,4022,26.785000000000007,5.99,57,2,6,26
2017-02-27,4022,60.55999999999999,4.49,58,2,0,27
2017-02-28,4022,68.90500000000002,4.49,59,2,1,28
2017-03-01,4022,48.80500000000001,6.29,60,3,2,1
2017-03-02,4022,24.84,6.29,61,3,3,2
2017-03-03,4022,35.84000000000001,5.28,62,3,4,3
2017-03-04,4022,37.645,5.28,63,3,5,4
2017-03-05,4022,34.53000000000002,5.28,64,3,6,5
2017-03-06,4022,99.57299999999994,3.88,65,3,0,6
2017-03-07,4022,123.64100000000003,3.88,66,3,1,7
2017-03-08,4022,39.38499999999999,5.28,67,3,2,8
2017-03-09,4022,31.855000000000008,5.28,68,3,3,9
2017-03-10,4022,21.94,5.28,69,3,4,10
2017-03-11,4022,30.354999999999997,5.28,70,3,5,11
2017-03-12,4022,29.205,5.79,71,3,6,12
2017-03-13,4022,89.77999999999996,4.09,72,3,0,13
2017-03-14,4022,73.33500000000001,4.09,73,3,1,14
2017-03-15,4022,19.705,4.99,74,3,2,15
2017-03-16,4022,24.838,4.95,75,3,3,16
2017-03-17,4022,23.935,4.95,76,3,4,17
2017-03-18,4022,34.33,4.95,77,3,5,18
2017-03-19,4022,34.044999999999995,4.95,78,3,6,19
2017-03-20,4022,92.72999999999996,4.09,79,3,0,20
2017-03-21,4022,89.91000000000003,4.09,80,3,1,21
2017-03-22,4022,29.834999999999997,4.95,81,3,2,22
2017-03-23,4022,27.755000000000003,4.95,82,3,3,23
2017-03-24,4022,22.83,4.18,83,3,4,24
2017-03-25,4022,36.73499999999999,4.18,84,3,5,25
2017-03-26,4022,26.24999999999999,4.18,85,3,6,26
2017-03-27,4022,94.97,3.89,86,3,0,27
2017-03-28,4022,102.88500000000003,3.89,87,3,1,28
2017-03-29,4022,41.98499999999999,4.95,88,3,2,29
2017-03-30,4022,31.88000000000001,4.99,89,3,3,30
2017-03-31,4022,42.29999999999999,4.99,90,3,4,31
2017-04-01,4022,56.73500000000001,4.99,91,4,5,1
2017-04-02,4022,57.90500000000001,4.99,92,4,6,2
2017-04-03,4022,156.365,3.59,93,4,0,3
2017-04-04,4022,139.15500000000003,3.59,94,4,1,4
2017-04-05,4022,38.90000000000001,5.19,95,4,2,5
2017-04-06,4022,27.035000000000004,5.19,96,4,3,6
2017-04-07,4022,39.84999999999999,5.19,97,4,4,7
2017-04-08,4022,49.585,5.49,98,4,5,8
2017-04-09,4022,30.88,5.49,99,4,6,9
2017-04-10,4022,137.04,3.79,100,4,0,10
2017-04-11,4022,113.26000000000002,3.79,101,4,1,11
2017-04-12,4022,28.190000000000005,5.49,102,4,2,12
2017-04-13,4022,49.82499999999998,5.49,103,4,3,13
2017-04-14,4022,30.50000000000001,5.49,104,4,4,14
2017-04-15,4022,27.820000000000004,5.49,105,4,5,15
2017-04-16,4022,24.890000000000004,5.49,106,4,6,16
2017-04-17,4022,117.24500000000006,3.58,107,4,0,17
2017-04-18,4022,106.79000000000002,3.58,108,4,1,18
2017-04-19,4022,34.51400000000001,5.49,109,4,2,19
2017-04-20,4022,37.42,5.49,110,4,3,20
2017-04-21,4022,47.48499999999999,5.19,111,4,4,21
2017-04-22,4022,48.205000000000034,5.19,112,4,5,22
2017-04-23,4022,33.57500000000001,5.19,113,4,6,23
2017-04-24,4022,88.65,3.87,114,4,0,24
2017-04-25,4022,135.745,3.87,115,4,1,25
2017-04-26,4022,30.665000000000017,5.19,116,4,2,26
2017-04-27,4022,41.21500000000001,5.19,117,4,3,27
2017-04-28,4022,44.105,4.79,118,4,4,28
2017-04-29,4022,50.205,4.99,119,4,5,29
2017-04-30,4022,56.32499999999997,4.99,120,4,6,30
2017-05-01,4022,0.0,4.99,121,5,0,1
2017-05-02,4022,136.78000000000006,3.98,122,5,1,2
2017-05-03,4022,84.41799999999999,3.98,123,5,2,3
2017-05-04,4022,39.675,4.99,124,5,3,4
2017-05-05,4022,43.99599999999999,4.99,125,5,4,5
2017-05-06,4022,52.12500000000001,4.99,126,5,5,6
2017-05-07,4022,40.93000000000003,4.99,127,5,6,7
2017-05-08,4022,116.78999999999998,3.75,128,5,0,8
2017-05-09,4022,112.36800000000004,3.75,129,5,1,9
2017-05-10,4022,42.72300000000002,4.99,130,5,2,10
2017-05-11,4022,32.99,4.99,131,5,3,11
2017-05-12,4022,29.97500000000001,5.19,132,5,4,12
2017-05-13,4022,44.535,5.19,133,5,5,13
2017-05-14,4022,38.355,5.19,134,5,6,14
2017-05-15,4022,119.08900000000004,3.69,135,5,0,15
2017-05-16,4022,122.707,3.69,136,5,1,16
2017-05-17,4022,31.750000000000007,5.19,137,5,2,17
2017-05-18,4022,28.4,5.19,138,5,3,18
2017-05-19,4022,18.380000000000003,5.19,139,5,4,19
2017-05-20,4022,45.89500000000001,5.19,140,5,5,20
2017-05-21,4022,28.682999999999996,5.19,141,5,6,21
2017-05-22,4022,57.360000000000014,5.19,142,5,0,22
2017-05-23,4022,62.60999999999999,4.99,143,5,1,23
2017-05-24,4022,34.251999999999995,4.99,144,5,2,24
2017-05-25,4022,40.532,5.09,145,5,3,25
2017-05-26,4022,28.27500000000001,4.98,146,5,4,26
2017-05-27,4022,33.853,5.29,147,5,5,27
2017-05-28,4022,30.68500000000001,5.29,148,5,6,28
2017-05-29,4022,46.166,5.29,149,5,0,29
2017-05-30,4022,72.34000000000003,4.97,150,5,1,30
2017-05-31,4022,45.64999999999999,4.97,151,5,2,31
2017-06-01,4022,56.08099999999999,5.19,152,6,3,1
2017-06-02,4022,25.83,5.19,153,6,4,2
2017-06-03,4022,45.96,4.95,154,6,5,3
2017-06-04,4022,47.30999999999997,4.95,155,6,6,4
2017-06-05,4022,65.79400000000003,4.95,156,6,0,5
2017-06-06,4022,64.79499999999997,4.95,157,6,1,6
2017-06-07,4022,25.36,4.95,158,6,2,7
2017-06-08,4022,21.224,4.99,159,6,3,8
2017-06-09,4022,31.228,4.95,160,6,4,9
2017-06-10,4022,45.14500000000001,4.95,161,6,5,10
2017-06-11,4022,26.317000000000004,4.95,162,6,6,11
2017-06-12,4022,60.515,4.95,163,6,0,12
2017-06-13,4022,48.62000000000001,4.95,164,6,1,13
2017-06-14,4022,22.97,4.95,165,6,2,14
2017-06-15,4022,38.94,4.95,166,6,3,15
2017-06-16,4022,25.41,5.19,167,6,4,16
2017-06-17,4022,32.160000000000004,5.19,168,6,5,17
2017-06-18,4022,37.77,5.19,169,6,6,18
2017-06-19,4022,54.69499999999999,4.69,170,6,0,19
2017-06-20,4022,57.63999999999999,4.69,171,6,1,20
2017-06-21,4022,29.809999999999995,4.69,172,6,2,21
2017-06-22,4022,24.575000000000003,4.99,173,6,3,22
2017-06-23,4022,23.84,4.99,174,6,4,23
2017-06-24,4022,36.56300000000001,4.99,175,6,5,24
2017-06-25,4022,34.35000000000001,4.99,176,6,6,25
2017-06-26,4022,85.92000000000004,3.98,177,6,0,26
2017-06-27,4022,95.55999999999996,3.98,178,6,1,27
2017-06-28,4022,34.299,4.99,179,6,2,28
2017-06-29,4022,25.744999999999997,4.99,180,6,3,29
2017-06-30,4022,26.31,4.79,181,6,4,30
2017-07-01,4022,48.90499999999999,4.79,182,7,5,1
2017-07-02,4022,32.76000000000001,4.79,183,7,6,2
2017-07-03,4022,74.505,4.79,184,7,0,3
2017-07-04,4022,68.72500000000001,4.79,185,7,1,4
2017-07-05,4022,36.355,4.79,186,7,2,5
2017-07-06,4022,33.410000000000004,4.79,187,7,3,6
2017-07-07,4022,30.67500000000001,3.59,188,7,4,7
2017-07-08,4022,40.78,3.59,189,7,5,8
2017-07-09,4022,39.31499999999999,3.59,190,7,6,9
2017-07-10,4022,131.52999999999997,2.98,191,7,0,10
2017-07-11,4022,125.235,2.98,192,7,1,11
2017-07-12,4022,42.87500000000001,3.59,193,7,2,12
2017-07-13,4022,27.430000000000007,3.59,194,7,3,13
2017-07-14,4022,37.44499999999999,3.59,195,7,4,14
2017-07-15,4022,48.02499999999998,3.59,196,7,5,15
2017-07-16,4022,24.595,3.59,197,7,6,16
2017-07-17,4022,57.83999999999999,2.98,198,7,0,17
2017-07-18,4022,48.23,2.98,199,7,1,18
2017-07-19,4022,19.095,4.79,200,7,2,19
2017-07-20,4022,18.445,4.79,201,7,3,20
2017-07-21,4022,34.02000000000001,3.79,202,7,4,21
2017-07-22,4022,33.745,3.79,203,7,5,22
2017-07-23,4022,25.06,3.79,204,7,6,23
2017-07-24,4022,77.78000000000002,3.09,205,7,0,24
2017-07-25,4022,76.57500000000002,3.09,206,7,1,25
2017-07-26,4022,22.12,3.79,207,7,2,26
2017-07-27,4022,19.525,3.79,208,7,3,27
2017-07-28,4022,17.945,3.79,209,7,4,28
2017-07-29,4022,22.565000000000005,3.79,210,7,5,29
2017-07-30,4022,17.850000000000005,3.79,211,7,6,30
2017-07-31,4022,57.87999999999998,3.99,212,7,0,31
2017-08-01,4022,28.455,3.99,213,8,1,1
2017-08-02,4022,28.977000000000004,4.48,214,8,2,2
2017-08-03,4022,21.925,4.79,215,8,3,3
2017-08-04,4022,28.83,4.59,216,8,4,4
2017-08-05,4022,32.209999999999994,4.59,217,8,5,5
2017-08-06,4022,30.2,4.59,218,8,6,6
2017-08-07,4022,51.6,4.59,219,8,0,7
2017-08-08,4022,44.55,4.59,220,8,1,8
2017-08-09,4022,17.009999999999998,4.59,221,8,2,9
2017-08-10,4022,24.390000000000008,5.69,222,8,3,10
2017-08-11,4022,22.530000000000005,5.39,223,8,4,11
2017-08-12,4022,34.905,4.99,224,8,5,12
2017-08-13,4022,25.51000000000001,4.99,225,8,6,13
2017-08-14,4022,53.09,4.99,226,8,0,14
2017-08-15,4022,77.66500000000002,4.99,227,8,1,15
2017-08-16,4022,28.64,4.99,228,8,2,16
2017-08-17,4022,29.9,4.99,229,8,3,17
2017-08-18,4022,26.290000000000003,4.99,230,8,4,18
2017-08-19,4022,41.67500000000001,5.19,231,8,5,19
2017-08-20,4022,35.895,5.19,232,8,6,20
2017-08-21,4022,52.325,5.19,233,8,0,21
2017-08-22,4022,56.805,5.19,234,8,1,22
2017-08-23,4022,19.12,5.19,235,8,2,23
2017-08-24,4022,27.42500000000001,5.39,236,8,3,24
2017-08-25,4022,32.18,5.29,237,8,4,25
2017-08-26,4022,35.105,5.29,238,8,5,26
2017-08-27,4022,32.44,5.29,239,8,6,27
2017-08-28,4022,63.040000000000006,4.99,240,8,0,28
2017-08-29,4022,47.63499999999998,4.99,241,8,1,29
2017-08-30,4022,25.544999999999995,4.99,242,8,2,30
2017-08-31,4022,39.30000000000001,4.99,243,8,3,31
2017-09-01,4022,36.145,5.18,244,9,4,1
2017-09-02,4022,40.07500000000001,5.29,245,9,5,2
2017-09-03,4022,31.050000000000004,5.29,246,9,6,3
2017-09-04,4022,67.255,5.29,247,9,0,4
2017-09-05,4022,60.32000000000001,5.29,248,9,1,5
2017-09-06,4022,33.559999999999995,5.29,249,9,2,6
2017-09-07,4022,25.055,5.29,250,9,3,7
2017-09-08,4022,21.865,5.29,251,9,4,8
2017-09-09,4022,28.04,5.29,252,9,5,9
2017-09-10,4022,29.51,5.29,253,9,6,10
2017-09-11,4022,64.80000000000001,3.98,254,9,0,11
2017-09-12,4022,75.695,3.98,255,9,1,12
2017-09-13,4022,19.795,5.29,256,9,2,13
2017-09-14,4022,18.21,5.29,257,9,3,14
2017-09-15,4022,21.65000000000001,4.89,258,9,4,15
2017-09-16,4022,18.54,4.89,259,9,5,16
2017-09-17,4022,26.835000000000004,4.89,260,9,6,17
2017-09-18,4022,81.775,3.49,261,9,0,18
2017-09-19,4022,74.65499999999999,3.49,262,9,1,19
2017-09-20,4022,26.385,4.89,263,9,2,20
2017-09-21,4022,20.38,4.89,264,9,3,21
2017-09-22,4022,19.65,4.89,265,9,4,22
2017-09-23,4022,37.185,4.89,266,9,5,23
2017-09-24,4022,27.630000000000003,4.89,267,9,6,24
2017-09-25,4022,108.94900000000004,3.59,268,9,0,25
2017-09-26,4022,105.15500000000004,3.59,269,9,1,26
2017-09-27,4022,22.055000000000003,4.89,270,9,2,27
2017-09-28,4022,21.855,5.49,271,9,3,28
2017-09-29,4022,30.915,4.89,272,9,4,29
2017-09-30,4022,34.05500000000001,4.89,273,9,5,30
2017-10-01,4022,48.67999999999998,4.89,274,10,6,1
2017-10-02,4022,73.52500000000003,4.99,275,10,0,2
2017-10-03,4022,54.275,4.99,276,10,1,3
2017-10-04,4022,24.01000000000001,5.19,277,10,2,4
2017-10-05,4022,25.19,5.19,278,10,3,5
2017-10-06,4022,30.78,5.19,279,10,4,6
2017-10-07,4022,25.770000000000003,4.97,280,10,5,7
2017-10-08,4022,24.07,4.97,281,10,6,8
2017-10-09,4022,77.11499999999997,3.88,282,10,0,9
2017-10-10,4022,63.295,3.88,283,10,1,10
2017-10-11,4022,31.055000000000003,4.97,284,10,2,11
2017-10-12,4022,23.4,4.97,285,10,3,12
2017-10-13,4022,20.334999999999997,4.79,286,10,4,13
2017-10-14,4022,29.94000000000001,4.79,287,10,5,14
2017-10-15,4022,19.13,4.79,288,10,6,15
2017-10-16,4022,49.89,4.79,289,10,0,16
2017-10-17,4022,35.89000000000001,4.79,290,10,1,17
2017-10-18,4022,19.895000000000007,4.79,291,10,2,18
2017-10-19,4022,15.520000000000003,4.79,292,10,3,19
2017-10-20,4022,28.855000000000008,5.29,293,10,4,20
2017-10-21,4022,37.595000000000006,5.29,294,10,5,21
2017-10-22,4022,27.025000000000013,5.29,295,10,6,22
2017-10-23,4022,59.05500000000001,3.89,296,10,0,23
2017-10-24,4022,84.82499999999997,3.89,297,10,1,24
2017-10-25,4022,29.315,5.29,298,10,2,25
2017-10-26,4022,20.555,5.29,299,10,3,26
2017-10-27,4022,19.950000000000006,5.29,300,10,4,27
2017-10-28,4022,32.585,5.29,301,10,5,28
2017-10-29,4022,17.355,5.29,302,10,6,29
2017-10-30,4022,58.240000000000016,4.19,303,10,0,30
2017-10-31,4022,80.46499999999999,4.19,304,10,1,31
2017-11-01,4022,35.93,5.29,305,11,2,1
2017-11-02,4022,43.470000000000006,5.29,306,11,3,2
2017-11-03,4022,22.665000000000017,5.29,307,11,4,3
2017-11-04,4022,28.64,5.29,308,11,5,4
2017-11-05,4022,25.82,5.29,309,11,6,5
2017-11-06,4022,78.11000000000003,3.89,310,11,0,6
2017-11-07,4022,82.75000000000004,3.89,311,11,1,7
2017-11-08,4022,32.040000000000006,5.29,312,11,2,8
2017-11-09,4022,18.165000000000003,5.29,313,11,3,9
2017-11-10,4022,17.86,5.29,314,11,4,10
2017-11-11,4022,19.45500000000001,5.29,315,11,5,11
2017-11-12,4022,16.69,5.29,316,11,6,12
2017-11-13,4022,45.884999999999984,5.29,317,11,0,13
2017-11-14,4022,40.085,5.29,318,11,1,14
2017-11-15,4022,17.215,5.29,319,11,2,15
2017-11-16,4022,16.929999999999996,5.29,320,11,3,16
2017-11-17,4022,13.185,5.17,321,11,4,17
2017-11-18,4022,26.62,5.17,322,11,5,18
2017-11-19,4022,24.4,5.17,323,11,6,19
2017-11-20,4022,64.79000000000005,3.99,324,11,0,20
2017-11-21,4022,84.05499999999999,3.99,325,11,1,21
2017-11-22,4022,21.175,5.17,326,11,2,22
2017-11-23,4022,21.34,5.17,327,11,3,23
2017-11-24,4022,18.535000000000004,4.98,328,11,4,24
2017-11-25,4022,33.58,4.98,329,11,5,25
2017-11-26,4022,22.26,4.98,330,11,6,26
2017-11-27,4022,56.524999999999984,4.98,331,11,0,27
2017-11-28,4022,57.12,4.98,332,11,1,28
2017-11-29,4022,24.59,4.98,333,11,2,29
2017-11-30,4022,26.72,5.49,334,11,3,30
2017-12-01,4022,35.154999999999994,5.49,335,12,4,1
2017-12-02,4022,43.81,5.49,336,12,5,2
2017-12-03,4022,40.09,4.98,337,12,6,3
2017-12-04,4022,72.175,3.99,338,12,0,4
2017-12-05,4022,78.18999999999997,3.99,339,12,1,5
2017-12-06,4022,31.519999999999992,4.98,340,12,2,6
2017-12-07,4022,26.865,4.98,341,12,3,7
2017-12-08,4022,25.419999999999995,4.98,342,12,4,8
2017-12-09,4022,20.565,4.98,343,12,5,9
2017-12-10,4022,24.585,5.39,344,12,6,10
2017-12-11,4022,70.56499999999998,3.99,345,12,0,11
2017-12-12,4022,57.570000000000014,3.99,346,12,1,12
2017-12-13,4022,22.4,5.39,347,12,2,13
2017-12-14,4022,17.61,5.39,348,12,3,14
2017-12-15,4022,25.984999999999992,5.39,349,12,4,15
2017-12-16,4022,27.05,5.39,350,12,5,16
2017-12-17,4022,30.74,5.39,351,12,6,17
2017-12-18,4022,34.105,5.39,352,12,0,18
2017-12-19,4022,31.52,5.39,353,12,1,19
2017-12-20,4022,20.685,5.39,354,12,2,20
2017-12-21,4022,21.32,5.39,355,12,3,21
2017-12-22,4022,27.37,5.49,356,12,4,22
2017-12-23,4022,46.53000000000001,5.29,357,12,5,23
2017-12-24,4022,52.376,5.29,358,12,6,24
2017-12-25,4022,0.0,5.29,359,12,0,25
2017-12-26,4022,52.81000000000002,5.69,360,12,1,26
2017-12-27,4022,22.545,5.69,361,12,2,27
2017-12-28,4022,23.77,5.89,362,12,3,28
2017-12-29,4022,26.705000000000005,5.89,363,12,4,29
2017-12-30,4022,63.64,5.89,364,12,5,30
2017-12-31,4022,55.995000000000005,5.89,365,12,6,31
2018-01-01,4022,0.0,5.89,1,1,0,1
2018-01-02,4022,58.76499999999999,5.89,2,1,1,2
2018-01-03,4022,45.15500000000001,5.89,3,1,2,3
2018-01-04,4022,31.790000000000006,6.99,4,1,3,4
2018-01-05,4022,28.09999999999999,6.99,5,1,4,5
2018-01-06,4022,31.325,6.99,6,1,5,6
