sales_curva_a.csv
date,item_nbr,unit_sales,price,day_of_year,month,day_of_week,day_of_month
2018-01-07,4022,31.37,6.99,7,1,6,7
2018-01-08,4022,68.558,6.99,8,1,0,8
2018-01-09,4022,56.50500000000002,6.99,9,1,1,9
2018-01-10,4022,25.47,6.99,10,1,2,10
2018-01-11,4022,27.544999999999995,6.99,11,1,3,11
2018-01-12,4022,30.585,6.29,12,1,4,12
2018-01-13,4022,34.855,6.29,13,1,5,13
2018-01-14,4022,34.53499999999999,6.29,14,1,6,14
2018-01-15,4022,58.399999999999984,6.79,15,1,0,15
2018-01-16,4022,50.59,6.79,16,1,1,16
2018-01-17,4022,38.565000000000005,6.79,17,1,2,17
2018-01-18,4022,27.065,6.79,18,1,3,18
2018-01-19,4022,29.870000000000005,5.99,19,1,4,19
2018-01-20,4022,38.795,5.99,20,1,5,20
2018-01-21,4022,26.265000000000004,5.99,21,1,6,21
2018-01-22,4022,57.61499999999998,3.89,22,1,0,22
2018-01-23,4022,63.48499999999999,3.89,23,1,1,23
2018-01-24,4022,9.54,5.99,24,1,2,24
2018-01-25,4022,13.054999999999998,4.99,25,1,3,25
2018-01-26,4022,20.61,4.69,26,1,4,26
2018-01-27,4022,12.199999999999998,4.69,27,1,5,27
2018-01-28,4022,20.025,4.69,28,1,6,28
2018-01-29,4022,25.1,4.69,29,1,0,29
2018-01-30,4022,20.385,4.69,30,1,1,30
2018-01-31,4022,34.86500000000001,5.99,31,1,2,31
2018-02-01,4022,45.93,6.49,32,2,3,1
2018-02-02,4022,22.945,6.79,33,2,4,2
2018-02-03,4022,37.87500000000001,6.79,34,2,5,3
2018-02-04,4022,44.42,6.79,35,2,6,4
2018-02-05,4022,36.318000000000005,6.79,36,2,0,5
2018-02-06,4022,42.48899999999999,6.79,37,2,1,6
2018-02-07,4022,24.680000000000003,6.79,38,2,2,7
2018-02-08,4022,24.24,6.79,39,2,3,8
2018-02-09,4022,18.259999999999994,6.89,40,2,4,9
2018-02-10,4022,36.1,6.89,41,2,5,10
2018-02-11,4022,21.410000000000007,6.89,42,2,6,11
2018-02-12,4022,29.219999999999995,5.99,43,2,0,12
2018-02-13,4022,39.41,5.99,44,2,1,13
2018-02-14,4022,24.13000000000001,5.99,45,2,2,14
2018-02-15,4022,31.545000000000005,5.99,46,2,3,15
2018-02-16,4022,23.355000000000004,5.99,47,2,4,16
2018-02-17,4022,24.98,5.99,48,2,5,17
2018-02-18,4022,28.755000000000003,5.99,49,2,6,18
2018-02-19,4022,62.795,4.49,50,2,0,19
2018-02-20,4022,73.27499999999999,4.49,51,2,1,20
2018-02-21,4022,27.075000000000006,5.99,52,2,2,21
2018-02-22,4022,16.135,5.99,53,2,3,22
2018-02-23,4022,21.82,5.39,54,2,4,23
2018-02-24,4022,31.865,5.39,55,2,5,24
2018-02-25,4022,24.88999999999999,5.39,56,2,6,25
2018-02-26,4022,40.875000000000014,5.99,57,2,0,26
2018-02-27,4022,52.46499999999999,4.99,58,2,1,27
2018-02-28,4022,32.58500000000001,4.99,59,2,2,28
2018-03-01,4022,44.725,5.99,60,3,3,1
2018-03-02,4022,32.13999999999999,5.49,61,3,4,2
2018-03-03,4022,39.13000000000001,5.49,62,3,5,3
2018-03-04,4022,34.03,5.49,63,3,6,4
2018-03-05,4022,97.22,3.79,64,3,0,5
2018-03-06,4022,98.17,3.79,65,3,1,6
2018-03-07,4022,29.82999999999999,5.49,66,3,2,7
2018-03-08,4022,19.67,5.49,67,3,3,8
2018-03-09,4022,18.915,5.99,68,3,4,9
2018-03-10,4022,31.16,5.99,69,3,5,10
2018-03-11,4022,34.525,5.99,70,3,6,11
2018-03-12,4022,47.38000000000002,4.99,71,3,0,12
2018-03-13,4022,67.06,4.99,72,3,1,13
2018-03-14,4022,27.235,4.99,73,3,2,14
2018-03-15,4022,32.155,5.39,74,3,3,15
2018-03-16,4022,36.00000000000001,5.39,75,3,4,16
2018-03-17,4022,47.43500000000002,5.39,76,3,5,17
2018-03-18,4022,23.69,5.39,77,3,6,18
2018-03-19,4022,86.07999999999998,3.48,78,3,0,19
2018-03-20,4022,122.06,3.48,79,3,1,20
2018-03-21,4022,22.890000000000004,5.49,80,3,2,21
2018-03-22,4022,34.296,5.49,81,3,3,22
2018-03-23,4022,32.90999999999999,5.49,82,3,4,23
2018-03-24,4022,34.61500000000001,5.49,83,3,5,24
2018-03-25,4022,40.445,5.49,84,3,6,25
2018-03-26,4022,81.85000000000004,3.49,85,3,0,26
2018-03-27,4022,92.30000000000004,3.49,86,3,1,27
2018-03-28,4022,26.16,5.49,87,3,2,28
2018-03-29,4022,39.62499999999999,5.49,88,3,3,29
2018-03-30,4022,24.565000000000005,5.49,89,3,4,30
2018-03-31,4022,37.82999999999999,5.49,90,3,5,31
2018-04-01,4022,34.275,5.49,91,4,6,1
2018-04-02,4022,89.71000000000001,3.49,92,4,0,2
2018-04-03,4022,103.69499999999996,3.49,93,4,1,3
2018-04-04,4022,26.585000000000004,5.49,94,4,2,4
2018-04-05,4022,24.555,5.49,95,4,3,5
2018-04-06,4022,39.26500000000001,5.49,96,4,4,6
2018-04-07,4022,39.38,5.49,97,4,5,7
2018-04-08,4022,28.555,5.49,98,4,6,8
2018-04-09,4022,54.71999999999996,4.99,99,4,0,9
2018-04-10,4022,51.095,4.99,100,4,1,10
2018-04-11,4022,36.955000000000005,4.99,101,4,2,11
2018-04-12,4022,24.139999999999997,4.99,102,4,3,12
2018-04-13,4022,30.550000000000004,4.99,103,4,4,13
2018-04-14,4022,44.67,5.29,104,4,5,14
2018-04-15,4022,34.45,5.29,105,4,6,15
2018-04-16,4022,51.75500000000002,4.59,106,4,0,16
2018-04-17,4022,52.055,4.59,107,4,1,17
2018-04-18,4022,33.965,4.57,108,4,2,18
2018-04-19,4022,19.770000000000003,4.57,109,4,3,19
2018-04-20,4022,31.07,4.19,110,4,4,20
2018-04-21,4022,40.53,4.19,111,4,5,21
2018-04-22,4022,36.035,4.39,112,4,6,22
2018-04-23,4022,65.94,3.69,113,4,0,23
2018-04-24,4022,69.23499999999999,3.69,114,4,1,24
2018-04-25,4022,23.380000000000003,4.49,115,4,2,25
2018-04-26,4022,21.305000000000007,5.49,116,4,3,26
2018-04-27,4022,31.94500000000001,5.49,117,4,4,27
2018-04-28,4022,35.263,5.49,118,4,5,28
2018-04-29,4022,28.305,5.49,119,4,6,29
2018-04-30,4022,86.38000000000004,3.79,120,4,0,30
2018-05-01,4022,59.715,3.79,121,5,1,1
2018-05-02,4022,34.864999999999995,4.99,122,5,2,2
2018-05-03,4022,31.285,5.69,123,5,3,3
2018-05-04,4022,29.915000000000003,5.69,124,5,4,4
2018-05-05,4022,32.730000000000004,5.69,125,5,5,5
2018-05-06,4022,36.16,4.99,126,5,6,6
2018-05-07,4022,104.28000000000004,3.79,127,5,0,7
2018-05-08,4022,83.99500000000002,3.79,128,5,1,8
2018-05-09,4022,30.12,4.99,129,5,2,9
2018-05-10,4022,22.070000000000004,4.99,130,5,3,10
2018-05-11,4022,20.360000000000003,4.99,131,5,4,11
2018-05-12,4022,27.890000000000008,4.99,132,5,5,12
2018-05-13,4022,20.745,4.99,133,5,6,13
2018-05-14,4022,48.2,4.99,134,5,0,14
2018-05-15,4022,42.31999999999999,4.99,135,5,1,15
2018-05-16,4022,30.095,4.99,136,5,2,16
2018-05-17,4022,24.219999999999995,4.99,137,5,3,17
2018-05-18,4022,26.237000000000005,4.99,138,5,4,18
2018-05-19,4022,33.12000000000001,4.99,139,5,5,19
2018-05-20,4022,31.274999999999995,4.99,140,5,6,20
2018-05-21,4022,76.995,4.99,141,5,0,21
2018-05-22,4022,55.259999999999984,4.99,142,5,1,22
2018-05-23,4022,33.07,4.99,143,5,2,23
2018-05-24,4022,26.7,5.98,144,5,3,24
2018-05-25,4022,29.004999999999992,5.98,145,5,4,25
2018-05-26,4022,34.03500000000001,5.98,146,5,5,26
2018-05-27,4022,22.075000000000003,5.98,147,5,6,27
2018-05-28,4022,40.51000000000002,5.98,148,5,0,28
2018-05-29,4022,29.290000000000006,5.98,149,5,1,29
2018-05-30,4022,30.139999999999997,5.98,150,5,2,30
2018-05-31,4022,38.12,5.98,151,5,3,31
2018-06-01,4022,38.255,6.29,152,6,4,1
2018-06-02,4022,40.370000000000005,6.29,153,6,5,2
2018-06-03,4022,33.94,6.29,154,6,6,3
2018-06-04,4022,47.56499999999999,6.29,155,6,0,4
2018-06-05,4022,53.619999999999976,6.29,156,6,1,5
2018-06-06,4022,27.25,6.29,157,6,2,6
2018-06-07,4022,33.12500000000001,5.29,158,6,3,7
2018-06-08,4022,22.72500000000001,5.29,159,6,4,8
2018-06-09,4022,34.49000000000001,5.39,160,6,5,9
2018-06-10,4022,30.714999999999996,6.29,161,6,6,10
2018-06-11,4022,41.68500000000002,5.49,162,6,0,11
2018-06-12,4022,38.44000000000001,5.49,163,6,1,12
2018-06-13,4022,18.065,5.49,164,6,2,13
2018-06-14,4022,22.685,5.49,165,6,3,14
2018-06-15,4022,28.005000000000003,5.49,166,6,4,15
2018-06-16,4022,30.357000000000003,5.49,167,6,5,16
2018-06-17,4022,25.895000000000003,5.49,168,6,6,17
2018-06-18,4022,73.03500000000001,4.49,169,6,0,18
2018-06-19,4022,59.38,4.49,170,6,1,19
2018-06-20,4022,26.73,5.99,171,6,2,20
2018-06-21,4022,16.3,5.99,172,6,3,21
2018-06-22,4022,26.915,5.99,173,6,4,22
2018-06-23,4022,21.285000000000004,5.49,174,6,5,23
2018-06-24,4022,23.120000000000005,5.49,175,6,6,24
2018-06-25,4022,43.05499999999999,5.49,176,6,0,25
2018-06-26,4022,44.19000000000001,5.49,177,6,1,26
2018-06-27,4022,27.904999999999998,4.89,178,6,2,27
2018-06-28,4022,26.515,4.89,179,6,3,28
2018-06-29,4022,29.864999999999995,4.89,180,6,4,29
2018-06-30,4022,33.184999999999995,5.49,181,6,5,30
2018-07-01,4022,38.49,5.49,182,7,6,1
2018-07-02,4022,69.445,5.49,183,7,0,2
2018-07-03,4022,61.65499999999999,5.49,184,7,1,3
2018-07-04,4022,42.275000000000006,5.49,185,7,2,4
2018-07-05,4022,32.42500000000001,5.49,186,7,3,5
2018-07-06,4022,30.125,5.49,187,7,4,6
2018-07-07,4022,27.195,5.49,188,7,5,7
2018-07-08,4022,28.005,5.49,189,7,6,8
2018-07-09,4022,61.71000000000003,4.59,190,7,0,9
2018-07-10,4022,57.80999999999997,4.59,191,7,1,10
2018-07-11,4022,16.500000000000004,5.49,192,7,2,11
2018-07-12,4022,24.05,5.49,193,7,3,12
2018-07-13,4022,26.06,5.49,194,7,4,13
2018-07-14,4022,24.09499999999999,5.49,195,7,5,14
2018-07-15,4022,26.37,5.49,196,7,6,15
2018-07-16,4022,23.290000000000006,5.49,197,7,0,16
2018-07-17,4022,33.545,5.49,198,7,1,17
2018-07-18,4022,17.13,5.49,199,7,2,18
2018-07-19,4022,20.415,5.99,200,7,3,19
2018-07-20,4022,18.805,5.99,201,7,4,20
2018-07-21,4022,24.665,5.99,202,7,5,21
2018-07-22,4022,26.45,5.99,203,7,6,22
2018-07-23,4022,82.27,3.99,204,7,0,23
2018-07-24,4022,95.00500000000004,3.99,205,7,1,24
2018-07-25,4022,31.259999999999994,5.99,206,7,2,25
2018-07-26,4022,28.254999999999992,5.99,207,7,3,26
2018-07-27,4022,22.424999999999997,4.99,208,7,4,27
2018-07-28,4022,30.36,4.99,209,7,5,28
2018-07-29,4022,18.72,4.99,210,7,6,29
2018-07-30,4022,46.12499999999999,4.99,211,7,0,30
2018-07-31,4022,52.66499999999998,4.99,212,7,1,31
2018-08-01,4022,53.58999999999999,4.99,213,8,2,1
2018-08-02,4022,38.465,4.99,214,8,3,2
2018-08-03,4022,25.365,4.99,215,8,4,3
2018-08-04,4022,30.129999999999995,4.99,216,8,5,4
2018-08-05,4022,34.205,4.99,217,8,6,5
2018-08-06,4022,60.36499999999999,3.99,218,8,0,6
2018-08-07,4022,109.87500000000009,3.99,219,8,1,7
2018-08-08,4022,24.14999999999999,4.99,220,8,2,8
2018-08-09,4022,20.375,4.99,221,8,3,9
2018-08-10,4022,19.015,5.99,222,8,4,10
2018-08-11,4022,26.415,3.99,223,8,5,11
2018-08-12,4022,27.43999999999999,3.99,224,8,6,12
2018-08-13,4022,55.370000000000026,3.59,225,8,0,13
2018-08-14,4022,48.285,3.59,226,8,1,14
2018-08-15,4022,21.555000000000003,5.99,227,8,2,15
2018-08-16,4022,14.154999999999998,5.99,228,8,3,16
2018-08-17,4022,16.995,5.99,229,8,4,17
2018-08-18,4022,26.324999999999992,5.99,230,8,5,18
2018-08-19,4022,23.439999999999998,5.99,231,8,6,19
2018-08-20,4022,51.16,5.99,232,8,0,20
2018-08-21,4022,54.34000000000003,5.99,233,8,1,21
2018-08-22,4022,25.55,5.99,234,8,2,22
2018-08-23,4022,16.34,5.99,235,8,3,23
2018-08-24,4022,16.945000000000004,5.99,236,8,4,24
2018-08-25,4022,24.254999999999995,5.29,237,8,5,25
2018-08-26,4022,34.664999999999985,4.59,238,8,6,26
2018-08-27,4022,60.74,4.59,239,8,0,27
2018-08-28,4022,56.16500000000003,5.49,240,8,1,28
2018-08-29,4022,21.905,5.49,241,8,2,29
2018-08-30,4022,20.044999999999995,5.49,242,8,3,30
2018-08-31,4022,26.41,5.49,243,8,4,31
2018-09-01,4022,51.595,4.99,244,9,5,1
2018-09-02,4022,37.865,4.99,245,9,6,2
2018-09-03,4022,77.285,4.49,246,9,0,3
2018-09-04,4022,87.45999999999998,4.49,247,9,1,4
2018-09-05,4022,35.650000000000006,5.29,248,9,2,5
2018-09-06,4022,28.48,5.29,249,9,3,6
2018-09-07,4022,41.07,5.29,250,9,4,7
2018-09-08,4022,20.15,5.29,251,9,5,8
2018-09-09,4022,24.635,5.59,252,9,6,9
2018-09-10,4022,73.945,4.49,253,9,0,10
2018-09-11,4022,75.58999999999996,4.49,254,9,1,11
2018-09-12,4022,30.345,5.89,255,9,2,12
2018-09-13,4022,25.162,5.89,256,9,3,13
2018-09-14,4022,21.785,5.89,257,9,4,14
2018-09-15,4022,19.175,5.89,258,9,5,15
2018-09-16,4022,25.395000000000003,5.89,259,9,6,16
2018-09-17,4022,70.87499999999999,3.99,260,9,0,17
2018-09-18,4022,71.10500000000002,3.99,261,9,1,18
2018-09-19,4022,18.91,5.89,262,9,2,19
2018-09-20,4022,19.458,5.58,263,9,3,20
2018-09-21,4022,20.84,5.58,264,9,4,21
2018-09-22,4022,24.885,4.99,265,9,5,22
2018-09-23,4022,19.635,4.99,266,9,6,23
2018-09-24,4022,46.56499999999998,5.59,267,9,0,24
2018-09-25,4022,37.62499999999999,5.59,268,9,1,25
2018-09-26,4022,20.56000000000001,5.59,269,9,2,26
2018-09-27,4022,21.203,5.59,270,9,3,27
2018-09-28,4022,20.085,5.59,271,9,4,28
2018-09-29,4022,35.425,5.59,272,9,5,29
2018-09-30,4022,29.325,5.59,273,9,6,30
2018-10-01,4022,54.899999999999984,5.59,274,10,0,1
2018-10-02,4022,39.38500000000001,5.59,275,10,1,2
2018-10-03,4022,28.68,5.99,276,10,2,3
2018-10-04,4022,27.045000000000005,5.99,277,10,3,4
2018-10-05,4022,29.43499999999999,5.99,278,10,4,5
2018-10-06,4022,37.60899999999999,5.99,279,10,5,6
2018-10-07,4022,29.54,5.99,280,10,6,7
2018-10-08,4022,48.58000000000003,5.99,281,10,0,8
2018-10-09,4022,43.60999999999999,5.99,282,10,1,9
2018-10-10,4022,26.055,5.99,283,10,2,10
2018-10-11,4022,23.575000000000003,6.49,284,10,3,11
2018-10-12,4022,28.155000000000005,5.59,285,10,4,12
2018-10-13,4022,20.255,5.59,286,10,5,13
2018-10-14,4022,17.105000000000004,5.59,287,10,6,14
2018-10-15,4022,39.48,4.59,288,10,0,15
2018-10-16,4022,51.08999999999999,4.59,289,10,1,16
2018-10-17,4022,23.190000000000005,5.59,290,10,2,17
2018-10-18,4022,24.325,5.59,291,10,3,18
2018-10-19,4022,23.555,6.49,292,10,4,19
2018-10-20,4022,23.165,5.58,293,10,5,20
2018-10-21,4022,28.11499999999999,5.58,294,10,6,21
2018-10-22,4022,55.74999999999999,4.29,295,10,0,22
2018-10-23,4022,53.66500000000002,4.29,296,10,1,23
2018-10-24,4022,18.985,5.58,297,10,2,24
2018-10-25,4022,15.799999999999995,6.49,298,10,3,25
2018-10-26,4022,14.49,6.49,299,10,4,26
2018-10-27,4022,20.473,6.49,300,10,5,27
2018-10-28,4022,13.740000000000002,6.49,301,10,6,28
2018-10-29,4022,49.575,6.49,302,10,0,29
2018-10-30,4022,29.165,6.49,303,10,1,30
2018-10-31,4022,22.525,6.49,304,10,2,31
2018-11-01,4022,33.4,5.29,305,11,3,1
2018-11-02,4022,46.95,4.99,306,11,4,2
2018-11-03,4022,34.959999999999994,4.99,307,11,5,3
2018-11-04,4022,34.41499999999999,4.99,308,11,6,4
2018-11-05,4022,69.605,4.69,309,11,0,5
2018-11-06,4022,58.66499999999999,4.69,310,11,1,6
2018-11-07,4022,17.12,6.49,311,11,2,7
2018-11-08,4022,16.72,5.59,312,11,3,8
2018-11-09,4022,20.92,5.49,313,11,4,9
2018-11-10,4022,18.82,5.49,314,11,5,10
2018-11-11,4022,25.82,5.49,315,11,6,11
2018-11-12,4022,57.16,4.69,316,11,0,12
2018-11-13,4022,47.06499999999999,4.69,317,11,1,13
2018-11-14,4022,22.94,6.49,318,11,2,14
2018-11-15,4022,18.295,6.49,319,11,3,15
2018-11-16,4022,13.294999999999998,5.59,320,11,4,16
2018-11-17,4022,20.825000000000006,5.59,321,11,5,17
2018-11-18,4022,16.19,5.59,322,11,6,18
2018-11-19,4022,28.585,4.79,323,11,0,19
2018-11-20,4022,19.445000000000004,4.79,324,11,1,20
2018-11-21,4022,24.08499999999999,5.59,325,11,2,21
2018-11-22,4022,18.125,5.59,326,11,3,22
2018-11-23,4022,21.515000000000004,5.59,327,11,4,23
2018-11-24,4022,20.66,5.59,328,11,5,24
2018-11-25,4022,23.09,5.59,329,11,6,25
2018-11-26,4022,45.77999999999999,4.59,330,11,0,26
2018-11-27,4022,43.69499999999999,4.59,331,11,1,27
2018-11-28,4022,15.715000000000002,5.59,332,11,2,28
2018-11-29,4022,18.66,5.59,333,11,3,29
2018-11-30,4022,20.025,5.98,334,11,4,30
2018-12-01,4022,39.00999999999999,5.98,335,12,5,1
2018-12-02,4022,27.89,5.98,336,12,6,2
2018-12-03,4022,76.98,4.79,337,12,0,3
2018-12-04,4022,55.05000000000002,4.79,338,12,1,4
2018-12-05,4022,29.304999999999996,5.98,339,12,2,5
2018-12-06,4022,14.445000000000004,5.59,340,12,3,6
2018-12-07,4022,16.255000000000003,5.59,341,12,4,7
2018-12-08,4022,33.53,5.59,342,12,5,8
2018-12-09,4022,21.875,5.59,343,12,6,9
2018-12-10,4022,37.325,5.59,344,12,0,10
2018-12-11,4022,49.81999999999998,5.59,345,12,1,11
2018-12-12,4022,25.335,6.79,346,12,2,12
2018-12-13,4022,9.995,6.79,347,12,3,13
2018-12-14,4022,18.095,5.29,348,12,4,14
2018-12-15,4022,21.855,5.29,349,12,5,15
2018-12-16,4022,28.715000000000003,5.29,350,12,6,16
2018-12-17,4022,24.785000000000004,6.79,351,12,0,17
2018-12-18,4022,25.354999999999997,6.79,352,12,1,18
2018-12-19,4022,18.365,6.79,353,12,2,19
2018-12-20,4022,15.915,6.79,354,12,3,20
2018-12-21,4022,17.105,6.28,355,12,4,21
2018-12-22,4022,18.475000000000005,6.28,356,12,5,22
2018-12-23,4022,24.09,6.28,357,12,6,23
2018-12-24,4022,60.54499999999998,6.28,358,12,0,24
2018-12-25,4022,0.0,6.28,359,12,1,25
2018-12-26,4022,22.06,6.79,360,12,2,26
2018-12-27,4022,14.745,6.79,361,12,3,27
2018-12-28,4022,24.249999999999996,6.79,362,12,4,28
2018-12-29,4022,22.055,6.79,363,12,5,29
2018-12-30,4022,30.379999999999995,6.79,364,12,6,30
2018-12-31,4022,49.095000000000006,6.79,365,12,0,31
2019-01-01,4022,0.0,6.79,1,1,1,1
2019-01-02,4022,29.29999999999999,6.79,2,1,2,2
2019-01-03,4022,19.524000000000004,6.39,3,1,3,3
2019-01-04,4022,32.435,6.39,4,1,4,4
2019-01-05,4022,30.42,6.39,5,1,5,5
2019-01-06,4022,18.320000000000004,6.99,6,1,6,6
2019-01-07,4022,28.27500000000001,6.99,7,1,0,7
2019-01-08,4022,30.385,6.99,8,1,1,8
2019-01-09,4022,18.545000000000005,6.99,9,1,2,9
2019-01-10,4022,15.32,6.99,10,1,3,10
2019-01-11,4022,14.095,6.99,11,1,4,11
2019-01-12,4022,23.15,7.49,12,1,5,12
2019-01-13,4022,21.205,7.49,13,1,6,13
2019-01-14,4022,33.36000000000001,7.49,14,1,0,14
2019-01-15,4022,22.815,7.49,15,1,1,15
2019-01-16,4022,16.205000000000005,7.49,16,1,2,16
2019-01-17,4022,20.8,7.49,17,1,3,17
2019-01-18,4022,17.799999999999997,6.59,18,1,4,18
2019-01-19,4022,18.975,6.59,19,1,5,19
2019-01-20,4022,21.599999999999994,6.59,20,1,6,20
2019-01-21,4022,49.94499999999999,6.59,21,1,0,21
2019-01-22,4022,24.16,6.98,22,1,1,22
2019-01-23,4022,15.345,6.98,23,1,2,23
2019-01-24,4022,14.469999999999995,6.98,24,1,3,24
2019-01-25,4022,16.005,6.39,25,1,4,25
2019-01-26,4022,15.785,6.39,26,1,5,26
2019-01-27,4022,11.015,6.39,27,1,6,27
2019-01-28,4022,23.24000000000001,6.39,28,1,0,28
2019-01-29,4022,16.490000000000002,6.39,29,1,1,29
2019-01-30,4022,16.330000000000002,6.39,30,1,2,30
2019-01-31,4022,26.72,6.39,31,1,3,31
2019-02-01,4022,20.095,7.59,32,2,4,1
2019-02-02,4022,20.270000000000003,7.59,33,2,5,2
2019-02-03,4022,22.370000000000005,7.59,34,2,6,3
2019-02-04,4022,20.719999999999995,7.59,35,2,0,4
2019-02-05,4022,32.855,7.59,36,2,1,5
2019-02-06,4022,22.835000000000008,7.59,37,2,2,6
2019-02-07,4022,14.104,8.99,38,2,3,7
2019-02-08,4022,18.195,8.99,39,2,4,8
2019-02-09,4022,15.755000000000004,8.99,40,2,5,9
2019-02-10,4022,21.45,8.99,41,2,6,10
2019-02-11,4022,33.129999999999995,8.99,42,2,0,11
2019-02-12,4022,32.09,8.99,43,2,1,12
2019-02-13,4022,20.114999999999995,8.99,44,2,2,13
2019-02-14,4022,20.73,8.99,45,2,3,14
2019-02-15,4022,14.422999999999998,8.99,46,2,4,15
2019-02-16,4022,27.405,8.99,47,2,5,16
