sales_curva_a.csv
date,item_nbr,unit_sales,price,day_of_year,month,day_of_week,day_of_month
2017-11-11,10146,38.285,2.08,315,11,5,11
2017-11-12,10146,46.75500000000001,2.08,316,11,6,12
2017-11-13,10146,117.54499999999994,1.49,317,11,0,13
2017-11-14,10146,116.81000000000007,1.49,318,11,1,14
2017-11-15,10146,40.36499999999999,2.08,319,11,2,15
2017-11-16,10146,30.830000000000005,2.08,320,11,3,16
2017-11-17,10146,29.815,2.17,321,11,4,17
2017-11-18,10146,45.63999999999999,2.17,322,11,5,18
2017-11-19,10146,34.515,2.17,323,11,6,19
2017-11-20,10146,89.14000000000003,1.49,324,11,0,20
2017-11-21,10146,173.42500000000004,1.49,325,11,1,21
2017-11-22,10146,38.28,2.17,326,11,2,22
2017-11-23,10146,33.27499999999999,2.17,327,11,3,23
2017-11-24,10146,24.930000000000007,2.17,328,11,4,24
2017-11-25,10146,46.43500000000003,2.17,329,11,5,25
2017-11-26,10146,32.10999999999999,2.17,330,11,6,26
2017-11-27,10146,95.36000000000006,1.34,331,11,0,27
2017-11-28,10146,110.10999999999994,1.34,332,11,1,28
2017-11-29,10146,36.570000000000014,2.17,333,11,2,29
2017-11-30,10146,46.30000000000002,2.17,334,11,3,30
2017-12-01,10146,58.17499999999998,1.88,335,12,4,1
2017-12-02,10146,54.87499999999999,1.88,336,12,5,2
2017-12-03,10146,52.57499999999999,1.79,337,12,6,3
2017-12-04,10146,131.67999999999998,1.19,338,12,0,4
2017-12-05,10146,186.05499999999992,1.19,339,12,1,5
2017-12-06,10146,40.15499999999999,1.79,340,12,2,6
2017-12-07,10146,40.330000000000005,1.79,341,12,3,7
2017-12-08,10146,40.58500000000001,1.95,342,12,4,8
2017-12-09,10146,52.2,1.95,343,12,5,9
2017-12-10,10146,31.355,1.95,344,12,6,10
2017-12-11,10146,101.57999999999998,1.28,345,12,0,11
2017-12-12,10146,149.79500000000004,1.28,346,12,1,12
2017-12-13,10146,21.849999999999994,1.95,347,12,2,13
2017-12-14,10146,25.710000000000004,1.95,348,12,3,14
2017-12-15,10146,31.199999999999992,2.05,349,12,4,15
2017-12-16,10146,44.64499999999999,2.05,350,12,5,16
2017-12-17,10146,43.03499999999998,2.05,351,12,6,17
2017-12-18,10146,77.76000000000002,1.69,352,12,0,18
2017-12-19,10146,110.99000000000002,1.69,353,12,1,19
2017-12-20,10146,30.549999999999983,2.05,354,12,2,20
2017-12-21,10146,47.22,2.05,355,12,3,21
2017-12-22,10146,38.315,2.19,356,12,4,22
2017-12-23,10146,75.57000000000002,2.19,357,12,5,23
2017-12-24,10146,84.81500000000001,2.19,358,12,6,24
2017-12-25,10146,0.0,2.19,359,12,0,25
2017-12-26,10146,119.15,2.19,360,12,1,26
2017-12-27,10146,40.175,2.19,361,12,2,27
2017-12-28,10146,27.864999999999995,2.19,362,12,3,28
2017-12-29,10146,75.41000000000003,2.19,363,12,4,29
2017-12-30,10146,76.14999999999999,2.09,364,12,5,30
2017-12-31,10146,78.43500000000004,2.09,365,12,6,31
2018-01-01,10146,0.0,2.09,1,1,0,1
2018-01-02,10146,125.11999999999998,1.98,2,1,1,2
2018-01-03,10146,45.54,1.98,3,1,2,3
2018-01-04,10146,46.365,2.49,4,1,3,4
2018-01-05,10146,39.96,2.49,5,1,4,5
2018-01-06,10146,41.655,2.79,6,1,5,6
2018-01-07,10146,44.7,2.79,7,1,6,7
2018-01-08,10146,132.71499999999992,2.79,8,1,0,8
2018-01-09,10146,80.60499999999998,2.79,9,1,1,9
2018-01-10,10146,35.17500000000002,2.79,10,1,2,10
2018-01-11,10146,37.16999999999998,2.79,11,1,3,11
2018-01-12,10146,27.925,2.79,12,1,4,12
2018-01-13,10146,42.31999999999999,2.49,13,1,5,13
2018-01-14,10146,39.47000000000001,2.49,14,1,6,14
2018-01-15,10146,111.53500000000004,2.09,15,1,0,15
2018-01-16,10146,118.00499999999997,2.09,16,1,1,16
2018-01-17,10146,43.99,2.49,17,1,2,17
2018-01-18,10146,35.325,2.49,18,1,3,18
2018-01-19,10146,41.17999999999999,2.89,19,1,4,19
2018-01-20,10146,43.765,2.89,20,1,5,20
2018-01-21,10146,33.03000000000001,2.89,21,1,6,21
2018-01-22,10146,123.515,2.19,22,1,0,22
2018-01-23,10146,92.21999999999996,2.19,23,1,1,23
2018-01-24,10146,38.48,2.89,24,1,2,24
2018-01-25,10146,27.605000000000004,2.89,25,1,3,25
2018-01-26,10146,40.525000000000006,2.77,26,1,4,26
2018-01-27,10146,44.83500000000001,2.77,27,1,5,27
2018-01-28,10146,34.474999999999994,2.77,28,1,6,28
2018-01-29,10146,89.84000000000002,2.29,29,1,0,29
2018-01-30,10146,125.345,2.29,30,1,1,30
2018-01-31,10146,44.500000000000014,2.77,31,1,2,31
2018-02-01,10146,56.39999999999999,2.77,32,2,3,1
2018-02-02,10146,42.80499999999999,2.77,33,2,4,2
2018-02-03,10146,50.960000000000015,2.77,34,2,5,3
2018-02-04,10146,41.49000000000002,2.77,35,2,6,4
2018-02-05,10146,123.51500000000004,1.99,36,2,0,5
2018-02-06,10146,159.44599999999997,1.99,37,2,1,6
2018-02-07,10146,38.45500000000001,2.77,38,2,2,7
2018-02-08,10146,41.035,2.99,39,2,3,8
2018-02-09,10146,30.055000000000007,3.18,40,2,4,9
2018-02-10,10146,47.62499999999999,3.18,41,2,5,10
2018-02-11,10146,32.550000000000004,3.18,42,2,6,11
2018-02-12,10146,43.88,3.18,43,2,0,12
2018-02-13,10146,51.78000000000004,3.18,44,2,1,13
2018-02-14,10146,32.96500000000001,3.18,45,2,2,14
2018-02-15,10146,39.93500000000002,3.18,46,2,3,15
2018-02-16,10146,28.86500000000001,3.49,47,2,4,16
2018-02-17,10146,39.55500000000001,3.49,48,2,5,17
2018-02-18,10146,46.47999999999997,3.49,49,2,6,18
2018-02-19,10146,84.355,3.49,50,2,0,19
2018-02-20,10146,73.69000000000005,3.79,51,2,1,20
2018-02-21,10146,32.260000000000005,3.79,52,2,2,21
2018-02-22,10146,32.595000000000006,3.79,53,2,3,22
2018-02-23,10146,33.49999999999999,3.58,54,2,4,23
2018-02-24,10146,55.19500000000002,3.58,55,2,5,24
2018-02-25,10146,40.690000000000005,3.58,56,2,6,25
2018-02-26,10146,106.35499999999998,2.29,57,2,0,26
2018-02-27,10146,117.54999999999994,2.29,58,2,1,27
2018-02-28,10146,38.78,3.58,59,2,2,28
2018-03-01,10146,50.45000000000002,3.58,60,3,3,1
2018-03-02,10146,56.73999999999999,3.58,61,3,4,2
2018-03-03,10146,58.30999999999996,3.58,62,3,5,3
2018-03-04,10146,56.27999999999998,3.58,63,3,6,4
2018-03-05,10146,163.54500000000002,2.29,64,3,0,5
2018-03-06,10146,164.9350000000001,2.29,65,3,1,6
2018-03-07,10146,46.065000000000005,3.58,66,3,2,7
2018-03-08,10146,34.86999999999998,3.58,67,3,3,8
2018-03-09,10146,42.09,3.58,68,3,4,9
2018-03-10,10146,46.64,3.48,69,3,5,10
2018-03-11,10146,43.38500000000002,3.48,70,3,6,11
2018-03-12,10146,102.66000000000004,2.69,71,3,0,12
2018-03-13,10146,124.31999999999994,2.69,72,3,1,13
2018-03-14,10146,28.544999999999995,3.48,73,3,2,14
2018-03-15,10146,34.835,3.48,74,3,3,15
2018-03-16,10146,33.349999999999994,3.48,75,3,4,16
2018-03-17,10146,35.74499999999998,3.48,76,3,5,17
2018-03-18,10146,28.915000000000003,3.48,77,3,6,18
2018-03-19,10146,55.19000000000001,3.39,78,3,0,19
2018-03-20,10146,109.265,3.49,79,3,1,20
2018-03-21,10146,22.49,3.49,80,3,2,21
2018-03-22,10146,41.855,3.49,81,3,3,22
2018-03-23,10146,36.53000000000001,3.49,82,3,4,23
2018-03-24,10146,44.19500000000001,3.49,83,3,5,24
2018-03-25,10146,49.225,3.49,84,3,6,25
2018-03-26,10146,72.72500000000001,3.49,85,3,0,26
2018-03-27,10146,91.375,3.19,86,3,1,27
2018-03-28,10146,35.81999999999999,3.19,87,3,2,28
2018-03-29,10146,68.75999999999999,3.19,88,3,3,29
2018-03-30,10146,50.99999999999999,3.19,89,3,4,30
2018-03-31,10146,50.95999999999997,3.19,90,3,5,31
2018-04-01,10146,33.215,3.19,91,4,6,1
2018-04-02,10146,120.65500000000004,2.25,92,4,0,2
2018-04-03,10146,126.34499999999994,2.25,93,4,1,3
2018-04-04,10146,48.225,3.19,94,4,2,4
2018-04-05,10146,40.18999999999999,3.19,95,4,3,5
2018-04-06,10146,42.745,3.49,96,4,4,6
2018-04-07,10146,46.83499999999999,3.39,97,4,5,7
2018-04-08,10146,43.10499999999998,3.39,98,4,6,8
2018-04-09,10146,95.49499999999992,3.69,99,4,0,9
2018-04-10,10146,80.215,3.99,100,4,1,10
2018-04-11,10146,46.070000000000014,3.99,101,4,2,11
2018-04-12,10146,42.285,4.29,102,4,3,12
2018-04-13,10146,36.91999999999998,4.59,103,4,4,13
2018-04-14,10146,43.68500000000001,4.59,104,4,5,14
2018-04-15,10146,28.90000000000001,4.79,105,4,6,15
2018-04-16,10146,81.77000000000005,4.79,106,4,0,16
2018-04-17,10146,85.80499999999998,4.39,107,4,1,17
2018-04-18,10146,33.34,4.39,108,4,2,18
2018-04-19,10146,25.384999999999987,4.37,109,4,3,19
2018-04-20,10146,39.955000000000005,4.39,110,4,4,20
2018-04-21,10146,45.715,4.39,111,4,5,21
2018-04-22,10146,39.335,4.69,112,4,6,22
2018-04-23,10146,84.71000000000001,4.69,113,4,0,23
2018-04-24,10146,92.87499999999994,4.69,114,4,1,24
2018-04-25,10146,44.40500000000001,4.99,115,4,2,25
2018-04-26,10146,34.725,4.99,116,4,3,26
2018-04-27,10146,38.80999999999999,4.99,117,4,4,27
2018-04-28,10146,51.005,4.99,118,4,5,28
2018-04-29,10146,41.34000000000002,4.99,119,4,6,29
2018-04-30,10146,104.79500000000004,5.99,120,4,0,30
2018-05-01,10146,80.125,5.99,121,5,1,1
2018-05-02,10146,30.550000000000004,6.19,122,5,2,2
2018-05-03,10146,32.345,6.19,123,5,3,3
2018-05-04,10146,38.30999999999998,6.19,124,5,4,4
2018-05-05,10146,48.465000000000025,6.19,125,5,5,5
2018-05-06,10146,38.675,5.49,126,5,6,6
2018-05-07,10146,142.00000000000009,4.39,127,5,0,7
2018-05-08,10146,154.02,4.39,128,5,1,8
2018-05-09,10146,35.04499999999999,5.49,129,5,2,9
2018-05-10,10146,36.53499999999999,5.49,130,5,3,10
2018-05-11,10146,33.245,4.98,131,5,4,11
2018-05-12,10146,52.26499999999999,4.98,132,5,5,12
2018-05-13,10146,47.13999999999999,4.98,133,5,6,13
2018-05-14,10146,77.85000000000002,4.98,134,5,0,14
2018-05-15,10146,111.93,4.98,135,5,1,15
2018-05-16,10146,38.175000000000026,4.98,136,5,2,16
2018-05-17,10146,27.250000000000004,4.98,137,5,3,17
2018-05-18,10146,30.10000000000001,4.98,138,5,4,18
2018-05-19,10146,47.35499999999999,4.98,139,5,5,19
2018-05-20,10146,43.17999999999999,4.98,140,5,6,20
2018-05-21,10146,134.45000000000002,3.89,141,5,0,21
2018-05-22,10146,125.17499999999998,3.89,142,5,1,22
2018-05-23,10146,30.64,4.98,143,5,2,23
2018-05-24,10146,36.22500000000001,4.98,144,5,3,24
2018-05-25,10146,52.96999999999997,4.99,145,5,4,25
2018-05-26,10146,46.61500000000001,4.99,146,5,5,26
2018-05-27,10146,48.25999999999999,4.99,147,5,6,27
2018-05-28,10146,78.615,4.99,148,5,0,28
2018-05-29,10146,23.655000000000005,8.99,149,5,1,29
2018-05-30,10146,26.839999999999996,8.99,150,5,2,30
2018-05-31,10146,50.174,8.99,151,5,3,31
2018-06-01,10146,53.995,6.99,152,6,4,1
2018-06-02,10146,45.67,8.99,153,6,5,2
2018-06-03,10146,48.24500000000002,6.79,154,6,6,3
2018-06-04,10146,186.59000000000003,3.69,155,6,0,4
2018-06-05,10146,158.89999999999992,3.69,156,6,1,5
2018-06-06,10146,32.315,6.79,157,6,2,6
2018-06-07,10146,29.47,6.79,158,6,3,7
2018-06-08,10146,38.18,6.79,159,6,4,8
2018-06-09,10146,45.17499999999999,4.69,160,6,5,9
2018-06-10,10146,36.58000000000001,4.69,161,6,6,10
2018-06-11,10146,130.02000000000004,3.19,162,6,0,11
2018-06-12,10146,148.50500000000005,3.19,163,6,1,12
2018-06-13,10146,29.455,4.69,164,6,2,13
2018-06-14,10146,39.46500000000001,4.69,165,6,3,14
2018-06-15,10146,42.12999999999999,4.69,166,6,4,15
2018-06-16,10146,61.28999999999999,4.69,167,6,5,16
2018-06-17,10146,41.41900000000001,4.69,168,6,6,17
2018-06-18,10146,182.40499999999983,2.79,169,6,0,18
2018-06-19,10146,129.96999999999997,2.79,170,6,1,19
2018-06-20,10146,32.129999999999995,4.19,171,6,2,20
2018-06-21,10146,32.175000000000004,3.49,172,6,3,21
2018-06-22,10146,35.709999999999994,3.49,173,6,4,22
2018-06-23,10146,47.22000000000003,3.49,174,6,5,23
2018-06-24,10146,39.02,3.49,175,6,6,24
2018-06-25,10146,141.265,1.99,176,6,0,25
2018-06-26,10146,184.87500000000003,1.99,177,6,1,26
2018-06-27,10146,37.065000000000005,3.49,178,6,2,27
2018-06-28,10146,32.865,2.79,179,6,3,28
2018-06-29,10146,42.7,2.39,180,6,4,29
2018-06-30,10146,58.01499999999999,2.39,181,6,5,30
2018-07-01,10146,61.15000000000001,2.39,182,7,6,1
2018-07-02,10146,144.75500000000002,1.79,183,7,0,2
2018-07-03,10146,202.38000000000008,1.79,184,7,1,3
2018-07-04,10146,59.595,2.39,185,7,2,4
2018-07-05,10146,48.05,2.39,186,7,3,5
2018-07-06,10146,43.42000000000001,2.39,187,7,4,6
2018-07-07,10146,43.675,2.39,188,7,5,7
2018-07-08,10146,46.48499999999998,2.39,189,7,6,8
2018-07-09,10146,123.93000000000002,1.75,190,7,0,9
2018-07-10,10146,176.70999999999984,1.75,191,7,1,10
2018-07-11,10146,33.355000000000004,2.39,192,7,2,11
2018-07-12,10146,30.68500000000001,2.39,193,7,3,12
2018-07-13,10146,49.93299999999999,1.69,194,7,4,13
2018-07-14,10146,73.01499999999997,1.69,195,7,5,14
2018-07-15,10146,71.285,1.69,196,7,6,15
2018-07-16,10146,112.56499999999996,1.29,197,7,0,16
2018-07-17,10146,183.84000000000003,1.29,198,7,1,17
2018-07-18,10146,24.140000000000004,2.39,199,7,2,18
2018-07-19,10146,25.035,1.99,200,7,3,19
2018-07-20,10146,50.56999999999999,1.99,201,7,4,20
2018-07-21,10146,46.63000000000001,2.09,202,7,5,21
2018-07-22,10146,32.915,2.09,203,7,6,22
2018-07-23,10146,120.82499999999996,1.19,204,7,0,23
2018-07-24,10146,155.71500000000017,1.19,205,7,1,24
2018-07-25,10146,41.105,2.09,206,7,2,25
2018-07-26,10146,37.975,2.09,207,7,3,26
2018-07-27,10146,32.325,1.89,208,7,4,27
2018-07-28,10146,33.235,1.89,209,7,5,28
2018-07-29,10146,24.4,1.89,210,7,6,29
2018-07-30,10146,154.095,1.19,211,7,0,30
2018-07-31,10146,168.10000000000008,1.19,212,7,1,31
2018-08-01,10146,59.97500000000001,1.89,213,8,2,1
2018-08-02,10146,55.97999999999999,1.89,214,8,3,2
2018-08-03,10146,38.865,1.89,215,8,4,3
2018-08-04,10146,41.43,1.89,216,8,5,4
2018-08-05,10146,38.195000000000014,1.69,217,8,6,5
2018-08-06,10146,128.875,1.19,218,8,0,6
2018-08-07,10146,155.89499999999995,1.19,219,8,1,7
2018-08-08,10146,42.725,1.69,220,8,2,8
2018-08-09,10146,28.50500000000001,1.18,221,8,3,9
2018-08-10,10146,39.48,1.18,222,8,4,10
2018-08-11,10146,48.72500000000002,1.18,223,8,5,11
2018-08-12,10146,52.73,1.18,224,8,6,12
2018-08-13,10146,130.82999999999998,1.19,225,8,0,13
2018-08-14,10146,164.77000000000004,1.19,226,8,1,14
2018-08-15,10146,42.274999999999984,1.69,227,8,2,15
2018-08-16,10146,29.145,1.69,228,8,3,16
2018-08-17,10146,37.98,1.15,229,8,4,17
2018-08-18,10146,48.81499999999996,1.15,230,8,5,18
2018-08-19,10146,48.82999999999998,1.15,231,8,6,19
2018-08-20,10146,170.82999999999996,0.99,232,8,0,20
2018-08-21,10146,212.4449999999999,0.99,233,8,1,21
2018-08-22,10146,31.0,1.69,234,8,2,22
2018-08-23,10146,19.759999999999994,1.69,235,8,3,23
2018-08-24,10146,31.465,1.69,236,8,4,24
2018-08-25,10146,31.294999999999984,1.69,237,8,5,25
2018-08-26,10146,42.08000000000001,1.38,238,8,6,26
2018-08-27,10146,157.37999999999997,0.99,239,8,0,27
2018-08-28,10146,193.0350000000001,0.99,240,8,1,28
2018-08-29,10146,38.97500000000001,1.38,241,8,2,29
2018-08-30,10146,31.445,1.38,242,8,3,30
2018-08-31,10146,42.675,1.58,243,8,4,31
2018-09-01,10146,66.58499999999998,1.49,244,9,5,1
2018-09-02,10146,66.18499999999999,1.49,245,9,6,2
2018-09-03,10146,193.05000000000004,0.89,246,9,0,3
2018-09-04,10146,233.01,0.89,247,9,1,4
2018-09-05,10146,41.355,1.09,248,9,2,5
2018-09-06,10146,41.62,1.09,249,9,3,6
2018-09-07,10146,41.56999999999999,1.39,250,9,4,7
2018-09-08,10146,34.800000000000004,1.39,251,9,5,8
2018-09-09,10146,26.835,1.39,252,9,6,9
2018-09-10,10146,143.95500000000007,0.89,253,9,0,10
2018-09-11,10146,179.33,0.89,254,9,1,11
2018-09-12,10146,46.78999999999999,1.39,255,9,2,12
2018-09-13,10146,39.715,1.39,256,9,3,13
2018-09-14,10146,37.085,1.39,257,9,4,14
2018-09-15,10146,43.03,1.39,258,9,5,15
2018-09-16,10146,36.715,1.19,259,9,6,16
2018-09-17,10146,97.095,1.19,260,9,0,17
2018-09-18,10146,125.965,0.78,261,9,1,18
2018-09-19,10146,41.290000000000006,1.19,262,9,2,19
2018-09-20,10146,23.935,1.19,263,9,3,20
2018-09-21,10146,29.35,1.49,264,9,4,21
2018-09-22,10146,41.61499999999999,1.38,265,9,5,22
2018-09-23,10146,33.145000000000024,1.38,266,9,6,23
2018-09-24,10146,105.13,0.94,267,9,0,24
2018-09-25,10146,143.81000000000003,0.94,268,9,1,25
2018-09-26,10146,34.24,1.38,269,9,2,26
2018-09-27,10146,37.165,1.39,270,9,3,27
2018-09-28,10146,24.31499999999999,1.59,271,9,4,28
2018-09-29,10146,53.315000000000026,1.59,272,9,5,29
2018-09-30,10146,34.844999999999985,1.59,273,9,6,30
2018-10-01,10146,211.51,0.84,274,10,0,1
2018-10-02,10146,210.93499999999997,0.84,275,10,1,2
2018-10-03,10146,48.835,1.59,276,10,2,3
2018-10-04,10146,34.185,1.59,277,10,3,4
2018-10-05,10146,39.235000000000014,1.59,278,10,4,5
2018-10-06,10146,58.315,1.59,279,10,5,6
2018-10-07,10146,37.320000000000014,1.59,280,10,6,7
2018-10-08,10146,143.2599999999999,0.89,281,10,0,8
2018-10-09,10146,147.82500000000002,0.89,282,10,1,9
2018-10-10,10146,34.675000000000004,1.59,283,10,2,10
2018-10-11,10146,30.965,1.59,284,10,3,11
2018-10-12,10146,42.95000000000001,1.65,285,10,4,12
2018-10-13,10146,44.23999999999999,1.39,286,10,5,13
2018-10-14,10146,26.059999999999985,1.39,287,10,6,14
2018-10-15,10146,115.69500000000004,1.19,288,10,0,15
2018-10-16,10146,103.06,1.19,289,10,1,16
2018-10-17,10146,31.83499999999999,1.39,290,10,2,17
2018-10-18,10146,31.875,1.39,291,10,3,18
2018-10-19,10146,45.88500000000002,1.49,292,10,4,19
2018-10-20,10146,42.25500000000002,1.49,293,10,5,20
2018-10-21,10146,42.65,1.49,294,10,6,21
2018-10-22,10146,109.22499999999998,1.39,295,10,0,22
2018-10-23,10146,121.08999999999996,1.39,296,10,1,23
2018-10-24,10146,25.42,1.49,297,10,2,24
2018-10-25,10146,37.74500000000001,1.69,298,10,3,25
2018-10-26,10146,38.585,1.69,299,10,4,26
2018-10-27,10146,53.475,1.69,300,10,5,27
2018-10-28,10146,36.925,1.69,301,10,6,28
2018-10-29,10146,153.14500000000007,1.19,302,10,0,29
2018-10-30,10146,136.50500000000008,1.19,303,10,1,30
2018-10-31,10146,44.44500000000001,1.69,304,10,2,31
2018-11-01,10146,71.535,1.49,305,11,3,1
2018-11-02,10146,66.425,1.49,306,11,4,2
2018-11-03,10146,36.99999999999999,1.49,307,11,5,3
2018-11-04,10146,39.53499999999999,1.49,308,11,6,4
2018-11-05,10146,136.51000000000002,1.28,309,11,0,5
2018-11-06,10146,135.62000000000006,1.28,310,11,1,6
2018-11-07,10146,41.84499999999999,1.49,311,11,2,7
2018-11-08,10146,29.26,1.69,312,11,3,8
2018-11-09,10146,42.045,1.78,313,11,4,9
2018-11-10,10146,46.085,1.98,314,11,5,10
2018-11-11,10146,42.585,1.98,315,11,6,11
2018-11-12,10146,90.16500000000003,1.98,316,11,0,12
2018-11-13,10146,119.09499999999998,1.98,317,11,1,13
2018-11-14,10146,35.58,1.98,318,11,2,14
2018-11-15,10146,33.329999999999984,1.98,319,11,3,15
2018-11-16,10146,30.91,3.18,320,11,4,16
2018-11-17,10146,47.73,3.18,321,11,5,17
2018-11-18,10146,35.794999999999995,3.18,322,11,6,18
2018-11-19,10146,59.82,3.18,323,11,0,19
2018-11-20,10146,70.645,3.39,324,11,1,20
2018-11-21,10146,24.525,3.39,325,11,2,21
2018-11-22,10146,30.93,3.49,326,11,3,22
2018-11-23,10146,32.07499999999999,3.58,327,11,4,23
2018-11-24,10146,39.660000000000025,3.58,328,11,5,24
