sales_curva_a.csv
date,item_nbr,unit_sales,price,day_of_year,month,day_of_week,day_of_month
2018-11-25,10146,37.82999999999999,3.58,329,11,6,25
2018-11-26,10146,90.25000000000006,2.99,330,11,0,26
2018-11-27,10146,89.49,2.99,331,11,1,27
2018-11-28,10146,32.88,3.58,332,11,2,28
2018-11-29,10146,29.730000000000004,3.58,333,11,3,29
2018-11-30,10146,34.105,3.78,334,11,4,30
2018-12-01,10146,70.465,3.78,335,12,5,1
2018-12-02,10146,40.68,3.78,336,12,6,2
2018-12-03,10146,93.63500000000003,3.78,337,12,0,3
2018-12-04,10146,106.06,3.78,338,12,1,4
2018-12-05,10146,42.22000000000001,3.78,339,12,2,5
2018-12-06,10146,28.204999999999988,5.58,340,12,3,6
2018-12-07,10146,32.175000000000004,5.58,341,12,4,7
2018-12-08,10146,42.095,5.58,342,12,5,8
2018-12-09,10146,40.915000000000006,5.58,343,12,6,9
2018-12-10,10146,69.94500000000001,4.99,344,12,0,10
2018-12-11,10146,88.49000000000001,4.99,345,12,1,11
2018-12-12,10146,31.815000000000005,4.99,346,12,2,12
2018-12-13,10146,29.05500000000001,4.99,347,12,3,13
2018-12-14,10146,33.084999999999994,5.18,348,12,4,14
2018-12-15,10146,44.47,5.18,349,12,5,15
2018-12-16,10146,31.35000000000001,5.18,350,12,6,16
2018-12-17,10146,106.18000000000004,3.49,351,12,0,17
2018-12-18,10146,114.14999999999988,3.49,352,12,1,18
2018-12-19,10146,25.77500000000001,5.18,353,12,2,19
2018-12-20,10146,48.11499999999997,5.18,354,12,3,20
2018-12-21,10146,44.71,4.49,355,12,4,21
2018-12-22,10146,33.044999999999995,4.49,356,12,5,22
2018-12-23,10146,60.67,4.49,357,12,6,23
2018-12-24,10146,124.35000000000004,4.49,358,12,0,24
2018-12-25,10146,0.0,4.49,359,12,1,25
2018-12-26,10146,46.56000000000001,4.49,360,12,2,26
2018-12-27,10146,44.77499999999999,4.49,361,12,3,27
2018-12-28,10146,47.36999999999998,4.49,362,12,4,28
2018-12-29,10146,50.230000000000025,4.49,363,12,5,29
2018-12-30,10146,57.67000000000004,4.49,364,12,6,30
2018-12-31,10146,115.0,4.49,365,12,0,31
2019-01-01,10146,0.0,4.49,1,1,1,1
2019-01-02,10146,64.38000000000002,4.49,2,1,2,2
2019-01-03,10146,43.79500000000001,4.59,3,1,3,3
2019-01-04,10146,45.31,4.59,4,1,4,4
2019-01-05,10146,52.430000000000014,4.59,5,1,5,5
2019-01-06,10146,44.77,4.59,6,1,6,6
2019-01-07,10146,98.37000000000003,4.59,7,1,0,7
2019-01-08,10146,114.065,4.59,8,1,1,8
2019-01-09,10146,38.56000000000001,4.59,9,1,2,9
2019-01-10,10146,30.575,4.59,10,1,3,10
2019-01-11,10146,29.9,4.59,11,1,4,11
2019-01-12,10146,44.06500000000001,4.69,12,1,5,12
2019-01-13,10146,47.43,4.69,13,1,6,13
2019-01-14,10146,105.39099999999998,3.48,14,1,0,14
2019-01-15,10146,94.09999999999998,3.48,15,1,1,15
2019-01-16,10146,41.150000000000006,4.69,16,1,2,16
2019-01-17,10146,30.535,4.69,17,1,3,17
2019-01-18,10146,29.29,4.29,18,1,4,18
2019-01-19,10146,41.750000000000014,4.29,19,1,5,19
2019-01-20,10146,30.784999999999982,4.29,20,1,6,20
2019-01-21,10146,108.86500000000002,3.45,21,1,0,21
2019-01-22,10146,111.23999999999997,3.45,22,1,1,22
2019-01-23,10146,30.860000000000007,4.29,23,1,2,23
2019-01-24,10146,31.235,4.29,24,1,3,24
2019-01-25,10146,31.250000000000004,4.48,25,1,4,25
2019-01-26,10146,51.965,4.48,26,1,5,26
2019-01-27,10146,42.975,4.48,27,1,6,27
2019-01-28,10146,94.775,3.28,28,1,0,28
2019-01-29,10146,100.35,3.28,29,1,1,29
2019-01-30,10146,31.145000000000003,4.48,30,1,2,30
2019-01-31,10146,32.65,4.48,31,1,3,31
2019-02-01,10146,49.875,4.49,32,2,4,1
2019-02-02,10146,51.46999999999999,4.49,33,2,5,2
2019-02-03,10146,38.82,4.49,34,2,6,3
2019-02-04,10146,104.23500000000006,3.45,35,2,0,4
2019-02-05,10146,106.54500000000004,3.45,36,2,1,5
2019-02-06,10146,39.09000000000002,4.49,37,2,2,6
2019-02-07,10146,33.025000000000006,4.49,38,2,3,7
2019-02-08,10146,26.784999999999997,4.49,39,2,4,8
2019-02-09,10146,41.24,4.49,40,2,5,9
2019-02-10,10146,45.48999999999997,4.49,41,2,6,10
2019-02-11,10146,107.69999999999992,2.99,42,2,0,11
2019-02-12,10146,122.7,2.99,43,2,1,12
2019-02-13,10146,27.235000000000007,4.49,44,2,2,13
2019-02-14,10146,21.88,4.49,45,2,3,14
2019-02-15,10146,32.2,4.49,46,2,4,15
2019-02-16,10146,45.835,4.49,47,2,5,16
2019-02-17,10146,40.275,4.49,48,2,6,17
2019-02-18,10146,89.14499999999998,2.69,49,2,0,18
2019-02-19,10146,94.47,2.69,50,2,1,19
2019-02-20,10146,27.73,4.49,51,2,2,20
2019-02-21,10146,25.76000000000001,4.49,52,2,3,21
2019-02-22,10146,25.82,4.59,53,2,4,22
2019-02-23,10146,40.975,4.59,54,2,5,23
2019-02-24,10146,36.61999999999999,4.59,55,2,6,24
2019-02-25,10146,113.88499999999996,2.49,56,2,0,25
2019-02-26,10146,97.99500000000002,2.49,57,2,1,26
2019-02-27,10146,20.585,4.59,58,2,2,27
2019-02-28,10146,38.565,4.59,59,2,3,28
2019-03-01,10146,51.91,4.19,60,3,4,1
2019-03-02,10146,42.89999999999999,4.19,61,3,5,2
2019-03-03,10146,32.329999999999984,4.19,62,3,6,3
2019-03-04,10146,85.847,2.79,63,3,0,4
2019-03-05,10146,87.60499999999992,2.79,64,3,1,5
2019-03-06,10146,39.045,4.19,65,3,2,6
2019-03-07,10146,42.68499999999998,3.89,66,3,3,7
2019-03-08,10146,42.31499999999999,3.89,67,3,4,8
2019-03-09,10146,37.415,3.89,68,3,5,9
2019-03-10,10146,42.455,3.89,69,3,6,10
2019-03-11,10146,105.82500000000005,2.99,70,3,0,11
2019-03-12,10146,89.82000000000002,2.99,71,3,1,12
2019-03-13,10146,27.14,3.89,72,3,2,13
2019-03-14,10146,38.42000000000002,3.89,73,3,3,14
2019-03-15,10146,29.805,3.99,74,3,4,15
2019-03-16,10146,61.385000000000005,3.99,75,3,5,16
2019-03-17,10146,40.155,3.99,76,3,6,17
2019-03-18,10146,116.67499999999995,2.99,77,3,0,18
2019-03-19,10146,102.885,2.99,78,3,1,19
2019-03-20,10146,37.49,3.99,79,3,2,20
2019-03-21,10146,28.380000000000003,3.99,80,3,3,21
2019-03-22,10146,31.35000000000001,3.99,81,3,4,22
2019-03-23,10146,38.93999999999998,3.99,82,3,5,23
2019-03-24,10146,34.44500000000001,3.99,83,3,6,24
2019-03-25,10146,93.5,3.29,84,3,0,25
2019-03-26,10146,96.335,3.29,85,3,1,26
2019-03-27,10146,26.700000000000003,4.49,86,3,2,27
2019-03-28,10146,21.200000000000003,4.49,87,3,3,28
2019-03-29,10146,41.02499999999999,4.49,88,3,4,29
2019-03-30,10146,45.83499999999999,4.49,89,3,5,30
2019-03-31,10146,50.635,4.49,90,3,6,31
2019-04-01,10146,80.29500000000003,4.49,91,4,0,1
2019-04-02,10146,98.18,4.49,92,4,1,2
2019-04-03,10146,37.74999999999999,4.89,93,4,2,3
2019-04-04,10146,25.92,4.89,94,4,3,4
2019-04-05,10146,38.235,4.89,95,4,4,5
2019-04-06,10146,45.86,4.89,96,4,5,6
2019-04-07,10146,37.46000000000001,4.89,97,4,6,7
2019-04-08,10146,91.375,3.49,98,4,0,8
2019-04-09,10146,94.35999999999996,3.49,99,4,1,9
2019-04-10,10146,34.609999999999985,4.89,100,4,2,10
2019-04-11,10146,27.745000000000008,4.89,101,4,3,11
2019-04-12,10146,35.345,4.89,102,4,4,12
2019-04-13,10146,43.45500000000002,4.89,103,4,5,13
2019-04-14,10146,50.40000000000002,4.89,104,4,6,14
2019-04-15,10146,125.22999999999996,2.99,105,4,0,15
2019-04-16,10146,96.13499999999996,2.99,106,4,1,16
2019-04-17,10146,20.754999999999995,4.89,107,4,2,17
2019-04-18,10146,39.245,4.89,108,4,3,18
2019-04-19,10146,35.510000000000005,4.89,109,4,4,19
2019-04-20,10146,30.47,4.89,110,4,5,20
2019-04-21,10146,16.765,4.89,111,4,6,21
2019-04-22,10146,80.71999999999997,2.59,112,4,0,22
2019-04-23,10146,77.76,2.59,113,4,1,23
2019-04-24,10146,28.46,4.89,114,4,2,24
2019-04-25,10146,20.474999999999994,4.89,115,4,3,25
2019-04-26,10146,38.620000000000005,4.89,116,4,4,26
2019-04-27,10146,40.655,4.89,117,4,5,27
2019-04-28,10146,28.299999999999997,4.89,118,4,6,28
2019-04-29,10146,94.18500000000004,2.19,119,4,0,29
2019-04-30,10146,96.28999999999994,2.19,120,4,1,30
2017-01-02,11686,20.766,17.99,2,1,0,2
2017-01-03,11686,5.174,17.99,3,1,1,3
2017-01-04,11686,19.808,15.99,4,1,2,4
2017-01-05,11686,18.906,15.99,5,1,3,5
2017-01-06,11686,12.248,15.99,6,1,4,6
2017-01-07,11686,25.956000000000003,15.99,7,1,5,7
2017-01-08,11686,20.488,15.99,8,1,6,8
2017-01-09,11686,2.39,17.99,9,1,0,9
2017-01-10,11686,2.356,17.99,10,1,1,10
2017-01-11,11686,18.798,14.99,11,1,2,11
2017-01-12,11686,6.8180000000000005,14.99,12,1,3,12
2017-01-13,11686,4.445,17.99,13,1,4,13
2017-01-14,11686,13.867,17.99,14,1,5,14
2017-01-15,11686,31.402,17.99,15,1,6,15
2017-01-16,11686,1.378,17.99,16,1,0,16
2017-01-17,11686,2.588,17.99,17,1,1,17
2017-01-18,11686,5.862,17.99,18,1,2,18
2017-01-19,11686,1.932,17.99,19,1,3,19
2017-01-20,11686,5.872,14.99,20,1,4,20
2017-01-21,11686,32.02,14.99,21,1,5,21
2017-01-22,11686,16.942,14.99,22,1,6,22
2017-01-23,11686,9.519,17.99,23,1,0,23
2017-01-24,11686,1.128,17.99,24,1,1,24
2017-01-25,11686,10.02,17.99,25,1,2,25
2017-01-26,11686,10.106,17.99,26,1,3,26
2017-01-27,11686,10.26,17.99,27,1,4,27
2017-01-28,11686,14.118000000000002,17.99,28,1,5,28
2017-01-29,11686,15.976,17.99,29,1,6,29
2017-01-30,11686,2.5040000000000004,17.99,30,1,0,30
2017-01-31,11686,3.5740000000000003,17.99,31,1,1,31
2017-02-01,11686,4.388,17.99,32,2,2,1
2017-02-02,11686,11.778,17.99,33,2,3,2
2017-02-03,11686,13.532,17.99,34,2,4,3
2017-02-04,11686,18.914,17.99,35,2,5,4
2017-02-05,11686,16.203999999999997,17.99,36,2,6,5
2017-02-06,11686,0.0,17.99,37,2,0,6
2017-02-07,11686,3.12,17.99,38,2,1,7
2017-02-08,11686,9.248,14.99,39,2,2,8
2017-02-09,11686,10.228,14.99,40,2,3,9
2017-02-10,11686,9.31,17.99,41,2,4,10
2017-02-11,11686,16.562,17.99,42,2,5,11
2017-02-12,11686,9.772000000000002,17.99,43,2,6,12
2017-02-13,11686,3.408,17.99,44,2,0,13
2017-02-14,11686,1.554,17.99,45,2,1,14
2017-02-15,11686,11.614,14.99,46,2,2,15
2017-02-16,11686,16.314000000000004,14.99,47,2,3,16
2017-02-17,11686,4.174,15.99,48,2,4,17
2017-02-18,11686,10.378,15.99,49,2,5,18
2017-02-19,11686,11.164,15.99,50,2,6,19
2017-02-20,11686,3.24,15.99,51,2,0,20
2017-02-21,11686,14.036,15.99,52,2,1,21
2017-02-22,11686,9.962000000000003,15.99,53,2,2,22
2017-02-23,11686,9.538,15.99,54,2,3,23
2017-02-24,11686,30.146000000000008,15.99,55,2,4,24
2017-02-25,11686,44.59,15.99,56,2,5,25
2017-02-26,11686,33.052,15.99,57,2,6,26
2017-02-27,11686,29.11,15.99,58,2,0,27
2017-02-28,11686,12.212,15.99,59,2,1,28
2017-03-01,11686,2.898,17.99,60,3,2,1
2017-03-02,11686,3.754,17.99,61,3,3,2
2017-03-03,11686,10.17,17.99,62,3,4,3
2017-03-04,11686,19.166,17.99,63,3,5,4
2017-03-05,11686,13.148,17.99,64,3,6,5
2017-03-06,11686,14.66,17.99,65,3,0,6
2017-03-07,11686,10.691999999999998,17.99,66,3,1,7
2017-03-08,11686,8.91,17.99,67,3,2,8
2017-03-09,11686,3.988,17.99,68,3,3,9
2017-03-10,11686,6.554,15.99,69,3,4,10
2017-03-11,11686,36.926,15.99,70,3,5,11
2017-03-12,11686,28.582,15.99,71,3,6,12
2017-03-13,11686,7.757000000000001,17.99,72,3,0,13
2017-03-14,11686,5.890000000000001,17.99,73,3,1,14
2017-03-15,11686,3.426,17.99,74,3,2,15
2017-03-16,11686,6.402,17.99,75,3,3,16
2017-03-17,11686,6.566,15.98,76,3,4,17
2017-03-18,11686,22.442,15.98,77,3,5,18
2017-03-19,11686,17.390000000000004,15.98,78,3,6,19
2017-03-20,11686,15.750000000000004,17.99,79,3,0,20
2017-03-21,11686,2.782,17.99,80,3,1,21
2017-03-22,11686,8.668000000000001,17.99,81,3,2,22
2017-03-23,11686,2.018,17.99,82,3,3,23
2017-03-24,11686,8.934,15.99,83,3,4,24
2017-03-25,11686,30.278,15.99,84,3,5,25
2017-03-26,11686,21.07,15.99,85,3,6,26
2017-03-27,11686,10.358,17.99,86,3,0,27
2017-03-28,11686,5.81,17.99,87,3,1,28
2017-03-29,11686,6.0760000000000005,17.99,88,3,2,29
2017-03-30,11686,2.834,17.99,89,3,3,30
2017-03-31,11686,10.314,17.99,90,3,4,31
2017-04-01,11686,14.627999999999998,17.99,91,4,5,1
2017-04-02,11686,20.192000000000007,17.99,92,4,6,2
2017-04-03,11686,8.144,17.99,93,4,0,3
2017-04-04,11686,5.5280000000000005,17.99,94,4,1,4
2017-04-05,11686,2.716,17.99,95,4,2,5
2017-04-06,11686,6.629999999999999,17.99,96,4,3,6
2017-04-07,11686,14.01,17.99,97,4,4,7
2017-04-08,11686,8.038,17.99,98,4,5,8
2017-04-09,11686,14.769999999999998,17.99,99,4,6,9
2017-04-10,11686,8.620000000000001,17.99,100,4,0,10
2017-04-11,11686,2.536,17.99,101,4,1,11
2017-04-12,11686,5.488,17.99,102,4,2,12
2017-04-13,11686,10.047999999999998,17.99,103,4,3,13
2017-04-14,11686,1.08,17.99,104,4,4,14
2017-04-15,11686,14.894000000000002,17.99,105,4,5,15
2017-04-16,11686,14.372,17.99,106,4,6,16
2017-04-17,11686,6.5920000000000005,17.99,107,4,0,17
2017-04-18,11686,4.917999999999999,17.99,108,4,1,18
2017-04-19,11686,2.696,17.99,109,4,2,19
2017-04-20,11686,5.026,17.99,110,4,3,20
2017-04-21,11686,10.928,15.98,111,4,4,21
2017-04-22,11686,20.218,15.98,112,4,5,22
2017-04-23,11686,10.346,15.98,113,4,6,23
2017-04-24,11686,1.986,17.99,114,4,0,24
2017-04-25,11686,1.546,17.99,115,4,1,25
2017-04-26,11686,12.984,14.99,116,4,2,26
2017-04-27,11686,7.921999999999999,14.99,117,4,3,27
2017-04-28,11686,15.18,15.98,118,4,4,28
2017-04-29,11686,10.386,15.98,119,4,5,29
2017-04-30,11686,39.67,15.98,120,4,6,30
2017-05-01,11686,0.0,15.98,121,5,0,1
2017-05-02,11686,6.052,17.99,122,5,1,2
2017-05-03,11686,6.684,17.99,123,5,2,3
2017-05-04,11686,6.002,17.99,124,5,3,4
2017-05-05,11686,8.4,17.99,125,5,4,5
2017-05-06,11686,36.499,15.99,126,5,5,6
2017-05-07,11686,21.334,15.99,127,5,6,7
2017-05-08,11686,3.292,17.99,128,5,0,8
2017-05-09,11686,9.654,17.99,129,5,1,9
2017-05-10,11686,7.794,17.99,130,5,2,10
2017-05-11,11686,6.947999999999999,17.99,131,5,3,11
2017-05-12,11686,8.085999999999999,17.99,132,5,4,12
2017-05-13,11686,23.01,17.99,133,5,5,13
2017-05-14,11686,12.394,17.99,134,5,6,14
2017-05-15,11686,0.0,17.99,135,5,0,15
2017-05-16,11686,6.216,17.99,136,5,1,16
2017-05-17,11686,6.453999999999999,15.99,137,5,2,17
2017-05-18,11686,19.378,15.99,138,5,3,18
2017-05-19,11686,8.046,15.98,139,5,4,19
2017-05-20,11686,35.55199999999999,15.98,140,5,5,20
2017-05-21,11686,25.380000000000003,15.98,141,5,6,21
2017-05-22,11686,1.16,17.99,142,5,0,22
2017-05-23,11686,1.97,17.99,143,5,1,23
2017-05-24,11686,5.547999999999999,15.99,144,5,2,24
2017-05-25,11686,11.964,15.99,145,5,3,25
2017-05-26,11686,8.372,17.99,146,5,4,26
2017-05-27,11686,26.432,17.99,147,5,5,27
2017-05-28,11686,14.864,17.99,148,5,6,28
2017-05-29,11686,1.732,17.99,149,5,0,29
2017-05-30,11686,3.58,17.99,150,5,1,30
2017-05-31,11686,8.992,17.99,151,5,2,31
2017-06-01,11686,9.032,17.99,152,6,3,1
2017-06-02,11686,14.983999999999998,17.99,153,6,4,2
2017-06-03,11686,6.4,17.99,154,6,5,3
2017-06-04,11686,10.188,17.99,155,6,6,4
2017-06-05,11686,1.004,17.99,156,6,0,5
2017-06-06,11686,4.928,17.99,157,6,1,6
2017-06-07,11686,12.059999999999995,17.99,158,6,2,7
2017-06-08,11686,5.761,18.99,159,6,3,8
2017-06-09,11686,5.44,15.99,160,6,4,9
2017-06-10,11686,24.73,15.99,161,6,5,10
2017-06-11,11686,16.762,15.99,162,6,6,11
2017-06-12,11686,7.773999999999999,15.99,163,6,0,12
2017-06-13,11686,6.486000000000001,15.99,164,6,1,13
2017-06-14,11686,6.892000000000001,18.99,165,6,2,14
2017-06-15,11686,8.42,18.99,166,6,3,15
2017-06-16,11686,13.598999999999998,15.99,167,6,4,16
2017-06-17,11686,39.018,15.89,168,6,5,17
2017-06-18,11686,32.975,15.89,169,6,6,18
2017-06-19,11686,6.498000000000001,18.99,170,6,0,19
2017-06-20,11686,4.272,18.99,171,6,1,20
2017-06-21,11686,5.288,18.99,172,6,2,21
2017-06-22,11686,11.345999999999998,18.99,173,6,3,22
2017-06-23,11686,17.793,14.99,174,6,4,23
2017-06-24,11686,31.459999999999997,14.99,175,6,5,24
2017-06-25,11686,50.322,14.99,176,6,6,25
2017-06-26,11686,8.576,18.99,177,6,0,26
2017-06-27,11686,1.1,18.99,178,6,1,27
2017-06-28,11686,3.362,18.99,179,6,2,28
2017-06-29,11686,1.592,18.99,180,6,3,29
2017-06-30,11686,13.158,14.99,181,6,4,30
2017-07-01,11686,41.552,14.99,182,7,5,1
2017-07-02,11686,8.83,14.99,183,7,6,2
2017-07-03,11686,2.107,18.99,184,7,0,3
2017-07-04,11686,3.3150000000000004,18.99,185,7,1,4
2017-07-05,11686,2.43,18.99,186,7,2,5
2017-07-06,11686,5.002,18.99,187,7,3,6
2017-07-07,11686,9.916,14.99,188,7,4,7
2017-07-08,11686,29.440000000000005,14.99,189,7,5,8
2017-07-09,11686,27.766,14.99,190,7,6,9
2017-07-10,11686,4.178000000000001,18.99,191,7,0,10
2017-07-11,11686,2.682,18.99,192,7,1,11
2017-07-12,11686,6.432,18.99,193,7,2,12
2017-07-13,11686,5.374,18.99,194,7,3,13
2017-07-14,11686,16.582,14.99,195,7,4,14
2017-07-15,11686,38.20799999999999,14.99,196,7,5,15
2017-07-16,11686,40.86799999999999,14.99,197,7,6,16
2017-07-17,11686,4.7860000000000005,18.99,198,7,0,17
2017-07-18,11686,3.932,18.99,199,7,1,18
2017-07-19,11686,6.452,18.99,200,7,2,19
2017-07-20,11686,1.582,18.99,201,7,3,20
2017-07-21,11686,23.382,14.49,202,7,4,21
2017-07-22,11686,24.418,14.49,203,7,5,22
2017-07-23,11686,12.8,14.49,204,7,6,23
2017-07-24,11686,0.0,14.49,205,7,0,24
2017-07-25,11686,2.314,18.99,206,7,1,25
2017-07-26,11686,3.342,18.99,207,7,2,26
2017-07-27,11686,0.0,18.99,208,7,3,27
2017-07-28,11686,29.142,14.49,209,7,4,28
2017-07-29,11686,43.207999999999984,14.49,210,7,5,29
2017-07-30,11686,34.744,14.49,211,7,6,30
2017-07-31,11686,4.786,18.99,212,7,0,31
2017-08-01,11686,5.901999999999999,18.99,213,8,1,1
2017-08-02,11686,5.128,18.99,214,8,2,2
2017-08-03,11686,4.44,18.99,215,8,3,3
2017-08-04,11686,18.634,14.49,216,8,4,4
2017-08-05,11686,60.387,14.49,217,8,5,5
2017-08-06,11686,31.786,14.49,218,8,6,6
2017-08-07,11686,8.080000000000002,18.99,219,8,0,7
2017-08-08,11686,2.8920000000000003,18.99,220,8,1,8
2017-08-09,11686,2.898,18.99,221,8,2,9
2017-08-10,11686,4.208,18.99,222,8,3,10
2017-08-11,11686,20.448,14.49,223,8,4,11
2017-08-12,11686,44.90200000000001,14.49,224,8,5,12
2017-08-13,11686,62.52199999999999,14.49,225,8,6,13
2017-08-14,11686,4.244,18.99,226,8,0,14
2017-08-15,11686,3.978,18.99,227,8,1,15
2017-08-16,11686,16.448,14.79,228,8,2,16
2017-08-17,11686,18.21,14.79,229,8,3,17
2017-08-18,11686,12.86,14.99,230,8,4,18
2017-08-19,11686,44.336000000000006,14.99,231,8,5,19
2017-08-20,11686,41.846,14.99,232,8,6,20
2017-08-21,11686,16.41,18.99,233,8,0,21
2017-08-22,11686,7.18,18.99,234,8,1,22
2017-08-23,11686,4.01,18.99,235,8,2,23
2017-08-24,11686,5.696,18.99,236,8,3,24
2017-08-25,11686,13.346,14.99,237,8,4,25
2017-08-26,11686,22.276,14.99,238,8,5,26
2017-08-27,11686,28.978000000000005,14.99,239,8,6,27
2017-08-28,11686,8.040000000000001,14.99,240,8,0,28
2017-08-29,11686,4.936,18.99,241,8,1,29
2017-08-30,11686,17.576,14.99,242,8,2,30
2017-08-31,11686,28.842,14.99,243,8,3,31
2017-09-01,11686,20.664000000000005,14.99,244,9,4,1
2017-09-02,11686,44.604,14.99,245,9,5,2
2017-09-03,11686,46.418,14.99,246,9,6,3
2017-09-04,11686,11.16,18.99,247,9,0,4
2017-09-05,11686,1.522,18.99,248,9,1,5
2017-09-06,11686,45.750000000000014,14.98,249,9,2,6
2017-09-07,11686,43.23400000000001,14.98,250,9,3,7
2017-09-08,11686,8.911,18.99,251,9,4,8
2017-09-09,11686,26.290000000000003,14.99,252,9,5,9
2017-09-10,11686,37.918,14.99,253,9,6,10
