sales_curva_a.csv
date,item_nbr,unit_sales,price,day_of_year,month,day_of_week,day_of_month
2017-09-11,11686,8.31,18.99,254,9,0,11
2017-09-12,11686,6.608,18.99,255,9,1,12
2017-09-13,11686,11.336,14.98,256,9,2,13
2017-09-14,11686,30.192,14.98,257,9,3,14
2017-09-15,11686,24.712,14.99,258,9,4,15
2017-09-16,11686,28.738,14.99,259,9,5,16
2017-09-17,11686,35.01,14.99,260,9,6,17
2017-09-18,11686,3.044,18.99,261,9,0,18
2017-09-19,11686,5.75,18.99,262,9,1,19
2017-09-20,11686,26.974000000000004,14.98,263,9,2,20
2017-09-21,11686,23.6,14.98,264,9,3,21
2017-09-22,11686,11.934,14.99,265,9,4,22
2017-09-23,11686,49.55199999999999,14.99,266,9,5,23
2017-09-24,11686,41.228,14.99,267,9,6,24
2017-09-25,11686,20.492,14.99,268,9,0,25
2017-09-26,11686,17.46,14.99,269,9,1,26
2017-09-27,11686,32.412,14.99,270,9,2,27
2017-09-28,11686,15.091,14.99,271,9,3,28
2017-09-29,11686,39.206,13.99,272,9,4,29
2017-09-30,11686,90.22999999999996,13.99,273,9,5,30
2017-10-01,11686,88.93400000000001,13.99,274,10,6,1
2017-10-02,11686,2.768,13.99,275,10,0,2
2017-10-03,11686,4.140000000000001,18.99,276,10,1,3
2017-10-04,11686,6.384,18.99,277,10,2,4
2017-10-05,11686,3.735,18.99,278,10,3,5
2017-10-06,11686,30.043999999999997,13.95,279,10,4,6
2017-10-07,11686,59.016,13.95,280,10,5,7
2017-10-08,11686,37.720000000000006,13.95,281,10,6,8
2017-10-09,11686,5.026,18.99,282,10,0,9
2017-10-10,11686,6.366,18.99,283,10,1,10
2017-10-11,11686,13.208,18.99,284,10,2,11
2017-10-12,11686,17.524000000000004,18.99,285,10,3,12
2017-10-13,11686,20.979,14.99,286,10,4,13
2017-10-14,11686,32.906000000000006,14.99,287,10,5,14
2017-10-15,11686,26.452,14.99,288,10,6,15
2017-10-16,11686,6.811,18.99,289,10,0,16
2017-10-17,11686,5.088,18.99,290,10,1,17
2017-10-18,11686,4.622000000000001,18.99,291,10,2,18
2017-10-19,11686,5.968,18.99,292,10,3,19
2017-10-20,11686,12.028,18.99,293,10,4,20
2017-10-21,11686,11.864,18.99,294,10,5,21
2017-10-22,11686,23.71,18.99,295,10,6,22
2017-10-23,11686,8.638,18.99,296,10,0,23
2017-10-24,11686,2.8560000000000003,18.99,297,10,1,24
2017-10-25,11686,8.068,18.99,298,10,2,25
2017-10-26,11686,2.3160000000000003,18.99,299,10,3,26
2017-10-27,11686,4.5360000000000005,18.99,300,10,4,27
2017-10-28,11686,20.888,18.99,301,10,5,28
2017-10-29,11686,20.276000000000003,18.99,302,10,6,29
2017-10-30,11686,3.442,18.99,303,10,0,30
2017-10-31,11686,9.004,18.99,304,10,1,31
2017-11-01,11686,5.882,18.99,305,11,2,1
2017-11-02,11686,21.074,18.99,306,11,3,2
2017-11-03,11686,9.934,13.97,307,11,4,3
2017-11-04,11686,35.382,13.97,308,11,5,4
2017-11-05,11686,57.71,13.97,309,11,6,5
2017-11-06,11686,5.532,18.99,310,11,0,6
2017-11-07,11686,5.8500000000000005,18.99,311,11,1,7
2017-11-08,11686,5.666,18.99,312,11,2,8
2017-11-09,11686,5.908,18.99,313,11,3,9
2017-11-10,11686,8.824,18.99,314,11,4,10
2017-11-11,11686,18.648,18.99,315,11,5,11
2017-11-12,11686,26.441999999999997,18.99,316,11,6,12
2017-11-13,11686,6.928,18.99,317,11,0,13
2017-11-14,11686,11.232,18.99,318,11,1,14
2017-11-15,11686,8.402,18.99,319,11,2,15
2017-11-16,11686,9.236,18.99,320,11,3,16
2017-11-17,11686,16.105,13.99,321,11,4,17
2017-11-18,11686,63.546,13.99,322,11,5,18
2017-11-19,11686,52.02600000000001,13.99,323,11,6,19
2017-11-20,11686,8.128,18.99,324,11,0,20
2017-11-21,11686,7.851999999999999,18.99,325,11,1,21
2017-11-22,11686,7.432,18.99,326,11,2,22
2017-11-23,11686,43.62700000000001,13.49,327,11,3,23
2017-11-24,11686,37.524,13.49,328,11,4,24
2017-11-25,11686,47.34,13.49,329,11,5,25
2017-11-26,11686,66.028,13.49,330,11,6,26
2017-11-27,11686,5.824000000000001,18.99,331,11,0,27
2017-11-28,11686,3.568,18.99,332,11,1,28
2017-11-29,11686,7.138999999999999,17.99,333,11,2,29
2017-11-30,11686,1.346,17.99,334,11,3,30
2017-12-01,11686,29.795,13.69,335,12,4,1
2017-12-02,11686,53.19499999999999,13.69,336,12,5,2
2017-12-03,11686,17.182,13.69,337,12,6,3
2017-12-04,11686,5.46,17.99,338,12,0,4
2017-12-05,11686,10.866,17.99,339,12,1,5
2017-12-06,11686,7.41,17.99,340,12,2,6
2017-12-07,11686,10.198,17.99,341,12,3,7
2017-12-08,11686,14.822,17.99,342,12,4,8
2017-12-09,11686,32.401999999999994,13.98,343,12,5,9
2017-12-10,11686,48.01800000000001,13.98,344,12,6,10
2017-12-11,11686,10.471999999999998,17.99,345,12,0,11
2017-12-12,11686,4.866999999999999,17.99,346,12,1,12
2017-12-13,11686,9.039,17.99,347,12,2,13
2017-12-14,11686,22.290000000000003,12.99,348,12,3,14
2017-12-15,11686,51.418,12.99,349,12,4,15
2017-12-16,11686,102.10599999999997,12.99,350,12,5,16
2017-12-17,11686,66.05799999999999,12.99,351,12,6,17
2017-12-18,11686,9.394,17.99,352,12,0,18
2017-12-19,11686,7.1080000000000005,17.99,353,12,1,19
2017-12-20,11686,7.736000000000001,17.99,354,12,2,20
2017-12-21,11686,6.898000000000001,17.99,355,12,3,21
2017-12-22,11686,21.066000000000003,17.99,356,12,4,22
2017-12-23,11686,90.323,13.99,357,12,5,23
2017-12-24,11686,123.82999999999988,13.99,358,12,6,24
2017-12-25,11686,0.0,13.99,359,12,0,25
2017-12-26,11686,8.724,17.99,360,12,1,26
2017-12-27,11686,21.636,13.99,361,12,2,27
2017-12-28,11686,39.94400000000001,13.99,362,12,3,28
2017-12-29,11686,44.556,13.99,363,12,4,29
2017-12-30,11686,104.744,13.99,364,12,5,30
2017-12-31,11686,88.616,13.99,365,12,6,31
2018-01-01,11686,0.0,13.99,1,1,0,1
2018-01-02,11686,0.0,13.99,2,1,1,2
2018-01-03,11686,1.986,17.99,3,1,2,3
2018-01-04,11686,6.983999999999999,17.99,4,1,3,4
2018-01-05,11686,11.111999999999998,17.99,5,1,4,5
2018-01-06,11686,15.234000000000002,17.99,6,1,5,6
2018-01-07,11686,31.062000000000005,17.99,7,1,6,7
2018-01-08,11686,4.916,17.99,8,1,0,8
2018-01-09,11686,3.406,17.99,9,1,1,9
2018-01-10,11686,3.87,17.99,10,1,2,10
2018-01-11,11686,19.584,14.99,11,1,3,11
2018-01-12,11686,31.128,14.99,12,1,4,12
2018-01-13,11686,42.63799999999999,14.99,13,1,5,13
2018-01-14,11686,35.93,14.99,14,1,6,14
2018-01-15,11686,16.976,17.99,15,1,0,15
2018-01-16,11686,15.668000000000005,17.99,16,1,1,16
2018-01-17,11686,6.746,17.99,17,1,2,17
2018-01-18,11686,4.216,17.99,18,1,3,18
2018-01-19,11686,11.948,17.99,19,1,4,19
2018-01-20,11686,16.345000000000002,16.98,20,1,5,20
2018-01-21,11686,43.83400000000001,16.98,21,1,6,21
2018-01-22,11686,1.71,17.99,22,1,0,22
2018-01-23,11686,5.176,17.99,23,1,1,23
2018-01-24,11686,8.453999999999999,16.99,24,1,2,24
2018-01-25,11686,12.918,16.99,25,1,3,25
2018-01-26,11686,24.188,13.98,26,1,4,26
2018-01-27,11686,48.856,13.98,27,1,5,27
2018-01-28,11686,51.344,13.98,28,1,6,28
2018-01-29,11686,8.438,16.99,29,1,0,29
2018-01-30,11686,2.104,16.99,30,1,1,30
2018-01-31,11686,7.084,16.99,31,1,2,31
2018-02-01,11686,10.046,16.99,32,2,3,1
2018-02-02,11686,23.56,16.99,33,2,4,2
2018-02-03,11686,54.467000000000006,14.99,34,2,5,3
2018-02-04,11686,38.397,14.99,35,2,6,4
2018-02-05,11686,12.188,16.99,36,2,0,5
2018-02-06,11686,11.416000000000002,16.99,37,2,1,6
2018-02-07,11686,11.510000000000002,16.99,38,2,2,7
2018-02-08,11686,39.54,13.99,39,2,3,8
2018-02-09,11686,34.882,13.99,40,2,4,9
2018-02-10,11686,95.064,13.99,41,2,5,10
2018-02-11,11686,56.19799999999999,13.99,42,2,6,11
2018-02-12,11686,47.684,13.99,43,2,0,12
2018-02-13,11686,54.008,13.99,44,2,1,13
2018-02-14,11686,11.836,13.99,45,2,2,14
2018-02-15,11686,6.21,16.99,46,2,3,15
2018-02-16,11686,12.869999999999996,16.99,47,2,4,16
2018-02-17,11686,19.213999999999995,15.99,48,2,5,17
2018-02-18,11686,14.54,15.99,49,2,6,18
2018-02-19,11686,2.368,15.99,50,2,0,19
2018-02-20,11686,5.208,15.99,51,2,1,20
2018-02-21,11686,8.212,15.99,52,2,2,21
2018-02-22,11686,10.168,15.99,53,2,3,22
2018-02-23,11686,11.018,15.99,54,2,4,23
2018-02-24,11686,25.594,12.99,55,2,5,24
2018-02-25,11686,71.66799999999999,12.99,56,2,6,25
2018-02-26,11686,9.615,15.99,57,2,0,26
2018-02-27,11686,5.398,15.99,58,2,1,27
2018-02-28,11686,9.888,15.99,59,2,2,28
2018-03-01,11686,16.637999999999998,15.99,60,3,3,1
2018-03-02,11686,15.070000000000002,15.99,61,3,4,2
2018-03-03,11686,38.28599999999999,15.99,62,3,5,3
2018-03-04,11686,39.879,15.99,63,3,6,4
2018-03-05,11686,11.42,15.99,64,3,0,5
2018-03-06,11686,8.9,15.99,65,3,1,6
2018-03-07,11686,13.714,15.99,66,3,2,7
2018-03-08,11686,14.108,15.99,67,3,3,8
2018-03-09,11686,13.082,15.99,68,3,4,9
2018-03-10,11686,19.636000000000003,15.99,69,3,5,10
2018-03-11,11686,25.302,15.99,70,3,6,11
2018-03-12,11686,13.205999999999996,15.99,71,3,0,12
2018-03-13,11686,6.598,15.99,72,3,1,13
2018-03-14,11686,10.904,15.99,73,3,2,14
2018-03-15,11686,9.274,15.99,74,3,3,15
2018-03-16,11686,11.13,15.99,75,3,4,16
2018-03-17,11686,25.048,15.99,76,3,5,17
2018-03-18,11686,44.132000000000005,15.99,77,3,6,18
2018-03-19,11686,22.042,15.99,78,3,0,19
2018-03-20,11686,15.332,15.99,79,3,1,20
2018-03-21,11686,4.684,15.99,80,3,2,21
2018-03-22,11686,15.372000000000002,15.99,81,3,3,22
2018-03-23,11686,11.852,14.99,82,3,4,23
2018-03-24,11686,24.24,14.99,83,3,5,24
2018-03-25,11686,44.446000000000005,14.99,84,3,6,25
2018-03-26,11686,16.578,15.99,85,3,0,26
2018-03-27,11686,13.354,15.99,86,3,1,27
2018-03-28,11686,7.934,15.99,87,3,2,28
2018-03-29,11686,19.028,15.99,88,3,3,29
2018-03-30,11686,21.944,15.99,89,3,4,30
2018-03-31,11686,33.208000000000006,15.99,90,3,5,31
2018-04-01,11686,17.08,15.99,91,4,6,1
2018-04-02,11686,14.521999999999998,15.99,92,4,0,2
2018-04-03,11686,9.316,15.99,93,4,1,3
2018-04-04,11686,17.299999999999997,15.99,94,4,2,4
2018-04-05,11686,8.96,15.99,95,4,3,5
2018-04-06,11686,10.825,15.99,96,4,4,6
2018-04-07,11686,24.445,14.89,97,4,5,7
2018-04-08,11686,36.436,14.89,98,4,6,8
2018-04-09,11686,7.836,15.99,99,4,0,9
2018-04-10,11686,10.982,15.99,100,4,1,10
2018-04-11,11686,19.93,15.99,101,4,2,11
2018-04-12,11686,12.689999999999998,15.99,102,4,3,12
2018-04-13,11686,14.271999999999998,15.99,103,4,4,13
2018-04-14,11686,36.038,15.99,104,4,5,14
2018-04-15,11686,27.526,15.99,105,4,6,15
2018-04-16,11686,10.02,15.99,106,4,0,16
2018-04-17,11686,7.303999999999999,15.99,107,4,1,17
2018-04-18,11686,9.254,15.99,108,4,2,18
2018-04-19,11686,10.914,15.99,109,4,3,19
2018-04-20,11686,15.345999999999998,15.99,110,4,4,20
2018-04-21,11686,36.842000000000006,15.99,111,4,5,21
2018-04-22,11686,17.968,15.99,112,4,6,22
2018-04-23,11686,8.824,15.99,113,4,0,23
2018-04-24,11686,8.306000000000001,15.99,114,4,1,24
2018-04-25,11686,12.718,15.99,115,4,2,25
2018-04-26,11686,26.712000000000003,13.79,116,4,3,26
2018-04-27,11686,16.732,13.79,117,4,4,27
2018-04-28,11686,34.49800000000001,13.79,118,4,5,28
2018-04-29,11686,49.046,13.79,119,4,6,29
2018-04-30,11686,23.114000000000008,13.79,120,4,0,30
2018-05-01,11686,45.965,15.99,121,5,1,1
2018-05-02,11686,11.563,15.99,122,5,2,2
2018-05-03,11686,17.725999999999996,15.99,123,5,3,3
2018-05-04,11686,5.118,14.98,124,5,4,4
2018-05-05,11686,22.114,14.98,125,5,5,5
2018-05-06,11686,32.87400000000001,14.98,126,5,6,6
2018-05-07,11686,9.071,15.99,127,5,0,7
2018-05-08,11686,14.324000000000002,15.99,128,5,1,8
2018-05-09,11686,7.672,15.99,129,5,2,9
2018-05-10,11686,16.724,15.99,130,5,3,10
2018-05-11,11686,8.443999999999999,15.99,131,5,4,11
2018-05-12,11686,32.008,15.99,132,5,5,12
2018-05-13,11686,13.548,15.99,133,5,6,13
2018-05-14,11686,12.073999999999998,15.99,134,5,0,14
2018-05-15,11686,6.666,15.99,135,5,1,15
2018-05-16,11686,8.166,15.99,136,5,2,16
2018-05-17,11686,14.188000000000002,15.99,137,5,3,17
2018-05-18,11686,12.068,15.99,138,5,4,18
2018-05-19,11686,21.756,15.99,139,5,5,19
2018-05-20,11686,19.586,15.99,140,5,6,20
2018-05-21,11686,2.588,15.99,141,5,0,21
2018-05-22,11686,0.6779999999999999,15.99,142,5,1,22
2018-05-23,11686,11.607,15.99,143,5,2,23
2018-05-24,11686,7.136,15.99,144,5,3,24
2018-05-25,11686,8.376,15.99,145,5,4,25
2018-05-26,11686,24.348000000000003,15.99,146,5,5,26
2018-05-27,11686,21.536,15.99,147,5,6,27
2018-05-28,11686,3.5779999999999994,15.99,148,5,0,28
2018-05-29,11686,6.986000000000001,15.99,149,5,1,29
2018-05-30,11686,21.13,16.99,150,5,2,30
2018-05-31,11686,26.768,16.99,151,5,3,31
2018-06-01,11686,27.526000000000007,16.99,152,6,4,1
2018-06-02,11686,26.172999999999995,17.98,153,6,5,2
2018-06-03,11686,9.551,17.98,154,6,6,3
2018-06-04,11686,0.0,17.98,155,6,0,4
2018-06-05,11686,0.0,17.98,156,6,1,5
2018-06-06,11686,8.81,17.98,157,6,2,6
2018-06-07,11686,2.904,18.99,158,6,3,7
2018-06-08,11686,3.479,18.99,159,6,4,8
2018-06-09,11686,16.438000000000002,18.99,160,6,5,9
2018-06-10,11686,16.45,18.99,161,6,6,10
2018-06-11,11686,5.756,18.99,162,6,0,11
2018-06-12,11686,2.9400000000000004,18.99,163,6,1,12
2018-06-13,11686,6.356,18.99,164,6,2,13
2018-06-14,11686,5.436,18.99,165,6,3,14
2018-06-15,11686,6.036,18.99,166,6,4,15
2018-06-16,11686,26.322,17.99,167,6,5,16
2018-06-17,11686,67.962,17.99,168,6,6,17
2018-06-18,11686,10.04,18.99,169,6,0,18
2018-06-19,11686,0.6559999999999999,18.99,170,6,1,19
2018-06-20,11686,3.75,21.79,171,6,2,20
2018-06-21,11686,0.7819999999999999,21.79,172,6,3,21
2018-06-22,11686,10.010000000000002,21.79,173,6,4,22
2018-06-23,11686,13.745999999999997,21.79,174,6,5,23
2018-06-24,11686,8.706,21.79,175,6,6,24
2018-06-25,11686,0.6659999999999999,21.79,176,6,0,25
2018-06-26,11686,0.836,21.79,177,6,1,26
2018-06-27,11686,8.96,21.79,178,6,2,27
2018-06-28,11686,3.028,21.79,179,6,3,28
2018-06-29,11686,1.624,21.79,180,6,4,29
2018-06-30,11686,10.958,18.98,181,6,5,30
2018-07-01,11686,32.60600000000001,18.98,182,7,6,1
2018-07-02,11686,37.208000000000006,18.98,183,7,0,2
2018-07-03,11686,3.93,18.98,184,7,1,3
2018-07-04,11686,4.072,18.98,185,7,2,4
2018-07-05,11686,13.44,18.98,186,7,3,5
2018-07-06,11686,35.538,18.98,187,7,4,6
2018-07-07,11686,7.198,18.98,188,7,5,7
2018-07-08,11686,12.964,18.98,189,7,6,8
2018-07-09,11686,4.5840000000000005,18.98,190,7,0,9
2018-07-10,11686,5.202,18.98,191,7,1,10
2018-07-11,11686,5.3,18.98,192,7,2,11
2018-07-12,11686,3.27,18.98,193,7,3,12
2018-07-13,11686,17.957,16.99,194,7,4,13
2018-07-14,11686,30.381999999999994,16.99,195,7,5,14
2018-07-15,11686,24.514000000000006,16.99,196,7,6,15
2018-07-16,11686,10.364,18.98,197,7,0,16
2018-07-17,11686,4.712,18.98,198,7,1,17
2018-07-18,11686,0.488,18.98,199,7,2,18
2018-07-19,11686,1.584,18.98,200,7,3,19
2018-07-20,11686,15.557999999999998,16.99,201,7,4,20
2018-07-21,11686,28.736000000000004,14.99,202,7,5,21
2018-07-22,11686,25.390000000000004,14.99,203,7,6,22
2018-07-23,11686,8.292,14.99,204,7,0,23
2018-07-24,11686,4.119,21.79,205,7,1,24
2018-07-25,11686,35.232000000000006,15.99,206,7,2,25
2018-07-26,11686,22.673999999999992,15.99,207,7,3,26
2018-07-27,11686,8.743,21.79,208,7,4,27
2018-07-28,11686,15.958,14.99,209,7,5,28
2018-07-29,11686,24.229999999999997,14.99,210,7,6,29
2018-07-30,11686,3.415,21.79,211,7,0,30
2018-07-31,11686,7.368,21.79,212,7,1,31
2018-08-01,11686,35.265,15.99,213,8,2,1
2018-08-02,11686,25.844000000000005,15.99,214,8,3,2
2018-08-03,11686,5.666,21.79,215,8,4,3
2018-08-04,11686,22.826000000000004,15.99,216,8,5,4
2018-08-05,11686,16.994,15.99,217,8,6,5
2018-08-06,11686,6.434,21.79,218,8,0,6
2018-08-07,11686,2.262,21.79,219,8,1,7
2018-08-08,11686,19.663,14.99,220,8,2,8
2018-08-09,11686,24.433,14.99,221,8,3,9
2018-08-10,11686,15.477999999999998,15.49,222,8,4,10
2018-08-11,11686,45.972,14.99,223,8,5,11
2018-08-12,11686,66.6,14.99,224,8,6,12
2018-08-13,11686,0.872,21.79,225,8,0,13
2018-08-14,11686,2.192,21.79,226,8,1,14
2018-08-15,11686,22.554,15.49,227,8,2,15
2018-08-16,11686,22.562,15.49,228,8,3,16
2018-08-17,11686,12.833999999999996,14.99,229,8,4,17
2018-08-18,11686,47.124,14.48,230,8,5,18
2018-08-19,11686,33.016,14.48,231,8,6,19
2018-08-20,11686,4.451999999999999,21.79,232,8,0,20
2018-08-21,11686,4.178,21.79,233,8,1,21
2018-08-22,11686,11.428,15.49,234,8,2,22
2018-08-23,11686,14.326,15.49,235,8,3,23
2018-08-24,11686,20.814,14.99,236,8,4,24
2018-08-25,11686,31.001,14.99,237,8,5,25
2018-08-26,11686,10.426,14.99,238,8,6,26
2018-08-27,11686,3.082,21.79,239,8,0,27
2018-08-28,11686,2.256,21.79,240,8,1,28
2018-08-29,11686,2.418,21.79,241,8,2,29
2018-08-30,11686,4.42,21.79,242,8,3,30
2018-08-31,11686,5.7,21.79,243,8,4,31
2018-09-01,11686,40.5,14.99,244,9,5,1
2018-09-02,11686,33.43099999999999,14.89,245,9,6,2
2018-09-03,11686,13.929999999999998,14.99,246,9,0,3
2018-09-04,11686,15.582,14.99,247,9,1,4
2018-09-05,11686,23.685999999999996,15.49,248,9,2,5
2018-09-06,11686,25.068,14.99,249,9,3,6
2018-09-07,11686,32.214,14.99,250,9,4,7
2018-09-08,11686,27.31900000000001,14.99,251,9,5,8
2018-09-09,11686,22.57,14.99,252,9,6,9
2018-09-10,11686,8.042,14.99,253,9,0,10
2018-09-11,11686,4.184,14.99,254,9,1,11
2018-09-12,11686,16.376,14.99,255,9,2,12
2018-09-13,11686,22.677000000000007,13.99,256,9,3,13
2018-09-14,11686,28.784999999999997,13.99,257,9,4,14
2018-09-15,11686,37.75000000000001,13.99,258,9,5,15
2018-09-16,11686,32.349,13.99,259,9,6,16
2018-09-17,11686,7.518000000000001,14.99,260,9,0,17
2018-09-18,11686,8.991999999999999,14.99,261,9,1,18
2018-09-19,11686,15.13,14.99,262,9,2,19
2018-09-20,11686,16.36,14.99,263,9,3,20
2018-09-21,11686,13.272,14.99,264,9,4,21
2018-09-22,11686,25.453,18.99,265,9,5,22
2018-09-23,11686,32.279,18.99,266,9,6,23
2018-09-24,11686,11.121999999999998,18.99,267,9,0,24
2018-09-25,11686,5.216,18.99,268,9,1,25
2018-09-26,11686,31.696,14.49,269,9,2,26
2018-09-27,11686,17.396,14.49,270,9,3,27
2018-09-28,11686,18.171,13.49,271,9,4,28
2018-09-29,11686,45.434,13.49,272,9,5,29
2018-09-30,11686,49.78399999999999,13.49,273,9,6,30
2018-10-01,11686,4.264,16.24,274,10,0,1
2018-10-02,11686,5.646,18.99,275,10,1,2
2018-10-03,11686,17.674,14.49,276,10,2,3
2018-10-04,11686,32.606,14.49,277,10,3,4
2018-10-05,11686,36.374,12.99,278,10,4,5
2018-10-06,11686,55.676,12.99,279,10,5,6
2018-10-07,11686,37.44899999999999,12.99,280,10,6,7
2018-10-08,11686,7.514,18.99,281,10,0,8
2018-10-09,11686,3.1859999999999995,18.99,282,10,1,9
2018-10-10,11686,9.082,18.99,283,10,2,10
2018-10-11,11686,7.532,18.99,284,10,3,11
2018-10-12,11686,11.760000000000002,18.99,285,10,4,12
2018-10-13,11686,13.56,18.99,286,10,5,13
2018-10-14,11686,16.164,18.99,287,10,6,14
2018-10-15,11686,2.204,18.99,288,10,0,15
2018-10-16,11686,6.236,18.99,289,10,1,16
2018-10-17,11686,23.658,14.99,290,10,2,17
2018-10-18,11686,20.516,14.99,291,10,3,18
2018-10-19,11686,5.747000000000001,18.99,292,10,4,19
2018-10-20,11686,32.083000000000006,14.99,293,10,5,20
2018-10-21,11686,25.986,14.99,294,10,6,21
2018-10-22,11686,3.526,18.99,295,10,0,22
2018-10-23,11686,1.638,18.99,296,10,1,23
2018-10-24,11686,11.702,14.99,297,10,2,24
