sales_curva_a.csv
date,item_nbr,unit_sales,price,day_of_year,month,day_of_week,day_of_month
2018-10-25,11686,32.33800000000001,14.99,298,10,3,25
2018-10-26,11686,13.643000000000002,18.99,299,10,4,26
2018-10-27,11686,23.352,14.49,300,10,5,27
2018-10-28,11686,11.697999999999997,14.49,301,10,6,28
2018-10-29,11686,3.706,18.99,302,10,0,29
2018-10-30,11686,6.767999999999999,18.99,303,10,1,30
2018-10-31,11686,2.456,18.99,304,10,2,31
2018-11-01,11686,13.717,14.99,305,11,3,1
2018-11-02,11686,48.111,13.99,306,11,4,2
2018-11-03,11686,27.072000000000003,13.99,307,11,5,3
2018-11-04,11686,30.453,13.99,308,11,6,4
2018-11-05,11686,2.6660000000000004,18.99,309,11,0,5
2018-11-06,11686,7.286,18.99,310,11,1,6
2018-11-07,11686,22.21,14.99,311,11,2,7
2018-11-08,11686,13.81,14.99,312,11,3,8
2018-11-09,11686,10.704,18.99,313,11,4,9
2018-11-10,11686,11.308,18.99,314,11,5,10
2018-11-11,11686,18.932,18.99,315,11,6,11
2018-11-12,11686,9.798000000000002,18.99,316,11,0,12
2018-11-13,11686,7.004000000000001,18.99,317,11,1,13
2018-11-14,11686,8.922,18.99,318,11,2,14
2018-11-15,11686,5.64,18.99,319,11,3,15
2018-11-16,11686,11.211000000000002,18.99,320,11,4,16
2018-11-17,11686,13.021999999999998,18.99,321,11,5,17
2018-11-18,11686,15.556,18.99,322,11,6,18
2018-11-19,11686,5.368,18.99,323,11,0,19
2018-11-20,11686,4.952,18.99,324,11,1,20
2018-11-21,11686,43.75599999999999,13.99,325,11,2,21
2018-11-22,11686,21.07,13.99,326,11,3,22
2018-11-23,11686,32.009,12.99,327,11,4,23
2018-11-24,11686,60.295,12.99,328,11,5,24
2018-11-25,11686,56.63900000000001,12.99,329,11,6,25
2018-11-26,11686,0.982,18.99,330,11,0,26
2018-11-27,11686,0.998,18.99,331,11,1,27
2018-11-28,11686,13.364,13.99,332,11,2,28
2018-11-29,11686,39.733,13.99,333,11,3,29
2018-11-30,11686,33.401999999999994,13.49,334,11,4,30
2018-12-01,11686,59.03000000000001,13.49,335,12,5,1
2018-12-02,11686,59.957,13.49,336,12,6,2
2018-12-03,11686,10.515999999999998,18.99,337,12,0,3
2018-12-04,11686,5.052,18.99,338,12,1,4
2018-12-05,11686,9.966,18.99,339,12,2,5
2018-12-06,11686,6.042,18.99,340,12,3,6
2018-12-07,11686,11.845999999999998,18.99,341,12,4,7
2018-12-08,11686,27.042,14.99,342,12,5,8
2018-12-09,11686,23.59200000000001,14.99,343,12,6,9
2018-12-10,11686,7.507999999999999,18.99,344,12,0,10
2018-12-11,11686,4.208,18.99,345,12,1,11
2018-12-12,11686,18.662000000000003,13.89,346,12,2,12
2018-12-13,11686,21.602,13.89,347,12,3,13
2018-12-14,11686,13.077000000000002,14.99,348,12,4,14
2018-12-15,11686,41.572,14.99,349,12,5,15
2018-12-16,11686,36.236,14.99,350,12,6,16
2018-12-17,11686,5.932,21.79,351,12,0,17
2018-12-18,11686,4.128,21.79,352,12,1,18
2018-12-19,11686,4.252,21.79,353,12,2,19
2018-12-20,11686,1.66,21.79,354,12,3,20
2018-12-21,11686,13.178,21.79,355,12,4,21
2018-12-22,11686,22.764000000000003,16.99,356,12,5,22
2018-12-23,11686,40.220000000000006,16.99,357,12,6,23
2018-12-24,11686,50.17699999999999,21.79,358,12,0,24
2018-12-25,11686,0.0,21.79,359,12,1,25
2018-12-26,11686,8.612,21.79,360,12,2,26
2018-12-27,11686,19.686,14.99,361,12,3,27
2018-12-28,11686,53.281,14.99,362,12,4,28
2018-12-29,11686,47.24999999999999,14.99,363,12,5,29
2018-12-30,11686,72.812,14.99,364,12,6,30
2018-12-31,11686,175.948,14.99,365,12,0,31
2019-01-01,11686,0.0,14.99,1,1,1,1
2019-01-02,11686,21.973,19.99,2,1,2,2
2019-01-03,11686,7.260000000000001,19.99,3,1,3,3
2019-01-04,11686,20.429,14.49,4,1,4,4
2019-01-05,11686,38.4,14.49,5,1,5,5
2019-01-06,11686,36.45600000000001,14.49,6,1,6,6
2019-01-07,11686,11.979,19.99,7,1,0,7
2019-01-08,11686,8.054,19.99,8,1,1,8
2019-01-09,11686,4.736,19.99,9,1,2,9
2019-01-10,11686,7.906000000000001,19.99,10,1,3,10
2019-01-11,11686,25.992,14.99,11,1,4,11
2019-01-12,11686,44.418000000000006,14.99,12,1,5,12
2019-01-13,11686,31.916,14.99,13,1,6,13
2019-01-14,11686,3.55,19.99,14,1,0,14
2019-01-15,11686,8.510000000000002,19.99,15,1,1,15
2019-01-16,11686,5.933999999999999,19.99,16,1,2,16
2019-01-17,11686,9.586,19.99,17,1,3,17
2019-01-18,11686,7.341999999999999,19.99,18,1,4,18
2019-01-19,11686,34.77799999999999,14.98,19,1,5,19
2019-01-20,11686,49.21799999999999,14.98,20,1,6,20
2019-01-21,11686,8.752,14.98,21,1,0,21
2019-01-22,11686,2.338,19.99,22,1,1,22
2019-01-23,11686,0.94,19.99,23,1,2,23
2019-01-24,11686,0.0,19.99,24,1,3,24
2019-01-25,11686,15.234000000000002,14.98,25,1,4,25
2019-01-26,11686,34.24200000000001,14.98,26,1,5,26
2019-01-27,11686,37.42,14.98,27,1,6,27
2019-01-28,11686,1.741,19.99,28,1,0,28
2019-01-29,11686,4.158,19.99,29,1,1,29
2019-01-30,11686,3.626,19.99,30,1,2,30
2019-01-31,11686,15.228,14.99,31,1,3,31
2019-02-01,11686,21.606,14.99,32,2,4,1
2019-02-02,11686,56.10999999999999,14.99,33,2,5,2
2019-02-03,11686,34.056,14.99,34,2,6,3
2019-02-04,11686,5.088,19.99,35,2,0,4
2019-02-05,11686,3.644,19.99,36,2,1,5
2019-02-06,11686,5.632,19.99,37,2,2,6
2019-02-07,11686,3.994,19.99,38,2,3,7
2019-02-08,11686,15.87,16.99,39,2,4,8
2019-02-09,11686,26.054,16.99,40,2,5,9
2019-02-10,11686,19.182,16.99,41,2,6,10
2019-02-11,11686,11.022,19.99,42,2,0,11
2019-02-12,11686,0.512,19.99,43,2,1,12
2019-02-13,11686,2.8520000000000003,19.99,44,2,2,13
2019-02-14,11686,4.6240000000000006,19.99,45,2,3,14
2019-02-15,11686,17.120000000000005,14.89,46,2,4,15
2019-02-16,11686,36.732,14.89,47,2,5,16
2019-02-17,11686,34.615,14.89,48,2,6,17
2019-02-18,11686,1.684,19.99,49,2,0,18
2019-02-19,11686,2.3560000000000003,19.99,50,2,1,19
2019-02-20,11686,45.529,13.99,51,2,2,20
2019-02-21,11686,29.57,13.99,52,2,3,21
2019-02-22,11686,11.894,19.99,53,2,4,22
2019-02-23,11686,3.452,19.99,54,2,5,23
2019-02-24,11686,11.896,19.99,55,2,6,24
2019-02-25,11686,25.398000000000003,13.99,56,2,0,25
2019-02-26,11686,32.221000000000004,13.99,57,2,1,26
2019-02-27,11686,53.62200000000001,13.99,58,2,2,27
2019-02-28,11686,44.851,13.99,59,2,3,28
2019-03-01,11686,74.106,13.99,60,3,4,1
2019-03-02,11686,63.545000000000016,13.99,61,3,5,2
2019-03-03,11686,79.92199999999998,13.99,62,3,6,3
2019-03-04,11686,20.734000000000005,19.99,63,3,0,4
2019-03-05,11686,14.198000000000002,19.99,64,3,1,5
2019-03-06,11686,7.174,19.99,65,3,2,6
2019-03-07,11686,4.192,19.99,66,3,3,7
2019-03-08,11686,10.61,18.49,67,3,4,8
2019-03-09,11686,18.692,16.99,68,3,5,9
2019-03-10,11686,20.328000000000003,16.99,69,3,6,10
2019-03-11,11686,5.716,19.99,70,3,0,11
2019-03-12,11686,2.662,19.99,71,3,1,12
2019-03-13,11686,28.730000000000004,14.9,72,3,2,13
2019-03-14,11686,27.058000000000003,14.9,73,3,3,14
2019-03-15,11686,8.096,19.99,74,3,4,15
2019-03-16,11686,19.422,19.99,75,3,5,16
2019-03-17,11686,19.16,19.99,76,3,6,17
2019-03-18,11686,8.108,19.99,77,3,0,18
2019-03-19,11686,19.053999999999995,19.99,78,3,1,19
2019-03-20,11686,4.664,19.99,79,3,2,20
2019-03-21,11686,12.132,19.99,80,3,3,21
2019-03-22,11686,1.458,19.99,81,3,4,22
2019-03-23,11686,9.445999999999998,19.99,82,3,5,23
2019-03-24,11686,17.650000000000002,19.99,83,3,6,24
2019-03-25,11686,8.725999999999999,19.99,84,3,0,25
2019-03-26,11686,8.2,19.99,85,3,1,26
2019-03-27,11686,2.99,19.99,86,3,2,27
2019-03-28,11686,3.636,19.99,87,3,3,28
2019-03-29,11686,6.372,19.99,88,3,4,29
2019-03-30,11686,25.028,16.98,89,3,5,30
2019-03-31,11686,26.848,16.98,90,3,6,31
2019-04-01,11686,5.138,19.99,91,4,0,1
2019-04-02,11686,7.758000000000001,19.99,92,4,1,2
2019-04-03,11686,6.3,19.99,93,4,2,3
2019-04-04,11686,1.106,19.99,94,4,3,4
2019-04-05,11686,16.110000000000003,16.99,95,4,4,5
2019-04-06,11686,25.878,16.99,96,4,5,6
2019-04-07,11686,19.344,16.99,97,4,6,7
2019-04-08,11686,2.008,19.99,98,4,0,8
2019-04-09,11686,4.696,19.99,99,4,1,9
2019-04-10,11686,4.8,19.99,100,4,2,10
2019-04-11,11686,0.0,19.99,101,4,3,11
2019-04-12,11686,1.896,19.99,102,4,4,12
2019-04-13,11686,6.438000000000001,19.99,103,4,5,13
2019-04-14,11686,21.71,19.99,104,4,6,14
2019-04-15,11686,2.6980000000000004,19.99,105,4,0,15
2019-04-16,11686,5.134,19.99,106,4,1,16
2019-04-17,11686,6.008000000000001,19.99,107,4,2,17
2019-04-18,11686,11.974,19.99,108,4,3,18
2019-04-19,11686,6.104,19.99,109,4,4,19
2019-04-20,11686,8.778,19.99,110,4,5,20
2019-04-21,11686,21.512,19.99,111,4,6,21
2019-04-22,11686,11.188,16.99,112,4,0,22
2019-04-23,11686,16.048000000000002,16.99,113,4,1,23
2019-04-24,11686,12.021999999999998,16.99,114,4,2,24
2019-04-25,11686,7.604,16.99,115,4,3,25
2019-04-26,11686,12.752,16.99,116,4,4,26
2019-04-27,11686,33.47,16.99,117,4,5,27
2019-04-28,11686,26.904,16.99,118,4,6,28
2019-04-29,11686,15.148,15.99,119,4,0,29
2019-04-30,11686,11.154,15.99,120,4,1,30
2017-01-02,16766,58.62400000000001,13.49,2,1,0,2
2017-01-03,16766,25.996,13.49,3,1,1,3
2017-01-04,16766,88.24699999999999,10.79,4,1,2,4
2017-01-05,16766,80.386,10.79,5,1,3,5
2017-01-06,16766,18.74,13.49,6,1,4,6
2017-01-07,16766,31.511,13.49,7,1,5,7
2017-01-08,16766,24.304,13.88,8,1,6,8
2017-01-09,16766,17.06,13.88,9,1,0,9
2017-01-10,16766,22.048,13.88,10,1,1,10
2017-01-11,16766,43.782,10.79,11,1,2,11
2017-01-12,16766,77.70199999999994,10.79,12,1,3,12
2017-01-13,16766,14.818,13.88,13,1,4,13
2017-01-14,16766,29.359,13.88,14,1,5,14
2017-01-15,16766,23.332,13.88,15,1,6,15
2017-01-16,16766,19.878000000000004,13.88,16,1,0,16
2017-01-17,16766,17.064,13.88,17,1,1,17
2017-01-18,16766,71.68199999999999,10.89,18,1,2,18
2017-01-19,16766,65.744,10.89,19,1,3,19
2017-01-20,16766,26.856,13.88,20,1,4,20
2017-01-21,16766,38.938,13.88,21,1,5,21
2017-01-22,16766,23.386000000000003,13.88,22,1,6,22
2017-01-23,16766,10.862,13.88,23,1,0,23
2017-01-24,16766,16.546,13.88,24,1,1,24
2017-01-25,16766,55.792,10.79,25,1,2,25
2017-01-26,16766,64.13799999999999,10.79,26,1,3,26
2017-01-27,16766,37.063,13.88,27,1,4,27
2017-01-28,16766,24.946,13.88,28,1,5,28
2017-01-29,16766,34.804,13.88,29,1,6,29
2017-01-30,16766,23.306,13.88,30,1,0,30
2017-01-31,16766,33.489999999999995,13.88,31,1,1,31
2017-02-01,16766,81.35399999999998,10.59,32,2,2,1
2017-02-02,16766,49.23600000000001,10.59,33,2,3,2
2017-02-03,16766,3.802,13.88,34,2,4,3
2017-02-04,16766,28.228,13.88,35,2,5,4
2017-02-05,16766,24.917999999999992,13.88,36,2,6,5
2017-02-06,16766,19.942,13.88,37,2,0,6
2017-02-07,16766,34.87400000000001,13.88,38,2,1,7
2017-02-08,16766,75.64000000000004,10.39,39,2,2,8
2017-02-09,16766,54.686,10.39,40,2,3,9
2017-02-10,16766,11.515999999999998,13.88,41,2,4,10
2017-02-11,16766,32.089,13.88,42,2,5,11
2017-02-12,16766,16.386000000000003,13.88,43,2,6,12
2017-02-13,16766,19.2,13.88,44,2,0,13
2017-02-14,16766,24.222000000000005,13.88,45,2,1,14
2017-02-15,16766,77.93999999999998,10.29,46,2,2,15
2017-02-16,16766,61.15000000000001,10.29,47,2,3,16
2017-02-17,16766,29.003,13.88,48,2,4,17
2017-02-18,16766,26.37,13.88,49,2,5,18
2017-02-19,16766,27.79,13.88,50,2,6,19
2017-02-20,16766,22.08,13.88,51,2,0,20
2017-02-21,16766,22.9,13.88,52,2,1,21
2017-02-22,16766,95.31600000000005,10.29,53,2,2,22
2017-02-23,16766,43.622000000000014,10.29,54,2,3,23
2017-02-24,16766,30.95,13.88,55,2,4,24
2017-02-25,16766,36.98800000000001,13.88,56,2,5,25
2017-02-26,16766,22.902,13.88,57,2,6,26
2017-02-27,16766,23.792,13.88,58,2,0,27
2017-02-28,16766,29.997999999999998,13.88,59,2,1,28
2017-03-01,16766,84.758,10.89,60,3,2,1
2017-03-02,16766,45.156,10.89,61,3,3,2
2017-03-03,16766,22.588000000000005,13.88,62,3,4,3
2017-03-04,16766,31.636000000000003,13.88,63,3,5,4
2017-03-05,16766,16.53,13.88,64,3,6,5
2017-03-06,16766,23.814,13.88,65,3,0,6
2017-03-07,16766,7.666,13.88,66,3,1,7
2017-03-08,16766,27.34,11.99,67,3,2,8
2017-03-09,16766,63.56400000000001,11.99,68,3,3,9
2017-03-10,16766,24.522,13.88,69,3,4,10
2017-03-11,16766,28.548,13.88,70,3,5,11
2017-03-12,16766,21.494,13.88,71,3,6,12
2017-03-13,16766,24.844,13.88,72,3,0,13
2017-03-14,16766,15.584,13.88,73,3,1,14
2017-03-15,16766,78.29,11.89,74,3,2,15
2017-03-16,16766,48.107000000000006,11.89,75,3,3,16
2017-03-17,16766,25.554,13.88,76,3,4,17
2017-03-18,16766,18.618,13.88,77,3,5,18
2017-03-19,16766,26.038,13.88,78,3,6,19
2017-03-20,16766,16.982,13.88,79,3,0,20
2017-03-21,16766,9.887999999999998,13.88,80,3,1,21
2017-03-22,16766,34.687999999999995,11.89,81,3,2,22
2017-03-23,16766,57.503999999999984,11.89,82,3,3,23
2017-03-24,16766,13.763,13.88,83,3,4,24
2017-03-25,16766,31.430000000000007,13.88,84,3,5,25
2017-03-26,16766,20.678,13.88,85,3,6,26
2017-03-27,16766,17.346000000000004,13.88,86,3,0,27
2017-03-28,16766,18.984,13.88,87,3,1,28
2017-03-29,16766,32.629,11.59,88,3,2,29
2017-03-30,16766,39.20400000000001,11.59,89,3,3,30
2017-03-31,16766,17.753,13.88,90,3,4,31
2017-04-01,16766,43.42699999999999,13.88,91,4,5,1
2017-04-02,16766,38.316,13.88,92,4,6,2
2017-04-03,16766,40.918,13.88,93,4,0,3
2017-04-04,16766,35.613,13.88,94,4,1,4
2017-04-05,16766,105.39400000000003,9.99,95,4,2,5
2017-04-06,16766,101.809,9.99,96,4,3,6
2017-04-07,16766,15.172,13.88,97,4,4,7
2017-04-08,16766,42.58999999999999,13.88,98,4,5,8
2017-04-09,16766,19.99,13.88,99,4,6,9
2017-04-10,16766,24.99,13.88,100,4,0,10
2017-04-11,16766,11.652,13.88,101,4,1,11
2017-04-12,16766,33.69,11.45,102,4,2,12
2017-04-13,16766,43.31200000000001,11.45,103,4,3,13
2017-04-14,16766,4.930000000000001,13.97,104,4,4,14
2017-04-15,16766,25.737,13.97,105,4,5,15
2017-04-16,16766,18.112,13.97,106,4,6,16
2017-04-17,16766,16.650999999999996,13.97,107,4,0,17
2017-04-18,16766,30.668,13.97,108,4,1,18
2017-04-19,16766,53.719,11.99,109,4,2,19
2017-04-20,16766,54.114,11.99,110,4,3,20
2017-04-21,16766,34.228,13.49,111,4,4,21
2017-04-22,16766,35.904,13.49,112,4,5,22
2017-04-23,16766,25.99,13.49,113,4,6,23
2017-04-24,16766,19.382,13.49,114,4,0,24
2017-04-25,16766,25.04,13.49,115,4,1,25
2017-04-26,16766,57.858,11.99,116,4,2,26
2017-04-27,16766,69.90199999999999,11.99,117,4,3,27
2017-04-28,16766,23.483,13.49,118,4,4,28
2017-04-29,16766,49.865000000000016,13.49,119,4,5,29
2017-04-30,16766,55.14900000000001,13.49,120,4,6,30
2017-05-01,16766,0.0,13.49,121,5,0,1
2017-05-02,16766,24.6,13.49,122,5,1,2
2017-05-03,16766,89.04599999999998,11.39,123,5,2,3
2017-05-04,16766,71.79299999999999,11.39,124,5,3,4
2017-05-05,16766,27.97,13.49,125,5,4,5
2017-05-06,16766,29.794,13.49,126,5,5,6
2017-05-07,16766,25.63,13.49,127,5,6,7
2017-05-08,16766,7.146,13.49,128,5,0,8
2017-05-09,16766,19.78,13.49,129,5,1,9
2017-05-10,16766,70.297,11.39,130,5,2,10
2017-05-11,16766,40.218,11.39,131,5,3,11
2017-05-12,16766,13.307,13.49,132,5,4,12
2017-05-13,16766,22.085999999999995,13.49,133,5,5,13
2017-05-14,16766,8.772000000000002,13.49,134,5,6,14
2017-05-15,16766,10.301999999999998,13.49,135,5,0,15
2017-05-16,16766,14.116000000000003,13.49,136,5,1,16
2017-05-17,16766,55.56899999999999,11.69,137,5,2,17
2017-05-18,16766,59.70299999999998,11.69,138,5,3,18
2017-05-19,16766,17.483999999999998,13.49,139,5,4,19
2017-05-20,16766,30.912000000000003,13.49,140,5,5,20
2017-05-21,16766,14.244000000000002,13.49,141,5,6,21
2017-05-22,16766,21.214,13.49,142,5,0,22
2017-05-23,16766,19.922,13.49,143,5,1,23
2017-05-24,16766,75.83900000000001,10.89,144,5,2,24
2017-05-25,16766,52.113,10.89,145,5,3,25
2017-05-26,16766,25.362,13.49,146,5,4,26
2017-05-27,16766,22.734,13.49,147,5,5,27
2017-05-28,16766,22.225,13.49,148,5,6,28
2017-05-29,16766,6.045999999999999,13.49,149,5,0,29
2017-05-30,16766,14.629999999999995,13.49,150,5,1,30
2017-05-31,16766,116.28500000000004,9.99,151,5,2,31
2017-06-01,16766,118.03900000000002,9.99,152,6,3,1
2017-06-02,16766,43.412000000000006,13.49,153,6,4,2
2017-06-03,16766,36.859,13.49,154,6,5,3
2017-06-04,16766,23.151000000000003,13.49,155,6,6,4
2017-06-05,16766,28.515,13.49,156,6,0,5
2017-06-06,16766,35.736000000000004,13.49,157,6,1,6
2017-06-07,16766,66.18900000000001,10.75,158,6,2,7
2017-06-08,16766,49.262,10.75,159,6,3,8
2017-06-09,16766,15.236,13.49,160,6,4,9
2017-06-10,16766,29.754000000000005,13.49,161,6,5,10
2017-06-11,16766,12.874,13.49,162,6,6,11
2017-06-12,16766,20.784,13.49,163,6,0,12
2017-06-13,16766,22.630000000000003,13.49,164,6,1,13
2017-06-14,16766,78.175,10.98,165,6,2,14
2017-06-15,16766,74.33300000000001,10.98,166,6,3,15
2017-06-16,16766,19.149,13.49,167,6,4,16
2017-06-17,16766,18.892,13.49,168,6,5,17
2017-06-18,16766,24.074,13.49,169,6,6,18
2017-06-19,16766,23.422000000000004,13.49,170,6,0,19
2017-06-20,16766,14.582,13.49,171,6,1,20
2017-06-21,16766,57.95500000000001,10.78,172,6,2,21
2017-06-22,16766,54.42600000000001,10.78,173,6,3,22
2017-06-23,16766,15.888000000000002,13.49,174,6,4,23
2017-06-24,16766,10.886,13.49,175,6,5,24
2017-06-25,16766,12.666,13.49,176,6,6,25
2017-06-26,16766,24.832,13.49,177,6,0,26
2017-06-27,16766,26.707,13.49,178,6,1,27
2017-06-28,16766,71.46,9.79,179,6,2,28
2017-06-29,16766,70.94399999999999,9.79,180,6,3,29
2017-06-30,16766,36.93,13.49,181,6,4,30
2017-07-01,16766,47.341,13.49,182,7,5,1
2017-07-02,16766,38.018,13.49,183,7,6,2
2017-07-03,16766,31.441000000000003,13.49,184,7,0,3
2017-07-04,16766,25.078,13.49,185,7,1,4
2017-07-05,16766,95.57700000000004,10.49,186,7,2,5
2017-07-06,16766,56.47,10.49,187,7,3,6
2017-07-07,16766,26.396000000000008,13.49,188,7,4,7
2017-07-08,16766,22.764,13.49,189,7,5,8
2017-07-09,16766,18.424,13.49,190,7,6,9
2017-07-10,16766,14.077999999999998,13.49,191,7,0,10
2017-07-11,16766,31.49,13.49,192,7,1,11
2017-07-12,16766,103.98900000000005,9.89,193,7,2,12
2017-07-13,16766,68.53800000000001,9.89,194,7,3,13
2017-07-14,16766,19.764000000000003,13.49,195,7,4,14
2017-07-15,16766,18.456,13.49,196,7,5,15
2017-07-16,16766,21.856,13.49,197,7,6,16
2017-07-17,16766,19.077,13.49,198,7,0,17
2017-07-18,16766,10.584,13.49,199,7,1,18
2017-07-19,16766,60.92700000000001,9.69,200,7,2,19
2017-07-20,16766,57.293000000000006,9.69,201,7,3,20
2017-07-21,16766,13.900000000000002,13.49,202,7,4,21
2017-07-22,16766,19.246,13.49,203,7,5,22
2017-07-23,16766,16.51,13.49,204,7,6,23
2017-07-24,16766,19.277000000000005,13.49,205,7,0,24
2017-07-25,16766,16.726,13.49,206,7,1,25
2017-07-26,16766,95.793,9.55,207,7,2,26
2017-07-27,16766,98.457,9.55,208,7,3,27
2017-07-28,16766,20.76,13.49,209,7,4,28
2017-07-29,16766,28.864,13.49,210,7,5,29
2017-07-30,16766,23.137999999999995,13.49,211,7,6,30
2017-07-31,16766,17.055999999999997,13.49,212,7,0,31
2017-08-01,16766,32.883,13.49,213,8,1,1
2017-08-02,16766,111.45199999999998,9.95,214,8,2,2
2017-08-03,16766,88.16500000000002,9.95,215,8,3,3
2017-08-04,16766,25.854,13.49,216,8,4,4
2017-08-05,16766,23.521000000000004,13.49,217,8,5,5
2017-08-06,16766,28.332,13.49,218,8,6,6
