sales_curva_a.csv
date,item_nbr,unit_sales,price,day_of_year,month,day_of_week,day_of_month
2017-08-07,16766,22.122,13.49,219,8,0,7
2017-08-08,16766,7.475999999999999,13.49,220,8,1,8
2017-08-09,16766,70.14600000000002,10.95,221,8,2,9
2017-08-10,16766,62.02199999999998,10.95,222,8,3,10
2017-08-11,16766,9.084,13.49,223,8,4,11
2017-08-12,16766,24.642,13.49,224,8,5,12
2017-08-13,16766,22.366,13.49,225,8,6,13
2017-08-14,16766,25.679999999999996,13.49,226,8,0,14
2017-08-15,16766,35.281,13.49,227,8,1,15
2017-08-16,16766,74.836,10.69,228,8,2,16
2017-08-17,16766,87.50999999999998,10.69,229,8,3,17
2017-08-18,16766,18.183000000000003,13.49,230,8,4,18
2017-08-19,16766,22.348000000000003,13.49,231,8,5,19
2017-08-20,16766,29.407000000000004,13.49,232,8,6,20
2017-08-21,16766,26.948,13.49,233,8,0,21
2017-08-22,16766,30.062000000000005,13.49,234,8,1,22
2017-08-23,16766,91.794,10.89,235,8,2,23
2017-08-24,16766,67.045,10.89,236,8,3,24
2017-08-25,16766,13.476,13.49,237,8,4,25
2017-08-26,16766,28.031,13.49,238,8,5,26
2017-08-27,16766,33.483,13.49,239,8,6,27
2017-08-28,16766,21.362,13.49,240,8,0,28
2017-08-29,16766,14.791,13.49,241,8,1,29
2017-08-30,16766,79.69700000000003,11.09,242,8,2,30
2017-08-31,16766,59.141,11.09,243,8,3,31
2017-09-01,16766,33.896,13.49,244,9,4,1
2017-09-02,16766,38.868,13.49,245,9,5,2
2017-09-03,16766,30.860000000000007,13.49,246,9,6,3
2017-09-04,16766,21.618,13.49,247,9,0,4
2017-09-05,16766,15.912,13.49,248,9,1,5
2017-09-06,16766,70.993,10.95,249,9,2,6
2017-09-07,16766,105.644,10.95,250,9,3,7
2017-09-08,16766,18.962,13.49,251,9,4,8
2017-09-09,16766,35.214000000000006,13.49,252,9,5,9
2017-09-10,16766,20.244,13.49,253,9,6,10
2017-09-11,16766,13.343999999999998,13.49,254,9,0,11
2017-09-12,16766,20.182,13.49,255,9,1,12
2017-09-13,16766,69.12900000000002,11.94,256,9,2,13
2017-09-14,16766,71.31199999999998,11.94,257,9,3,14
2017-09-15,16766,21.096,13.49,258,9,4,15
2017-09-16,16766,26.508000000000003,13.49,259,9,5,16
2017-09-17,16766,19.255,13.49,260,9,6,17
2017-09-18,16766,19.749,13.49,261,9,0,18
2017-09-19,16766,15.917999999999996,13.49,262,9,1,19
2017-09-20,16766,88.37600000000002,11.59,263,9,2,20
2017-09-21,16766,74.25500000000001,11.59,264,9,3,21
2017-09-22,16766,10.444,13.49,265,9,4,22
2017-09-23,16766,19.142,13.49,266,9,5,23
2017-09-24,16766,23.716000000000005,13.49,267,9,6,24
2017-09-25,16766,26.568,13.49,268,9,0,25
2017-09-26,16766,19.349,13.97,269,9,1,26
2017-09-27,16766,75.477,10.99,270,9,2,27
2017-09-28,16766,77.762,10.99,271,9,3,28
2017-09-29,16766,22.362,13.97,272,9,4,29
2017-09-30,16766,26.851,13.97,273,9,5,30
2017-10-01,16766,29.113,13.97,274,10,6,1
2017-10-02,16766,26.788000000000004,13.97,275,10,0,2
2017-10-03,16766,21.714,13.97,276,10,1,3
2017-10-04,16766,89.725,10.98,277,10,2,4
2017-10-05,16766,108.96099999999998,10.98,278,10,3,5
2017-10-06,16766,32.58200000000001,10.98,279,10,4,6
2017-10-07,16766,23.273000000000003,13.97,280,10,5,7
2017-10-08,16766,19.184,13.97,281,10,6,8
2017-10-09,16766,16.311999999999998,13.97,282,10,0,9
2017-10-10,16766,8.546,13.97,283,10,1,10
2017-10-11,16766,80.414,10.98,284,10,2,11
2017-10-12,16766,68.631,10.98,285,10,3,12
2017-10-13,16766,16.302000000000003,13.97,286,10,4,13
2017-10-14,16766,32.28,13.97,287,10,5,14
2017-10-15,16766,16.412000000000003,13.97,288,10,6,15
2017-10-16,16766,20.85,13.97,289,10,0,16
2017-10-17,16766,24.174,13.97,290,10,1,17
2017-10-18,16766,74.69800000000002,10.97,291,10,2,18
2017-10-19,16766,75.081,10.97,292,10,3,19
2017-10-20,16766,27.53,13.97,293,10,4,20
2017-10-21,16766,24.076,13.97,294,10,5,21
2017-10-22,16766,23.498,13.97,295,10,6,22
2017-10-23,16766,12.988,13.97,296,10,0,23
2017-10-24,16766,6.484000000000001,13.97,297,10,1,24
2017-10-25,16766,63.53800000000002,10.89,298,10,2,25
2017-10-26,16766,80.36399999999999,10.89,299,10,3,26
2017-10-27,16766,25.399999999999995,13.97,300,10,4,27
2017-10-28,16766,23.788000000000004,13.97,301,10,5,28
2017-10-29,16766,22.926,13.97,302,10,6,29
2017-10-30,16766,19.776,13.97,303,10,0,30
2017-10-31,16766,23.78,13.97,304,10,1,31
2017-11-01,16766,131.286,10.78,305,11,2,1
2017-11-02,16766,75.34499999999998,10.78,306,11,3,2
2017-11-03,16766,27.017000000000003,13.97,307,11,4,3
2017-11-04,16766,31.710000000000004,13.97,308,11,5,4
2017-11-05,16766,21.030000000000005,13.97,309,11,6,5
2017-11-06,16766,23.154,13.97,310,11,0,6
2017-11-07,16766,28.906,13.97,311,11,1,7
2017-11-08,16766,89.252,9.49,312,11,2,8
2017-11-09,16766,49.343,9.49,313,11,3,9
2017-11-10,16766,24.704000000000004,13.97,314,11,4,10
2017-11-11,16766,24.015,13.97,315,11,5,11
2017-11-12,16766,35.932,9.87,316,11,6,12
2017-11-13,16766,21.56,13.97,317,11,0,13
2017-11-14,16766,16.27,13.97,318,11,1,14
2017-11-15,16766,79.40199999999997,9.98,319,11,2,15
2017-11-16,16766,66.90799999999999,9.98,320,11,3,16
2017-11-17,16766,17.366000000000003,13.97,321,11,4,17
2017-11-18,16766,22.266,13.97,322,11,5,18
2017-11-19,16766,16.721999999999998,13.97,323,11,6,19
2017-11-20,16766,20.22,13.97,324,11,0,20
2017-11-21,16766,21.704,13.97,325,11,1,21
2017-11-22,16766,75.352,10.67,326,11,2,22
2017-11-23,16766,55.36600000000002,10.67,327,11,3,23
2017-11-24,16766,22.194,13.97,328,11,4,24
2017-11-25,16766,33.338,13.97,329,11,5,25
2017-11-26,16766,27.462,13.97,330,11,6,26
2017-11-27,16766,16.217999999999996,13.97,331,11,0,27
2017-11-28,16766,20.480000000000004,13.97,332,11,1,28
2017-11-29,16766,97.56700000000004,10.49,333,11,2,29
2017-11-30,16766,104.13,10.49,334,11,3,30
2017-12-01,16766,19.892,13.97,335,12,4,1
2017-12-02,16766,29.292,13.97,336,12,5,2
2017-12-03,16766,36.81600000000001,13.97,337,12,6,3
2017-12-04,16766,29.105999999999995,13.97,338,12,0,4
2017-12-05,16766,30.03,13.97,339,12,1,5
2017-12-06,16766,103.30100000000004,11.49,340,12,2,6
2017-12-07,16766,78.86099999999999,11.49,341,12,3,7
2017-12-08,16766,26.426,13.97,342,12,4,8
2017-12-09,16766,33.39999999999999,13.97,343,12,5,9
2017-12-10,16766,19.044000000000004,13.97,344,12,6,10
2017-12-11,16766,15.339999999999998,13.97,345,12,0,11
2017-12-12,16766,19.995999999999995,13.97,346,12,1,12
2017-12-13,16766,70.184,10.99,347,12,2,13
2017-12-14,16766,55.266000000000005,10.99,348,12,3,14
2017-12-15,16766,16.118,13.97,349,12,4,15
2017-12-16,16766,25.484,13.97,350,12,5,16
2017-12-17,16766,30.614,13.97,351,12,6,17
2017-12-18,16766,21.034,13.97,352,12,0,18
2017-12-19,16766,18.992,13.97,353,12,1,19
2017-12-20,16766,92.764,9.99,354,12,2,20
2017-12-21,16766,66.65299999999999,9.99,355,12,3,21
2017-12-22,16766,12.034,13.97,356,12,4,22
2017-12-23,16766,11.668,13.97,357,12,5,23
2017-12-24,16766,7.331999999999999,13.97,358,12,6,24
2017-12-25,16766,0.0,13.97,359,12,0,25
2017-12-26,16766,16.735999999999997,13.97,360,12,1,26
2017-12-27,16766,51.62600000000001,9.99,361,12,2,27
2017-12-28,16766,82.766,9.99,362,12,3,28
2017-12-29,16766,26.457999999999995,13.97,363,12,4,29
2017-12-30,16766,27.08599999999999,13.97,364,12,5,30
2017-12-31,16766,67.526,13.97,365,12,6,31
2018-01-01,16766,0.0,13.97,1,1,0,1
2018-01-02,16766,37.136,13.97,2,1,1,2
2018-01-03,16766,95.94599999999996,10.49,3,1,2,3
2018-01-04,16766,74.94599999999998,10.49,4,1,3,4
2018-01-05,16766,13.99,13.97,5,1,4,5
2018-01-06,16766,37.318,13.97,6,1,5,6
2018-01-07,16766,31.498,13.97,7,1,6,7
2018-01-08,16766,24.998,13.97,8,1,0,8
2018-01-09,16766,22.162,13.97,9,1,1,9
2018-01-10,16766,109.86999999999998,9.98,10,1,2,10
2018-01-11,16766,103.012,9.98,11,1,3,11
2018-01-12,16766,18.836,13.97,12,1,4,12
2018-01-13,16766,23.184,13.97,13,1,5,13
2018-01-14,16766,34.535999999999994,13.97,14,1,6,14
2018-01-15,16766,16.018,13.97,15,1,0,15
2018-01-16,16766,25.244000000000003,13.97,16,1,1,16
2018-01-17,16766,106.356,9.88,17,1,2,17
2018-01-18,16766,85.42199999999998,9.88,18,1,3,18
2018-01-19,16766,20.944,13.97,19,1,4,19
2018-01-20,16766,28.61800000000001,13.97,20,1,5,20
2018-01-21,16766,34.648,13.97,21,1,6,21
2018-01-22,16766,25.733999999999995,13.97,22,1,0,22
2018-01-23,16766,21.340000000000003,13.97,23,1,1,23
2018-01-24,16766,107.081,9.59,24,1,2,24
2018-01-25,16766,112.563,9.59,25,1,3,25
2018-01-26,16766,29.84800000000001,13.49,26,1,4,26
2018-01-27,16766,33.785999999999994,13.49,27,1,5,27
2018-01-28,16766,20.818,13.49,28,1,6,28
2018-01-29,16766,13.962000000000002,13.49,29,1,0,29
2018-01-30,16766,9.588,13.49,30,1,1,30
2018-01-31,16766,109.14600000000002,9.59,31,1,2,31
2018-02-01,16766,93.632,9.59,32,2,3,1
2018-02-02,16766,22.228,13.49,33,2,4,2
2018-02-03,16766,41.528000000000006,13.49,34,2,5,3
2018-02-04,16766,44.24600000000001,13.49,35,2,6,4
2018-02-05,16766,17.442000000000004,13.49,36,2,0,5
2018-02-06,16766,27.942,13.49,37,2,1,6
2018-02-07,16766,136.263,8.79,38,2,2,7
2018-02-08,16766,116.537,8.79,39,2,3,8
2018-02-09,16766,18.844,13.49,40,2,4,9
2018-02-10,16766,34.61600000000001,13.49,41,2,5,10
2018-02-11,16766,34.216,13.49,42,2,6,11
2018-02-12,16766,25.304,13.49,43,2,0,12
2018-02-13,16766,32.82200000000001,13.49,44,2,1,13
2018-02-14,16766,45.134,9.59,45,2,2,14
2018-02-15,16766,86.46699999999998,9.59,46,2,3,15
2018-02-16,16766,8.484000000000002,13.49,47,2,4,16
2018-02-17,16766,32.25,13.49,48,2,5,17
2018-02-18,16766,38.038,13.49,49,2,6,18
2018-02-19,16766,21.432,13.49,50,2,0,19
2018-02-20,16766,22.076,13.49,51,2,1,20
2018-02-21,16766,95.18099999999998,9.99,52,2,2,21
2018-02-22,16766,66.41199999999999,9.99,53,2,3,22
2018-02-23,16766,19.706,13.49,54,2,4,23
2018-02-24,16766,33.538000000000004,13.49,55,2,5,24
2018-02-25,16766,20.454,13.49,56,2,6,25
2018-02-26,16766,25.684,13.49,57,2,0,26
2018-02-27,16766,23.552,13.49,58,2,1,27
2018-02-28,16766,100.716,9.99,59,2,2,28
2018-03-01,16766,126.82499999999996,9.99,60,3,3,1
2018-03-02,16766,40.90400000000001,13.49,61,3,4,2
2018-03-03,16766,33.733999999999995,13.49,62,3,5,3
2018-03-04,16766,26.798,13.49,63,3,6,4
2018-03-05,16766,28.151000000000003,13.49,64,3,0,5
2018-03-06,16766,23.014000000000006,13.49,65,3,1,6
2018-03-07,16766,88.08100000000005,10.39,66,3,2,7
2018-03-08,16766,84.337,10.39,67,3,3,8
2018-03-09,16766,33.191,13.49,68,3,4,9
2018-03-10,16766,20.588,13.49,69,3,5,10
2018-03-11,16766,26.49,13.49,70,3,6,11
2018-03-12,16766,16.286,13.49,71,3,0,12
2018-03-13,16766,21.284,13.49,72,3,1,13
2018-03-14,16766,100.82700000000008,10.49,73,3,2,14
2018-03-15,16766,80.85000000000001,10.49,74,3,3,15
2018-03-16,16766,33.17,13.49,75,3,4,16
2018-03-17,16766,34.73,13.49,76,3,5,17
2018-03-18,16766,35.176,13.49,77,3,6,18
2018-03-19,16766,24.21,13.49,78,3,0,19
2018-03-20,16766,34.54600000000001,13.49,79,3,1,20
2018-03-21,16766,75.50099999999999,9.99,80,3,2,21
2018-03-22,16766,88.664,9.99,81,3,3,22
2018-03-23,16766,26.298,13.49,82,3,4,23
2018-03-24,16766,28.26000000000001,13.49,83,3,5,24
2018-03-25,16766,22.356,13.49,84,3,6,25
2018-03-26,16766,13.922,13.49,85,3,0,26
2018-03-27,16766,19.358,13.49,86,3,1,27
2018-03-28,16766,46.36399999999999,9.99,87,3,2,28
2018-03-29,16766,65.117,9.99,88,3,3,29
2018-03-30,16766,14.222,13.49,89,3,4,30
2018-03-31,16766,36.998000000000005,13.49,90,3,5,31
2018-04-01,16766,27.24,13.49,91,4,6,1
2018-04-02,16766,24.744,13.49,92,4,0,2
2018-04-03,16766,27.156,13.49,93,4,1,3
2018-04-04,16766,103.27700000000002,9.99,94,4,2,4
2018-04-05,16766,121.877,9.99,95,4,3,5
2018-04-06,16766,25.001,13.49,96,4,4,6
2018-04-07,16766,36.94599999999999,13.49,97,4,5,7
2018-04-08,16766,31.73,13.49,98,4,6,8
2018-04-09,16766,25.222,13.49,99,4,0,9
2018-04-10,16766,21.823999999999995,13.49,100,4,1,10
2018-04-11,16766,109.462,9.99,101,4,2,11
2018-04-12,16766,91.40800000000002,9.99,102,4,3,12
2018-04-13,16766,19.898000000000003,13.49,103,4,4,13
2018-04-14,16766,38.11000000000001,13.49,104,4,5,14
2018-04-15,16766,33.864,13.49,105,4,6,15
2018-04-16,16766,24.756000000000004,13.49,106,4,0,16
2018-04-17,16766,17.712,13.49,107,4,1,17
2018-04-18,16766,86.92200000000003,10.49,108,4,2,18
2018-04-19,16766,96.482,10.49,109,4,3,19
2018-04-20,16766,17.548000000000002,13.49,110,4,4,20
2018-04-21,16766,32.13799999999999,13.49,111,4,5,21
2018-04-22,16766,32.818,13.49,112,4,6,22
2018-04-23,16766,14.248,13.49,113,4,0,23
2018-04-24,16766,23.816,13.49,114,4,1,24
2018-04-25,16766,92.40199999999996,10.69,115,4,2,25
2018-04-26,16766,87.965,10.69,116,4,3,26
2018-04-27,16766,14.982,13.49,117,4,4,27
2018-04-28,16766,32.382000000000005,13.49,118,4,5,28
2018-04-29,16766,30.336,13.49,119,4,6,29
2018-04-30,16766,37.518,13.49,120,4,0,30
2018-05-01,16766,25.464,13.49,121,5,1,1
2018-05-02,16766,69.50800000000001,10.49,122,5,2,2
2018-05-03,16766,125.676,10.49,123,5,3,3
2018-05-04,16766,23.210000000000004,13.49,124,5,4,4
2018-05-05,16766,54.856,13.49,125,5,5,5
2018-05-06,16766,31.430000000000007,13.49,126,5,6,6
2018-05-07,16766,24.562,13.49,127,5,0,7
2018-05-08,16766,21.378,13.49,128,5,1,8
2018-05-09,16766,117.44000000000004,10.49,129,5,2,9
2018-05-10,16766,115.47000000000004,10.49,130,5,3,10
2018-05-11,16766,18.74,10.49,131,5,4,11
2018-05-12,16766,29.83,13.49,132,5,5,12
2018-05-13,16766,25.482,13.49,133,5,6,13
2018-05-14,16766,15.696,13.49,134,5,0,14
2018-05-15,16766,20.936,13.49,135,5,1,15
2018-05-16,16766,96.76999999999998,10.49,136,5,2,16
2018-05-17,16766,80.377,10.49,137,5,3,17
2018-05-18,16766,28.642,13.49,138,5,4,18
2018-05-19,16766,28.366,13.49,139,5,5,19
2018-05-20,16766,34.09599999999999,13.49,140,5,6,20
2018-05-21,16766,19.686000000000003,13.49,141,5,0,21
2018-05-22,16766,20.57,13.49,142,5,1,22
2018-05-23,16766,92.46699999999996,10.49,143,5,2,23
2018-05-24,16766,104.59400000000004,10.49,144,5,3,24
2018-05-25,16766,33.186,13.49,145,5,4,25
2018-05-26,16766,51.877,13.39,146,5,5,26
2018-05-27,16766,35.922,13.39,147,5,6,27
2018-05-28,16766,13.714,13.39,148,5,0,28
2018-05-29,16766,16.246000000000002,13.39,149,5,1,29
2018-05-30,16766,54.85800000000001,13.39,150,5,2,30
2018-05-31,16766,54.822,14.79,151,5,3,31
2018-06-01,16766,48.92000000000001,14.79,152,6,4,1
2018-06-02,16766,33.496,13.49,153,6,5,2
2018-06-03,16766,6.292,13.49,154,6,6,3
2018-06-04,16766,15.278,13.49,155,6,0,4
2018-06-05,16766,20.208,13.49,156,6,1,5
2018-06-06,16766,57.306,13.49,157,6,2,6
2018-06-07,16766,41.428,13.49,158,6,3,7
2018-06-08,16766,38.44999999999999,13.49,159,6,4,8
2018-06-09,16766,38.10000000000001,13.49,160,6,5,9
2018-06-10,16766,40.260000000000005,13.49,161,6,6,10
2018-06-11,16766,16.224,13.49,162,6,0,11
2018-06-12,16766,25.442,13.49,163,6,1,12
2018-06-13,16766,69.243,11.98,164,6,2,13
2018-06-14,16766,59.104000000000006,11.98,165,6,3,14
2018-06-15,16766,19.149,13.49,166,6,4,15
2018-06-16,16766,37.972,13.97,167,6,5,16
2018-06-17,16766,42.636,13.97,168,6,6,17
2018-06-18,16766,21.866,13.97,169,6,0,18
2018-06-19,16766,28.12,13.97,170,6,1,19
2018-06-20,16766,104.484,11.59,171,6,2,20
2018-06-21,16766,95.22800000000002,11.59,172,6,3,21
2018-06-22,16766,28.141,13.97,173,6,4,22
2018-06-23,16766,34.564,13.97,174,6,5,23
2018-06-24,16766,32.94799999999999,13.97,175,6,6,24
2018-06-25,16766,16.312,13.97,176,6,0,25
2018-06-26,16766,25.804,13.97,177,6,1,26
2018-06-27,16766,79.65199999999997,11.99,178,6,2,27
2018-06-28,16766,29.307999999999996,11.99,179,6,3,28
2018-06-29,16766,37.194,13.97,180,6,4,29
2018-06-30,16766,66.21499999999999,13.45,181,6,5,30
2018-07-01,16766,64.872,13.45,182,7,6,1
2018-07-02,16766,56.07599999999999,13.45,183,7,0,2
2018-07-03,16766,18.31,13.45,184,7,1,3
2018-07-04,16766,137.59400000000005,10.99,185,7,2,4
2018-07-05,16766,86.31599999999999,10.99,186,7,3,5
2018-07-06,16766,31.624,13.45,187,7,4,6
2018-07-07,16766,43.01000000000001,13.45,188,7,5,7
2018-07-08,16766,34.182,13.45,189,7,6,8
2018-07-09,16766,18.994,13.45,190,7,0,9
2018-07-10,16766,41.868,13.45,191,7,1,10
2018-07-11,16766,109.45999999999998,10.69,192,7,2,11
2018-07-12,16766,76.78399999999999,10.69,193,7,3,12
2018-07-13,16766,28.613,13.45,194,7,4,13
2018-07-14,16766,32.424,13.45,195,7,5,14
2018-07-15,16766,42.374,13.45,196,7,6,15
2018-07-16,16766,23.478,13.45,197,7,0,16
2018-07-17,16766,28.976000000000003,13.45,198,7,1,17
2018-07-18,16766,88.39599999999999,10.99,199,7,2,18
2018-07-19,16766,92.18599999999998,10.99,200,7,3,19
2018-07-20,16766,31.949,13.45,201,7,4,20
2018-07-21,16766,31.296000000000003,13.48,202,7,5,21
2018-07-22,16766,20.762,13.48,203,7,6,22
2018-07-23,16766,24.200000000000003,13.48,204,7,0,23
2018-07-24,16766,20.99,13.48,205,7,1,24
2018-07-25,16766,104.268,10.49,206,7,2,25
2018-07-26,16766,76.57000000000001,10.49,207,7,3,26
2018-07-27,16766,22.293,13.58,208,7,4,27
2018-07-28,16766,34.998000000000005,13.58,209,7,5,28
2018-07-29,16766,32.494,13.58,210,7,6,29
2018-07-30,16766,31.716000000000005,13.58,211,7,0,30
2018-07-31,16766,35.786,13.58,212,7,1,31
2018-08-01,16766,137.33199999999997,10.89,213,8,2,1
2018-08-02,16766,120.38599999999998,10.89,214,8,3,2
2018-08-03,16766,23.066,13.58,215,8,4,3
2018-08-04,16766,41.624,13.58,216,8,5,4
2018-08-05,16766,48.84400000000001,13.58,217,8,6,5
2018-08-06,16766,27.678,13.58,218,8,0,6
2018-08-07,16766,30.62,13.58,219,8,1,7
2018-08-08,16766,113.217,10.49,220,8,2,8
2018-08-09,16766,105.66400000000002,10.49,221,8,3,9
2018-08-10,16766,26.44,13.58,222,8,4,10
2018-08-11,16766,47.834,13.58,223,8,5,11
2018-08-12,16766,23.350000000000005,13.58,224,8,6,12
2018-08-13,16766,38.396000000000015,13.58,225,8,0,13
2018-08-14,16766,29.198000000000004,13.58,226,8,1,14
2018-08-15,16766,97.952,10.39,227,8,2,15
2018-08-16,16766,98.412,10.39,228,8,3,16
2018-08-17,16766,19.739,13.58,229,8,4,17
2018-08-18,16766,39.927,13.48,230,8,5,18
2018-08-19,16766,34.092,13.48,231,8,6,19
2018-08-20,16766,15.523,13.58,232,8,0,20
2018-08-21,16766,23.094,13.58,233,8,1,21
2018-08-22,16766,87.35800000000002,10.69,234,8,2,22
2018-08-23,16766,98.60399999999996,10.69,235,8,3,23
2018-08-24,16766,12.7,13.58,236,8,4,24
2018-08-25,16766,16.368,13.58,237,8,5,25
2018-08-26,16766,37.498,13.58,238,8,6,26
2018-08-27,16766,23.819,13.58,239,8,0,27
2018-08-28,16766,11.556,13.58,240,8,1,28
2018-08-29,16766,81.13199999999999,10.89,241,8,2,29
2018-08-30,16766,99.388,10.89,242,8,3,30
2018-08-31,16766,24.247,13.58,243,8,4,31
2018-09-01,16766,86.04799999999997,12.99,244,9,5,1
2018-09-02,16766,54.436,12.99,245,9,6,2
2018-09-03,16766,55.53999999999999,12.99,246,9,0,3
2018-09-04,16766,25.298,12.99,247,9,1,4
2018-09-05,16766,106.566,10.89,248,9,2,5
2018-09-06,16766,122.65000000000002,10.89,249,9,3,6
