sales_curva_a.csv
date,item_nbr,unit_sales,price,day_of_year,month,day_of_week,day_of_month
2018-09-07,16766,45.483,12.99,250,9,4,7
2018-09-08,16766,29.268,12.99,251,9,5,8
2018-09-09,16766,33.928000000000004,12.99,252,9,6,9
2018-09-10,16766,27.878000000000007,12.99,253,9,0,10
2018-09-11,16766,17.917000000000005,12.99,254,9,1,11
2018-09-12,16766,63.086,11.49,255,9,2,12
2018-09-13,16766,86.455,11.49,256,9,3,13
2018-09-14,16766,21.357000000000003,12.99,257,9,4,14
2018-09-15,16766,27.515,12.99,258,9,5,15
2018-09-16,16766,34.023,12.99,259,9,6,16
2018-09-17,16766,18.402,12.99,260,9,0,17
2018-09-18,16766,29.623,12.99,261,9,1,18
2018-09-19,16766,75.18599999999999,11.79,262,9,2,19
2018-09-20,16766,77.44000000000001,11.79,263,9,3,20
2018-09-21,16766,24.414000000000005,12.99,264,9,4,21
2018-09-22,16766,45.44000000000001,12.99,265,9,5,22
2018-09-23,16766,30.637999999999995,12.99,266,9,6,23
2018-09-24,16766,30.36,12.99,267,9,0,24
2018-09-25,16766,36.942,12.99,268,9,1,25
2018-09-26,16766,88.16900000000001,11.59,269,9,2,26
2018-09-27,16766,88.734,11.59,270,9,3,27
2018-09-28,16766,31.64400000000001,12.99,271,9,4,28
2018-09-29,16766,32.32,12.99,272,9,5,29
2018-09-30,16766,37.65999999999999,12.99,273,9,6,30
2018-10-01,16766,48.89,12.99,274,10,0,1
2018-10-02,16766,43.422,12.99,275,10,1,2
2018-10-03,16766,101.37199999999996,11.59,276,10,2,3
2018-10-04,16766,129.17899999999997,11.59,277,10,3,4
2018-10-05,16766,15.895,12.99,278,10,4,5
2018-10-06,16766,22.122,12.99,279,10,5,6
2018-10-07,16766,29.684,12.99,280,10,6,7
2018-10-08,16766,26.784,12.99,281,10,0,8
2018-10-09,16766,20.624,12.99,282,10,1,9
2018-10-10,16766,111.90900000000003,11.59,283,10,2,10
2018-10-11,16766,54.772,11.59,284,10,3,11
2018-10-12,16766,21.503000000000004,12.99,285,10,4,12
2018-10-13,16766,25.391,12.99,286,10,5,13
2018-10-14,16766,27.292000000000005,12.99,287,10,6,14
2018-10-15,16766,16.059,12.99,288,10,0,15
2018-10-16,16766,11.485,12.99,289,10,1,16
2018-10-17,16766,95.394,12.69,290,10,2,17
2018-10-18,16766,52.011,12.69,291,10,3,18
2018-10-19,16766,25.243,12.99,292,10,4,19
2018-10-20,16766,36.697,12.99,293,10,5,20
2018-10-21,16766,30.864,12.99,294,10,6,21
2018-10-22,16766,9.574000000000002,12.99,295,10,0,22
2018-10-23,16766,18.807,12.99,296,10,1,23
2018-10-24,16766,82.811,11.89,297,10,2,24
2018-10-25,16766,97.89100000000002,11.89,298,10,3,25
2018-10-26,16766,30.889999999999997,12.99,299,10,4,26
2018-10-27,16766,42.337,13.48,300,10,5,27
2018-10-28,16766,31.238,13.48,301,10,6,28
2018-10-29,16766,37.932,13.48,302,10,0,29
2018-10-30,16766,29.564999999999998,13.48,303,10,1,30
2018-10-31,16766,120.497,11.89,304,10,2,31
2018-11-01,16766,93.76699999999998,11.89,305,11,3,1
2018-11-02,16766,35.245000000000005,13.48,306,11,4,2
2018-11-03,16766,37.998000000000005,13.48,307,11,5,3
2018-11-04,16766,37.123000000000005,13.48,308,11,6,4
2018-11-05,16766,30.474000000000007,13.48,309,11,0,5
2018-11-06,16766,28.035000000000004,13.48,310,11,1,6
2018-11-07,16766,117.792,11.39,311,11,2,7
2018-11-08,16766,70.34399999999998,11.39,312,11,3,8
2018-11-09,16766,31.906,13.48,313,11,4,9
2018-11-10,16766,48.15199999999999,13.48,314,11,5,10
2018-11-11,16766,29.623,13.48,315,11,6,11
2018-11-12,16766,22.573,13.48,316,11,0,12
2018-11-13,16766,20.936,13.48,317,11,1,13
2018-11-14,16766,75.75899999999999,11.39,318,11,2,14
2018-11-15,16766,82.362,11.39,319,11,3,15
2018-11-16,16766,21.424000000000007,13.48,320,11,4,16
2018-11-17,16766,41.66299999999999,13.48,321,11,5,17
2018-11-18,16766,26.715000000000007,13.48,322,11,6,18
2018-11-19,16766,14.276,13.48,323,11,0,19
2018-11-20,16766,24.446,13.48,324,11,1,20
2018-11-21,16766,80.68399999999998,11.89,325,11,2,21
2018-11-22,16766,44.18800000000001,11.89,326,11,3,22
2018-11-23,16766,25.073999999999995,13.48,327,11,4,23
2018-11-24,16766,24.294000000000004,13.48,328,11,5,24
2018-11-25,16766,36.186,13.48,329,11,6,25
2018-11-26,16766,14.285999999999996,13.48,330,11,0,26
2018-11-27,16766,30.446000000000005,13.48,331,11,1,27
2018-11-28,16766,71.03400000000002,11.89,332,11,2,28
2018-11-29,16766,49.993,11.89,333,11,3,29
2018-11-30,16766,30.67,13.48,334,11,4,30
2018-12-01,16766,64.39600000000002,13.48,335,12,5,1
2018-12-02,16766,41.068,13.48,336,12,6,2
2018-12-03,16766,31.261999999999997,13.48,337,12,0,3
2018-12-04,16766,34.191,13.48,338,12,1,4
2018-12-05,16766,104.12499999999996,11.89,339,12,2,5
2018-12-06,16766,72.795,11.89,340,12,3,6
2018-12-07,16766,36.64500000000001,13.48,341,12,4,7
2018-12-08,16766,39.748000000000005,13.48,342,12,5,8
2018-12-09,16766,32.996,13.48,343,12,6,9
2018-12-10,16766,21.486,13.48,344,12,0,10
2018-12-11,16766,31.892999999999997,13.48,345,12,1,11
2018-12-12,16766,59.77899999999999,11.89,346,12,2,12
2018-12-13,16766,68.042,11.89,347,12,3,13
2018-12-14,16766,10.805,13.48,348,12,4,14
2018-12-15,16766,24.091999999999995,13.48,349,12,5,15
2018-12-16,16766,36.016000000000005,13.48,350,12,6,16
2018-12-17,16766,33.68000000000001,13.48,351,12,0,17
2018-12-18,16766,18.552,13.48,352,12,1,18
2018-12-19,16766,59.84200000000001,11.89,353,12,2,19
2018-12-20,16766,61.643,11.89,354,12,3,20
2018-12-21,16766,24.789,13.48,355,12,4,21
2018-12-22,16766,26.291,13.48,356,12,5,22
2018-12-23,16766,31.277999999999995,13.48,357,12,6,23
2018-12-24,16766,36.792,13.48,358,12,0,24
2018-12-25,16766,0.0,13.48,359,12,1,25
2018-12-26,16766,53.505,13.48,360,12,2,26
2018-12-27,16766,36.548,13.48,361,12,3,27
2018-12-28,16766,23.61800000000001,13.48,362,12,4,28
2018-12-29,16766,33.733999999999995,13.48,363,12,5,29
2018-12-30,16766,39.128,13.48,364,12,6,30
2018-12-31,16766,35.585,13.48,365,12,0,31
2019-01-01,16766,0.0,13.48,1,1,1,1
2019-01-02,16766,65.25399999999998,13.48,2,1,2,2
2019-01-03,16766,52.89600000000001,13.48,3,1,3,3
2019-01-04,16766,62.956,13.48,4,1,4,4
2019-01-05,16766,32.09100000000001,13.48,5,1,5,5
2019-01-06,16766,40.55199999999999,13.48,6,1,6,6
2019-01-07,16766,27.733000000000004,13.48,7,1,0,7
2019-01-08,16766,32.06,13.48,8,1,1,8
2019-01-09,16766,89.39799999999997,10.98,9,1,2,9
2019-01-10,16766,57.70500000000001,10.98,10,1,3,10
2019-01-11,16766,20.77,13.48,11,1,4,11
2019-01-12,16766,29.426,13.48,12,1,5,12
2019-01-13,16766,27.207000000000004,13.48,13,1,6,13
2019-01-14,16766,24.45,13.48,14,1,0,14
2019-01-15,16766,30.753,13.48,15,1,1,15
2019-01-16,16766,74.35400000000001,10.99,16,1,2,16
2019-01-17,16766,95.912,10.99,17,1,3,17
2019-01-18,16766,35.79600000000001,13.48,18,1,4,18
2019-01-19,16766,38.158,13.48,19,1,5,19
2019-01-20,16766,38.476,13.48,20,1,6,20
2019-01-21,16766,25.51,13.48,21,1,0,21
2019-01-22,16766,26.119,13.48,22,1,1,22
2019-01-23,16766,53.06400000000001,10.69,23,1,2,23
2019-01-24,16766,84.21700000000001,10.69,24,1,3,24
2019-01-25,16766,29.756,13.48,25,1,4,25
2019-01-26,16766,31.058000000000007,13.48,26,1,5,26
2019-01-27,16766,23.177000000000007,13.48,27,1,6,27
2019-01-28,16766,29.506,13.48,28,1,0,28
2019-01-29,16766,29.431000000000004,13.48,29,1,1,29
2019-01-30,16766,79.652,10.99,30,1,2,30
2019-01-31,16766,70.46499999999999,10.99,31,1,3,31
2019-02-01,16766,36.694,13.48,32,2,4,1
2019-02-02,16766,42.13900000000001,13.48,33,2,5,2
2019-02-03,16766,30.695,13.48,34,2,6,3
2019-02-04,16766,24.679,13.48,35,2,0,4
2019-02-05,16766,25.477999999999994,13.48,36,2,1,5
2019-02-06,16766,99.16800000000002,10.99,37,2,2,6
2019-02-07,16766,77.49399999999999,10.99,38,2,3,7
2019-02-08,16766,30.93700000000001,13.48,39,2,4,8
2019-02-09,16766,37.37000000000001,13.48,40,2,5,9
2019-02-10,16766,38.68599999999999,13.48,41,2,6,10
2019-02-11,16766,28.45,13.48,42,2,0,11
2019-02-12,16766,20.816000000000003,13.48,43,2,1,12
2019-02-13,16766,63.365,12.89,44,2,2,13
2019-02-14,16766,69.164,12.89,45,2,3,14
2019-02-15,16766,23.994,13.48,46,2,4,15
2019-02-16,16766,30.821000000000005,13.48,47,2,5,16
2019-02-17,16766,38.260000000000005,13.48,48,2,6,17
2019-02-18,16766,10.014,13.48,49,2,0,18
2019-02-19,16766,25.615,13.48,50,2,1,19
2019-02-20,16766,69.662,12.99,51,2,2,20
2019-02-21,16766,68.865,12.99,52,2,3,21
2019-02-22,16766,18.873000000000005,13.48,53,2,4,22
2019-02-23,16766,42.12599999999999,13.48,54,2,5,23
2019-02-24,16766,46.805,13.48,55,2,6,24
2019-02-25,16766,25.430000000000003,13.48,56,2,0,25
2019-02-26,16766,25.542,13.48,57,2,1,26
2019-02-27,16766,67.27300000000001,12.99,58,2,2,27
2019-02-28,16766,75.756,12.99,59,2,3,28
2019-03-01,16766,51.93500000000002,13.48,60,3,4,1
2019-03-02,16766,51.733,13.48,61,3,5,2
2019-03-03,16766,41.186,13.48,62,3,6,3
2019-03-04,16766,36.148,13.48,63,3,0,4
2019-03-05,16766,22.728,13.48,64,3,1,5
2019-03-06,16766,37.802,12.99,65,3,2,6
2019-03-07,16766,80.061,12.99,66,3,3,7
2019-03-08,16766,25.97,13.48,67,3,4,8
2019-03-09,16766,34.55,13.48,68,3,5,9
2019-03-10,16766,30.503999999999994,13.48,69,3,6,10
2019-03-11,16766,24.040000000000003,13.48,70,3,0,11
2019-03-12,16766,18.075,13.99,71,3,1,12
2019-03-13,16766,77.736,12.99,72,3,2,13
2019-03-14,16766,55.04399999999999,12.99,73,3,3,14
2019-03-15,16766,18.696,13.99,74,3,4,15
2019-03-16,16766,42.39900000000001,13.99,75,3,5,16
2019-03-17,16766,26.338,13.99,76,3,6,17
2019-03-18,16766,13.192999999999998,13.99,77,3,0,18
2019-03-19,16766,37.6,13.99,78,3,1,19
2019-03-20,16766,55.570000000000014,12.99,79,3,2,20
2019-03-21,16766,53.249,12.99,80,3,3,21
2019-03-22,16766,26.79,13.99,81,3,4,22
2019-03-23,16766,22.899999999999995,13.99,82,3,5,23
2019-03-24,16766,39.51299999999999,13.99,83,3,6,24
2019-03-25,16766,41.152,13.99,84,3,0,25
2019-03-26,16766,23.35,13.99,85,3,1,26
2019-03-27,16766,65.75000000000001,12.99,86,3,2,27
2019-03-28,16766,72.37000000000002,12.99,87,3,3,28
2019-03-29,16766,29.145,13.99,88,3,4,29
2019-03-30,16766,34.475,13.99,89,3,5,30
2019-03-31,16766,39.184000000000005,13.99,90,3,6,31
2019-04-01,16766,36.165,13.99,91,4,0,1
2019-04-02,16766,41.452,13.99,92,4,1,2
2019-04-03,16766,74.08999999999997,13.99,93,4,2,3
2019-04-04,16766,43.656000000000006,13.99,94,4,3,4
2019-04-05,16766,35.844,13.99,95,4,4,5
2019-04-06,16766,45.018,13.99,96,4,5,6
2019-04-07,16766,35.437999999999995,13.99,97,4,6,7
2019-04-08,16766,14.594,13.99,98,4,0,8
2019-04-09,16766,30.251,13.99,99,4,1,9
2019-04-10,16766,50.916,13.99,100,4,2,10
2019-04-11,16766,39.734,13.99,101,4,3,11
2019-04-12,16766,24.078,13.99,102,4,4,12
2019-04-13,16766,42.986,13.99,103,4,5,13
2019-04-14,16766,27.308000000000003,13.99,104,4,6,14
2019-04-15,16766,14.876,13.99,105,4,0,15
2019-04-16,16766,17.954,13.99,106,4,1,16
2019-04-17,16766,28.078,13.99,107,4,2,17
2019-04-18,16766,38.114,13.99,108,4,3,18
2019-04-19,16766,7.05,13.99,109,4,4,19
2019-04-20,16766,23.288,13.99,110,4,5,20
2019-04-21,16766,36.64,13.99,111,4,6,21
2019-04-22,16766,25.656,13.99,112,4,0,22
2019-04-23,16766,28.424,13.99,113,4,1,23
2019-04-24,16766,54.596,13.99,114,4,2,24
2019-04-25,16766,53.344,13.99,115,4,3,25
2019-04-26,16766,34.934000000000005,13.99,116,4,4,26
2019-04-27,16766,27.368,14.39,117,4,5,27
2019-04-28,16766,22.012,14.39,118,4,6,28
2019-04-29,16766,16.625999999999998,14.39,119,4,0,29
2019-04-30,16766,41.33200000000001,14.39,120,4,1,30
2017-01-02,20213,53.31,13.99,2,1,0,2
2017-01-03,20213,27.686,13.99,3,1,1,3
2017-01-04,20213,8.75,13.99,4,1,2,4
2017-01-05,20213,0.0,13.99,5,1,3,5
2017-01-06,20213,4.814,13.99,6,1,4,6
2017-01-07,20213,28.742,13.99,7,1,5,7
2017-01-08,20213,22.702,13.99,8,1,6,8
2017-01-09,20213,12.81,13.99,9,1,0,9
2017-01-10,20213,10.33,13.99,10,1,1,10
2017-01-11,20213,13.868,13.99,11,1,2,11
2017-01-12,20213,13.393999999999998,11.99,12,1,3,12
2017-01-13,20213,13.372000000000002,11.99,13,1,4,13
2017-01-14,20213,9.892,11.99,14,1,5,14
2017-01-15,20213,16.606,11.99,15,1,6,15
2017-01-16,20213,19.915,13.99,16,1,0,16
2017-01-17,20213,9.759999999999998,13.99,17,1,1,17
2017-01-18,20213,8.652000000000001,13.99,18,1,2,18
2017-01-19,20213,10.171999999999995,13.99,19,1,3,19
2017-01-20,20213,5.458,13.99,20,1,4,20
2017-01-21,20213,9.309,11.98,21,1,5,21
2017-01-22,20213,14.035,11.98,22,1,6,22
2017-01-23,20213,22.723000000000003,13.99,23,1,0,23
2017-01-24,20213,23.416000000000004,13.99,24,1,1,24
2017-01-25,20213,20.07,13.99,25,1,2,25
2017-01-26,20213,18.446,13.99,26,1,3,26
2017-01-27,20213,10.156,13.99,27,1,4,27
2017-01-28,20213,20.118,13.99,28,1,5,28
2017-01-29,20213,18.636,13.99,29,1,6,29
2017-01-30,20213,18.846000000000004,13.99,30,1,0,30
2017-01-31,20213,25.84800000000001,13.99,31,1,1,31
2017-02-01,20213,36.40800000000001,13.99,32,2,2,1
2017-02-02,20213,30.098000000000003,13.99,33,2,3,2
2017-02-03,20213,1.804,13.99,34,2,4,3
2017-02-04,20213,14.62,13.99,35,2,5,4
2017-02-05,20213,32.812,13.99,36,2,6,5
2017-02-06,20213,18.172000000000004,13.99,37,2,0,6
2017-02-07,20213,13.768,13.99,38,2,1,7
2017-02-08,20213,10.458,13.99,39,2,2,8
2017-02-09,20213,28.384000000000004,13.99,40,2,3,9
2017-02-10,20213,21.640000000000004,13.99,41,2,4,10
2017-02-11,20213,32.406,13.99,42,2,5,11
2017-02-12,20213,28.910000000000007,13.99,43,2,6,12
2017-02-13,20213,4.778,13.99,44,2,0,13
2017-02-14,20213,21.189999999999998,13.99,45,2,1,14
2017-02-15,20213,12.388,13.99,46,2,2,15
2017-02-16,20213,21.148000000000003,13.99,47,2,3,16
2017-02-17,20213,15.578,12.99,48,2,4,17
2017-02-18,20213,15.711999999999998,12.99,49,2,5,18
2017-02-19,20213,31.124,12.99,50,2,6,19
2017-02-20,20213,16.87,12.99,51,2,0,20
2017-02-21,20213,17.531999999999996,12.99,52,2,1,21
2017-02-22,20213,23.066000000000003,12.99,53,2,2,22
2017-02-23,20213,18.284,12.99,54,2,3,23
2017-02-24,20213,17.253999999999998,12.99,55,2,4,24
2017-02-25,20213,43.61599999999999,12.99,56,2,5,25
2017-02-26,20213,39.388000000000005,12.99,57,2,6,26
2017-02-27,20213,10.886,12.99,58,2,0,27
2017-02-28,20213,47.75200000000001,12.99,59,2,1,28
2017-03-01,20213,44.562,12.99,60,3,2,1
2017-03-02,20213,23.804,12.99,61,3,3,2
2017-03-03,20213,31.208,12.99,62,3,4,3
2017-03-04,20213,52.55799999999999,12.99,63,3,5,4
2017-03-05,20213,40.47599999999999,12.99,64,3,6,5
2017-03-06,20213,4.546,12.99,65,3,0,6
2017-03-07,20213,0.0,12.99,66,3,1,7
2017-03-08,20213,16.682000000000002,12.99,67,3,2,8
2017-03-09,20213,24.4,12.99,68,3,3,9
2017-03-10,20213,21.33,12.99,69,3,4,10
2017-03-11,20213,53.92400000000001,12.99,70,3,5,11
2017-03-12,20213,29.06,12.99,71,3,6,12
2017-03-13,20213,11.454,12.99,72,3,0,13
2017-03-14,20213,23.118,12.99,73,3,1,14
2017-03-15,20213,27.88,12.99,74,3,2,15
2017-03-16,20213,34.61800000000001,12.99,75,3,3,16
2017-03-17,20213,24.386000000000003,12.99,76,3,4,17
2017-03-18,20213,23.898,12.99,77,3,5,18
2017-03-19,20213,30.687999999999995,12.99,78,3,6,19
2017-03-20,20213,21.261,12.99,79,3,0,20
2017-03-21,20213,29.936,12.99,80,3,1,21
2017-03-22,20213,26.509000000000004,12.99,81,3,2,22
2017-03-23,20213,27.434000000000005,12.99,82,3,3,23
2017-03-24,20213,25.508000000000006,12.99,83,3,4,24
2017-03-25,20213,46.182,12.99,84,3,5,25
2017-03-26,20213,33.035999999999994,12.99,85,3,6,26
2017-03-27,20213,24.106,12.99,86,3,0,27
2017-03-28,20213,15.65,12.99,87,3,1,28
2017-03-29,20213,26.050000000000004,12.99,88,3,2,29
2017-03-30,20213,16.855999999999998,13.99,89,3,3,30
2017-03-31,20213,25.412000000000003,13.99,90,3,4,31
2017-04-01,20213,52.86399999999999,13.99,91,4,5,1
2017-04-02,20213,40.526,13.99,92,4,6,2
2017-04-03,20213,26.329,13.99,93,4,0,3
2017-04-04,20213,27.499,13.99,94,4,1,4
2017-04-05,20213,37.395,13.99,95,4,2,5
2017-04-06,20213,35.785999999999994,13.99,96,4,3,6
2017-04-07,20213,25.882,13.99,97,4,4,7
2017-04-08,20213,30.924,13.99,98,4,5,8
2017-04-09,20213,15.294,13.99,99,4,6,9
2017-04-10,20213,13.177999999999995,13.99,100,4,0,10
2017-04-11,20213,41.542,13.99,101,4,1,11
2017-04-12,20213,78.32,13.99,102,4,2,12
2017-04-13,20213,223.44400000000007,13.99,103,4,3,13
2017-04-14,20213,139.88800000000006,13.99,104,4,4,14
2017-04-15,20213,14.358,13.99,105,4,5,15
2017-04-16,20213,16.21,13.99,106,4,6,16
2017-04-17,20213,4.678,13.99,107,4,0,17
2017-04-18,20213,7.673999999999999,13.99,108,4,1,18
2017-04-19,20213,2.63,13.99,109,4,2,19
2017-04-20,20213,12.897,13.99,110,4,3,20
2017-04-21,20213,9.08,13.99,111,4,4,21
2017-04-22,20213,9.956,13.99,112,4,5,22
2017-04-23,20213,15.48,13.99,113,4,6,23
2017-04-24,20213,7.552,13.99,114,4,0,24
2017-04-25,20213,14.622,13.99,115,4,1,25
2017-04-26,20213,3.378,13.99,116,4,2,26
2017-04-27,20213,15.23,13.99,117,4,3,27
2017-04-28,20213,11.858,13.99,118,4,4,28
2017-04-29,20213,13.922,13.99,119,4,5,29
2017-04-30,20213,40.102,13.99,120,4,6,30
2017-05-01,20213,0.0,13.99,121,5,0,1
2017-05-02,20213,31.516,13.99,122,5,1,2
2017-05-03,20213,15.52,13.99,123,5,2,3
2017-05-04,20213,31.172000000000004,13.99,124,5,3,4
2017-05-05,20213,14.124,13.99,125,5,4,5
2017-05-06,20213,31.373,13.99,126,5,5,6
2017-05-07,20213,25.134,13.99,127,5,6,7
2017-05-08,20213,12.492,13.99,128,5,0,8
2017-05-09,20213,13.726,13.99,129,5,1,9
2017-05-10,20213,10.732,13.99,130,5,2,10
2017-05-11,20213,11.292,13.99,131,5,3,11
2017-05-12,20213,6.751999999999999,13.99,132,5,4,12
2017-05-13,20213,23.674000000000007,13.99,133,5,5,13
2017-05-14,20213,15.882,13.99,134,5,6,14
2017-05-15,20213,6.276,13.99,135,5,0,15
2017-05-16,20213,7.446,13.99,136,5,1,16
2017-05-17,20213,4.672000000000001,13.99,137,5,2,17
2017-05-18,20213,5.95,13.99,138,5,3,18
2017-05-19,20213,10.574,13.99,139,5,4,19
2017-05-20,20213,19.038,13.99,140,5,5,20
2017-05-21,20213,33.94,13.99,141,5,6,21
2017-05-22,20213,16.762,13.99,142,5,0,22
2017-05-23,20213,2.992,13.99,143,5,1,23
2017-05-24,20213,8.405999999999999,13.99,144,5,2,24
2017-05-25,20213,11.657000000000002,13.99,145,5,3,25
2017-05-26,20213,6.3740000000000006,13.99,146,5,4,26
2017-05-27,20213,2.044,13.99,147,5,5,27
2017-05-28,20213,1.044,13.99,148,5,6,28
2017-05-29,20213,10.124,13.99,149,5,0,29
2017-05-30,20213,4.680000000000001,13.99,150,5,1,30
2017-05-31,20213,7.254,13.99,151,5,2,31
2017-06-01,20213,6.188000000000001,13.99,152,6,3,1
2017-06-02,20213,9.878,13.99,153,6,4,2
2017-06-03,20213,24.055,13.99,154,6,5,3
2017-06-04,20213,28.326,13.99,155,6,6,4
2017-06-05,20213,15.364,13.99,156,6,0,5
2017-06-06,20213,15.631000000000002,13.99,157,6,1,6
2017-06-07,20213,15.638000000000002,13.99,158,6,2,7
2017-06-08,20213,6.074999999999999,13.99,159,6,3,8
2017-06-09,20213,5.007,13.99,160,6,4,9
2017-06-10,20213,25.886,13.99,161,6,5,10
2017-06-11,20213,12.712,13.99,162,6,6,11
2017-06-12,20213,13.146,13.99,163,6,0,12
2017-06-13,20213,14.082999999999998,13.99,164,6,1,13
