sales_curva_a.csv
date,item_nbr,unit_sales,price,day_of_year,month,day_of_week,day_of_month
2017-06-14,20213,14.254,13.99,165,6,2,14
2017-06-15,20213,19.338,13.99,166,6,3,15
2017-06-16,20213,11.409999999999998,13.99,167,6,4,16
2017-06-17,20213,19.316000000000003,13.99,168,6,5,17
2017-06-18,20213,0.318,13.99,169,6,6,18
2017-06-19,20213,3.922,13.99,170,6,0,19
2017-06-20,20213,11.682,13.99,171,6,1,20
2017-06-21,20213,17.652,13.99,172,6,2,21
2017-06-22,20213,13.588,13.99,173,6,3,22
2017-06-23,20213,10.34,13.99,174,6,4,23
2017-06-24,20213,31.409999999999997,13.99,175,6,5,24
2017-06-25,20213,26.407999999999998,13.99,176,6,6,25
2017-06-26,20213,3.3120000000000003,13.99,177,6,0,26
2017-06-27,20213,16.796,13.99,178,6,1,27
2017-06-28,20213,37.774,13.99,179,6,2,28
2017-06-29,20213,4.44,13.99,180,6,3,29
2017-06-30,20213,5.898000000000001,13.99,181,6,4,30
2017-07-01,20213,54.53399999999998,13.99,182,7,5,1
2017-07-02,20213,4.314,13.99,183,7,6,2
2017-07-03,20213,0.0,13.99,184,7,0,3
2017-07-04,20213,17.688,13.99,185,7,1,4
2017-07-05,20213,21.206,13.99,186,7,2,5
2017-07-06,20213,20.924,13.99,187,7,3,6
2017-07-07,20213,19.966,13.99,188,7,4,7
2017-07-08,20213,22.886,13.99,189,7,5,8
2017-07-09,20213,17.206000000000003,13.99,190,7,6,9
2017-07-10,20213,0.0,13.99,191,7,0,10
2017-07-11,20213,11.358,13.99,192,7,1,11
2017-07-12,20213,31.407999999999998,13.99,193,7,2,12
2017-07-13,20213,21.181999999999995,13.99,194,7,3,13
2017-07-14,20213,16.991,13.99,195,7,4,14
2017-07-15,20213,30.58,13.99,196,7,5,15
2017-07-16,20213,27.689,13.99,197,7,6,16
2017-07-17,20213,22.04,13.99,198,7,0,17
2017-07-18,20213,15.908,13.99,199,7,1,18
2017-07-19,20213,27.432,13.99,200,7,2,19
2017-07-20,20213,12.002,13.99,201,7,3,20
2017-07-21,20213,27.01,13.99,202,7,4,21
2017-07-22,20213,25.979,13.99,203,7,5,22
2017-07-23,20213,41.74600000000001,13.99,204,7,6,23
2017-07-24,20213,15.170000000000002,13.99,205,7,0,24
2017-07-25,20213,24.928000000000008,13.99,206,7,1,25
2017-07-26,20213,17.12,13.99,207,7,2,26
2017-07-27,20213,5.12,13.99,208,7,3,27
2017-07-28,20213,15.361999999999998,13.99,209,7,4,28
2017-07-29,20213,14.222,13.99,210,7,5,29
2017-07-30,20213,12.944,13.99,211,7,6,30
2017-07-31,20213,11.078,13.99,212,7,0,31
2017-08-01,20213,13.454,13.99,213,8,1,1
2017-08-02,20213,28.179,13.99,214,8,2,2
2017-08-03,20213,26.793,12.99,215,8,3,3
2017-08-04,20213,27.955000000000005,13.99,216,8,4,4
2017-08-05,20213,43.975,13.99,217,8,5,5
2017-08-06,20213,26.006000000000007,13.99,218,8,6,6
2017-08-07,20213,22.592,13.99,219,8,0,7
2017-08-08,20213,14.912,13.99,220,8,1,8
2017-08-09,20213,26.736000000000004,13.99,221,8,2,9
2017-08-10,20213,11.962,13.99,222,8,3,10
2017-08-11,20213,20.14,12.99,223,8,4,11
2017-08-12,20213,33.758,12.99,224,8,5,12
2017-08-13,20213,31.869000000000003,12.99,225,8,6,13
2017-08-14,20213,22.424,13.99,226,8,0,14
2017-08-15,20213,33.008,13.99,227,8,1,15
2017-08-16,20213,18.583,13.99,228,8,2,16
2017-08-17,20213,16.867,13.99,229,8,3,17
2017-08-18,20213,2.226,13.99,230,8,4,18
2017-08-19,20213,20.544,13.99,231,8,5,19
2017-08-20,20213,11.980999999999998,13.99,232,8,6,20
2017-08-21,20213,7.532,13.99,233,8,0,21
2017-08-22,20213,19.656,13.99,234,8,1,22
2017-08-23,20213,10.856,13.99,235,8,2,23
2017-08-24,20213,14.304,13.99,236,8,3,24
2017-08-25,20213,17.834,13.99,237,8,4,25
2017-08-26,20213,35.379999999999995,13.99,238,8,5,26
2017-08-27,20213,21.254,13.99,239,8,6,27
2017-08-28,20213,20.314,13.99,240,8,0,28
2017-08-29,20213,7.014000000000001,13.99,241,8,1,29
2017-08-30,20213,21.546,13.99,242,8,2,30
2017-08-31,20213,28.588,13.99,243,8,3,31
2017-09-01,20213,23.673,13.99,244,9,4,1
2017-09-02,20213,36.676,13.99,245,9,5,2
2017-09-03,20213,21.616,13.99,246,9,6,3
2017-09-04,20213,13.987999999999998,12.9,247,9,0,4
2017-09-05,20213,23.848,12.9,248,9,1,5
2017-09-06,20213,26.416,13.99,249,9,2,6
2017-09-07,20213,10.25,13.99,250,9,3,7
2017-09-08,20213,18.426,13.99,251,9,4,8
2017-09-09,20213,42.008,13.99,252,9,5,9
2017-09-10,20213,24.928,13.99,253,9,6,10
2017-09-11,20213,22.634,12.9,254,9,0,11
2017-09-12,20213,15.032000000000002,12.9,255,9,1,12
2017-09-13,20213,21.358,13.99,256,9,2,13
2017-09-14,20213,16.073999999999998,13.99,257,9,3,14
2017-09-15,20213,19.268,13.99,258,9,4,15
2017-09-16,20213,25.474,13.99,259,9,5,16
2017-09-17,20213,37.010000000000005,13.99,260,9,6,17
2017-09-18,20213,23.075,12.9,261,9,0,18
2017-09-19,20213,29.694,12.9,262,9,1,19
2017-09-20,20213,32.224000000000004,13.99,263,9,2,20
2017-09-21,20213,13.974,13.99,264,9,3,21
2017-09-22,20213,10.014,13.99,265,9,4,22
2017-09-23,20213,30.768,13.99,266,9,5,23
2017-09-24,20213,34.303000000000004,13.99,267,9,6,24
2017-09-25,20213,20.086,13.99,268,9,0,25
2017-09-26,20213,16.244,13.99,269,9,1,26
2017-09-27,20213,33.698,13.99,270,9,2,27
2017-09-28,20213,24.894,13.99,271,9,3,28
2017-09-29,20213,26.236,13.99,272,9,4,29
2017-09-30,20213,28.544,13.99,273,9,5,30
2017-10-01,20213,61.32899999999999,13.99,274,10,6,1
2017-10-02,20213,3.64,12.9,275,10,0,2
2017-10-03,20213,18.414,12.9,276,10,1,3
2017-10-04,20213,39.216,13.99,277,10,2,4
2017-10-05,20213,20.466,13.99,278,10,3,5
2017-10-06,20213,1.896,13.99,279,10,4,6
2017-10-07,20213,22.228,13.99,280,10,5,7
2017-10-08,20213,28.29,13.99,281,10,6,8
2017-10-09,20213,11.471999999999998,12.9,282,10,0,9
2017-10-10,20213,24.14,12.9,283,10,1,10
2017-10-11,20213,15.986,13.99,284,10,2,11
2017-10-12,20213,46.199000000000005,13.99,285,10,3,12
2017-10-13,20213,8.474,13.99,286,10,4,13
2017-10-14,20213,0.0,13.99,287,10,5,14
2017-10-15,20213,0.0,13.99,288,10,6,15
2017-10-16,20213,23.892,13.99,289,10,0,16
2017-10-17,20213,23.52,13.99,290,10,1,17
2017-10-18,20213,9.656,13.99,291,10,2,18
2017-10-19,20213,2.378,13.99,292,10,3,19
2017-10-20,20213,7.975999999999999,13.99,293,10,4,20
2017-10-21,20213,22.450000000000003,13.99,294,10,5,21
2017-10-22,20213,21.516,13.99,295,10,6,22
2017-10-23,20213,12.414,12.9,296,10,0,23
2017-10-24,20213,9.364,12.9,297,10,1,24
2017-10-25,20213,22.093,13.99,298,10,2,25
2017-10-26,20213,23.074000000000005,13.99,299,10,3,26
2017-10-27,20213,25.328,13.99,300,10,4,27
2017-10-28,20213,18.136,13.99,301,10,5,28
2017-10-29,20213,16.008,13.99,302,10,6,29
2017-10-30,20213,13.53,12.9,303,10,0,30
2017-10-31,20213,40.287000000000006,12.9,304,10,1,31
2017-11-01,20213,22.664000000000005,13.99,305,11,2,1
2017-11-02,20213,29.86399999999999,13.99,306,11,3,2
2017-11-03,20213,9.443,13.99,307,11,4,3
2017-11-04,20213,29.826,13.99,308,11,5,4
2017-11-05,20213,29.378000000000004,13.99,309,11,6,5
2017-11-06,20213,9.276,13.99,310,11,0,6
2017-11-07,20213,0.0,13.99,311,11,1,7
2017-11-08,20213,31.354000000000006,13.99,312,11,2,8
2017-11-09,20213,20.522,13.99,313,11,3,9
2017-11-10,20213,15.378,12.98,314,11,4,10
2017-11-11,20213,32.444,12.98,315,11,5,11
2017-11-12,20213,28.711,12.98,316,11,6,12
2017-11-13,20213,11.966,12.9,317,11,0,13
2017-11-14,20213,16.946,12.9,318,11,1,14
2017-11-15,20213,40.27400000000001,13.99,319,11,2,15
2017-11-16,20213,2.22,13.99,320,11,3,16
2017-11-17,20213,11.733999999999998,13.99,321,11,4,17
2017-11-18,20213,25.258000000000003,13.99,322,11,5,18
2017-11-19,20213,14.787999999999998,13.99,323,11,6,19
2017-11-20,20213,13.518,12.9,324,11,0,20
2017-11-21,20213,31.11,12.9,325,11,1,21
2017-11-22,20213,18.218,13.99,326,11,2,22
2017-11-23,20213,12.764,13.99,327,11,3,23
2017-11-24,20213,23.902,13.99,328,11,4,24
2017-11-25,20213,29.239999999999995,13.99,329,11,5,25
2017-11-26,20213,27.088,13.99,330,11,6,26
2017-11-27,20213,1.234,12.9,331,11,0,27
2017-11-28,20213,21.472,12.9,332,11,1,28
2017-11-29,20213,25.015,13.99,333,11,2,29
2017-11-30,20213,35.538,13.99,334,11,3,30
2017-12-01,20213,41.124,13.99,335,12,4,1
2017-12-02,20213,45.702,13.99,336,12,5,2
2017-12-03,20213,31.008,13.99,337,12,6,3
2017-12-04,20213,25.416,12.9,338,12,0,4
2017-12-05,20213,23.398,12.9,339,12,1,5
2017-12-06,20213,37.416,13.99,340,12,2,6
2017-12-07,20213,33.919999999999995,13.99,341,12,3,7
2017-12-08,20213,12.82,13.99,342,12,4,8
2017-12-09,20213,26.584,13.99,343,12,5,9
2017-12-10,20213,31.456,13.99,344,12,6,10
2017-12-11,20213,33.742000000000004,12.9,345,12,0,11
2017-12-12,20213,16.483999999999998,12.9,346,12,1,12
2017-12-13,20213,19.448,13.99,347,12,2,13
2017-12-14,20213,21.028,13.99,348,12,3,14
2017-12-15,20213,35.19,13.99,349,12,4,15
2017-12-16,20213,21.726,13.99,350,12,5,16
2017-12-17,20213,47.43800000000001,13.99,351,12,6,17
2017-12-18,20213,19.8,13.445,352,12,0,18
2017-12-19,20213,14.035,12.9,353,12,1,19
2017-12-20,20213,33.182,13.99,354,12,2,20
2017-12-21,20213,27.732,13.99,355,12,3,21
2017-12-22,20213,19.766,13.99,356,12,4,22
2017-12-23,20213,25.790000000000003,13.99,357,12,5,23
2017-12-24,20213,29.885,13.99,358,12,6,24
2017-12-25,20213,0.0,13.99,359,12,0,25
2017-12-26,20213,30.527,13.99,360,12,1,26
2017-12-27,20213,19.454,12.9,361,12,2,27
2017-12-28,20213,15.622,13.99,362,12,3,28
2017-12-29,20213,15.456,13.99,363,12,4,29
2017-12-30,20213,27.112,13.99,364,12,5,30
2017-12-31,20213,47.81,13.99,365,12,6,31
2018-01-01,20213,0.0,13.99,1,1,0,1
2018-01-02,20213,8.462,13.99,2,1,1,2
2018-01-03,20213,0.932,12.9,3,1,2,3
2018-01-04,20213,37.192,13.99,4,1,3,4
2018-01-05,20213,18.794,13.99,5,1,4,5
2018-01-06,20213,36.042,13.99,6,1,5,6
2018-01-07,20213,28.696,13.99,7,1,6,7
2018-01-08,20213,12.986,12.9,8,1,0,8
2018-01-09,20213,27.288,12.9,9,1,1,9
2018-01-10,20213,25.338,13.99,10,1,2,10
2018-01-11,20213,28.102,13.99,11,1,3,11
2018-01-12,20213,21.356,13.99,12,1,4,12
2018-01-13,20213,20.708,13.99,13,1,5,13
2018-01-14,20213,33.066,13.99,14,1,6,14
2018-01-15,20213,32.76,12.9,15,1,0,15
2018-01-16,20213,20.436,12.9,16,1,1,16
2018-01-17,20213,18.78,13.99,17,1,2,17
2018-01-18,20213,20.022,13.99,18,1,3,18
2018-01-19,20213,18.241,13.99,19,1,4,19
2018-01-20,20213,32.112,13.99,20,1,5,20
2018-01-21,20213,24.387999999999995,13.99,21,1,6,21
2018-01-22,20213,15.899,12.9,22,1,0,22
2018-01-23,20213,14.232,12.9,23,1,1,23
2018-01-24,20213,13.742,13.99,24,1,2,24
2018-01-25,20213,25.342,13.99,25,1,3,25
2018-01-26,20213,31.192,13.99,26,1,4,26
2018-01-27,20213,25.948000000000004,13.99,27,1,5,27
2018-01-28,20213,37.306,13.99,28,1,6,28
2018-01-29,20213,12.64,12.9,29,1,0,29
2018-01-30,20213,19.904,12.9,30,1,1,30
2018-01-31,20213,22.798,13.99,31,1,2,31
2018-02-01,20213,17.830000000000002,13.99,32,2,3,1
2018-02-02,20213,18.612,13.99,33,2,4,2
2018-02-03,20213,42.37200000000001,13.99,34,2,5,3
2018-02-04,20213,19.307,13.99,35,2,6,4
2018-02-05,20213,0.0,13.99,36,2,0,5
2018-02-06,20213,23.316,13.99,37,2,1,6
2018-02-07,20213,26.733999999999995,13.99,38,2,2,7
2018-02-08,20213,19.66,13.99,39,2,3,8
2018-02-09,20213,24.06,13.99,40,2,4,9
2018-02-10,20213,52.802,13.99,41,2,5,10
2018-02-11,20213,36.066,13.99,42,2,6,11
2018-02-12,20213,30.812,13.99,43,2,0,12
2018-02-13,20213,49.817999999999984,13.99,44,2,1,13
2018-02-14,20213,57.542,11.99,45,2,2,14
2018-02-15,20213,39.04399999999999,11.99,46,2,3,15
2018-02-16,20213,26.888,13.99,47,2,4,16
2018-02-17,20213,49.16399999999999,13.99,48,2,5,17
2018-02-18,20213,31.062,13.99,49,2,6,18
2018-02-19,20213,15.641,13.99,50,2,0,19
2018-02-20,20213,19.128,12.9,51,2,1,20
2018-02-21,20213,62.96200000000001,11.89,52,2,2,21
2018-02-22,20213,38.78200000000001,11.89,53,2,3,22
2018-02-23,20213,19.398,13.99,54,2,4,23
2018-02-24,20213,28.289999999999992,13.99,55,2,5,24
2018-02-25,20213,42.154,13.99,56,2,6,25
2018-02-26,20213,18.045,12.9,57,2,0,26
2018-02-27,20213,15.099999999999998,12.9,58,2,1,27
2018-02-28,20213,41.412000000000006,11.89,59,2,2,28
2018-03-01,20213,56.52399999999999,11.89,60,3,3,1
2018-03-02,20213,36.39,13.99,61,3,4,2
2018-03-03,20213,39.91799999999999,13.99,62,3,5,3
2018-03-04,20213,30.892,13.99,63,3,6,4
2018-03-05,20213,32.698,13.99,64,3,0,5
2018-03-06,20213,29.94,13.99,65,3,1,6
2018-03-07,20213,61.495000000000005,11.49,66,3,2,7
2018-03-08,20213,31.588,11.49,67,3,3,8
2018-03-09,20213,32.94200000000001,11.99,68,3,4,9
2018-03-10,20213,45.202,11.99,69,3,5,10
2018-03-11,20213,57.434000000000005,11.99,70,3,6,11
2018-03-12,20213,13.242,13.99,71,3,0,12
2018-03-13,20213,15.750000000000004,13.99,72,3,1,13
2018-03-14,20213,41.232,11.99,73,3,2,14
2018-03-15,20213,27.940000000000005,11.99,74,3,3,15
2018-03-16,20213,28.838,13.99,75,3,4,16
2018-03-17,20213,26.542,13.99,76,3,5,17
2018-03-18,20213,26.56800000000001,13.99,77,3,6,18
2018-03-19,20213,22.788,13.99,78,3,0,19
2018-03-20,20213,12.424,13.99,79,3,1,20
2018-03-21,20213,22.106,11.49,80,3,2,21
2018-03-22,20213,28.398,11.49,81,3,3,22
2018-03-23,20213,16.588,13.99,82,3,4,23
2018-03-24,20213,30.994,13.99,83,3,5,24
2018-03-25,20213,60.744,13.99,84,3,6,25
2018-03-26,20213,38.092000000000006,13.99,85,3,0,26
2018-03-27,20213,32.572,13.99,86,3,1,27
2018-03-28,20213,146.90799999999996,11.49,87,3,2,28
2018-03-29,20213,256.35599999999994,11.49,88,3,3,29
2018-03-30,20213,139.17399999999998,13.99,89,3,4,30
2018-03-31,20213,19.252,13.99,90,3,5,31
2018-04-01,20213,23.17,13.99,91,4,6,1
2018-04-02,20213,15.116,11.9,92,4,0,2
2018-04-03,20213,8.988999999999999,11.9,93,4,1,3
2018-04-04,20213,12.201999999999996,13.99,94,4,2,4
2018-04-05,20213,14.176000000000002,13.99,95,4,3,5
2018-04-06,20213,12.247999999999998,13.99,96,4,4,6
2018-04-07,20213,23.876,13.99,97,4,5,7
2018-04-08,20213,11.12,13.99,98,4,6,8
2018-04-09,20213,10.911,13.99,99,4,0,9
2018-04-10,20213,11.653,11.9,100,4,1,10
2018-04-11,20213,4.804,13.99,101,4,2,11
2018-04-12,20213,4.822,13.99,102,4,3,12
2018-04-13,20213,5.398000000000001,13.99,103,4,4,13
2018-04-14,20213,4.118,13.99,104,4,5,14
2018-04-15,20213,17.24,13.99,105,4,6,15
2018-04-16,20213,13.866,13.99,106,4,0,16
2018-04-17,20213,4.73,13.99,107,4,1,17
2018-04-18,20213,1.892,13.99,108,4,2,18
2018-04-19,20213,0.0,13.99,109,4,3,19
2018-04-20,20213,19.664000000000005,13.99,110,4,4,20
2018-04-21,20213,16.118,13.99,111,4,5,21
2018-04-22,20213,14.436,13.99,112,4,6,22
2018-04-23,20213,9.166,13.99,113,4,0,23
2018-04-24,20213,16.722,13.99,114,4,1,24
2018-04-25,20213,24.58,13.99,115,4,2,25
2018-04-26,20213,7.518,13.99,116,4,3,26
2018-04-27,20213,14.006,13.99,117,4,4,27
2018-04-28,20213,30.722,13.99,118,4,5,28
2018-04-29,20213,20.97,13.99,119,4,6,29
2018-04-30,20213,18.278,13.99,120,4,0,30
2018-05-01,20213,42.14799999999999,13.99,121,5,1,1
2018-05-02,20213,9.307999999999998,13.99,122,5,2,2
2018-05-03,20213,6.103999999999999,13.99,123,5,3,3
2018-05-04,20213,0.0,13.99,124,5,4,4
2018-05-05,20213,31.12399999999999,13.99,125,5,5,5
2018-05-06,20213,31.534,13.99,126,5,6,6
2018-05-07,20213,17.947000000000003,11.99,127,5,0,7
2018-05-08,20213,43.72,11.99,128,5,1,8
2018-05-09,20213,14.896,11.99,129,5,2,9
2018-05-10,20213,21.568,11.99,130,5,3,10
2018-05-11,20213,20.784,13.99,131,5,4,11
2018-05-12,20213,25.52800000000001,13.99,132,5,5,12
2018-05-13,20213,21.618,13.99,133,5,6,13
2018-05-14,20213,6.692,13.99,134,5,0,14
2018-05-15,20213,21.59,13.99,135,5,1,15
2018-05-16,20213,23.982,13.99,136,5,2,16
2018-05-17,20213,4.47,13.99,137,5,3,17
2018-05-18,20213,14.761999999999995,13.99,138,5,4,18
2018-05-19,20213,26.02,12.99,139,5,5,19
2018-05-20,20213,30.566000000000003,12.99,140,5,6,20
2018-05-21,20213,22.802,12.99,141,5,0,21
2018-05-22,20213,10.718,12.99,142,5,1,22
2018-05-23,20213,1.5459999999999998,12.99,143,5,2,23
2018-05-24,20213,0.0,12.99,144,5,3,24
2018-05-25,20213,15.504,12.99,145,5,4,25
2018-05-26,20213,28.736,12.99,146,5,5,26
2018-05-27,20213,22.638,12.99,147,5,6,27
2018-05-28,20213,13.994,12.99,148,5,0,28
2018-05-29,20213,15.024,12.99,149,5,1,29
2018-05-30,20213,0.0,12.99,150,5,2,30
2018-05-31,20213,33.39,12.99,151,5,3,31
2018-06-01,20213,25.754,12.99,152,6,4,1
2018-06-02,20213,19.422000000000004,12.98,153,6,5,2
2018-06-03,20213,44.831,12.98,154,6,6,3
2018-06-04,20213,12.191,12.99,155,6,0,4
2018-06-05,20213,28.108000000000008,12.99,156,6,1,5
2018-06-06,20213,48.562000000000005,12.99,157,6,2,6
2018-06-07,20213,10.59,12.99,158,6,3,7
2018-06-08,20213,13.084,12.99,159,6,4,8
2018-06-09,20213,27.986,12.99,160,6,5,9
2018-06-10,20213,35.321,12.99,161,6,6,10
2018-06-11,20213,0.0,12.99,162,6,0,11
2018-06-12,20213,0.0,12.99,163,6,1,12
2018-06-13,20213,7.96,12.99,164,6,2,13
2018-06-14,20213,12.976,12.99,165,6,3,14
2018-06-15,20213,26.803999999999995,12.99,166,6,4,15
2018-06-16,20213,30.056,12.99,167,6,5,16
2018-06-17,20213,18.174,12.99,168,6,6,17
2018-06-18,20213,7.938000000000001,12.99,169,6,0,18
2018-06-19,20213,9.57,12.99,170,6,1,19
2018-06-20,20213,10.48,12.99,171,6,2,20
2018-06-21,20213,11.206,12.99,172,6,3,21
2018-06-22,20213,2.06,12.99,173,6,4,22
2018-06-23,20213,8.182,12.99,174,6,5,23
2018-06-24,20213,19.292,12.99,175,6,6,24
2018-06-25,20213,2.17,12.99,176,6,0,25
2018-06-26,20213,27.432,12.99,177,6,1,26
2018-06-27,20213,25.616,10.99,178,6,2,27
2018-06-28,20213,17.006000000000004,10.99,179,6,3,28
2018-06-29,20213,32.224000000000004,10.99,180,6,4,29
2018-06-30,20213,34.279,12.99,181,6,5,30
2018-07-01,20213,3.772,12.99,182,7,6,1
2018-07-02,20213,0.0,12.99,183,7,0,2
2018-07-03,20213,15.35,12.99,184,7,1,3
2018-07-04,20213,32.788000000000004,12.99,185,7,2,4
2018-07-05,20213,27.514000000000003,12.99,186,7,3,5
2018-07-06,20213,12.368,12.99,187,7,4,6
2018-07-07,20213,20.668000000000003,12.99,188,7,5,7
2018-07-08,20213,10.194,12.99,189,7,6,8
2018-07-09,20213,16.906,12.99,190,7,0,9
2018-07-10,20213,13.160000000000002,12.99,191,7,1,10
2018-07-11,20213,20.073,12.99,192,7,2,11
2018-07-12,20213,19.638,11.99,193,7,3,12
2018-07-13,20213,22.067,11.99,194,7,4,13
2018-07-14,20213,19.196,11.99,195,7,5,14
2018-07-15,20213,30.031999999999996,11.99,196,7,6,15
2018-07-16,20213,8.588000000000001,11.99,197,7,0,16
2018-07-17,20213,27.76,11.99,198,7,1,17
2018-07-18,20213,22.18,11.99,199,7,2,18
2018-07-19,20213,12.507,11.99,200,7,3,19
2018-07-20,20213,30.326000000000004,11.99,201,7,4,20
2018-07-21,20213,46.622,11.99,202,7,5,21
2018-07-22,20213,31.982000000000003,11.99,203,7,6,22
2018-07-23,20213,15.948,11.99,204,7,0,23
2018-07-24,20213,36.272000000000006,11.99,205,7,1,24
2018-07-25,20213,39.016000000000005,11.99,206,7,2,25
2018-07-26,20213,17.64,12.24,207,7,3,26
2018-07-27,20213,27.302000000000007,12.49,208,7,4,27
2018-07-28,20213,35.234,12.49,209,7,5,28
2018-07-29,20213,23.648,12.49,210,7,6,29
2018-07-30,20213,4.534,12.49,211,7,0,30
2018-07-31,20213,47.512,12.49,212,7,1,31
