sales_curva_a.csv
date,item_nbr,unit_sales,price,day_of_year,month,day_of_week,day_of_month
2018-08-01,20213,22.546,12.49,213,8,2,1
2018-08-02,20213,13.036,12.49,214,8,3,2
2018-08-03,20213,28.806,12.49,215,8,4,3
2018-08-04,20213,24.050000000000004,12.49,216,8,5,4
2018-08-05,20213,29.438,12.49,217,8,6,5
2018-08-06,20213,20.428,12.49,218,8,0,6
2018-08-07,20213,33.548,12.49,219,8,1,7
2018-08-08,20213,19.504,12.49,220,8,2,8
2018-08-09,20213,30.008,10.89,221,8,3,9
2018-08-10,20213,34.392,10.89,222,8,4,10
2018-08-11,20213,24.394000000000005,10.89,223,8,5,11
2018-08-12,20213,48.452000000000005,10.89,224,8,6,12
2018-08-13,20213,1.969,12.49,225,8,0,13
2018-08-14,20213,20.954,12.49,226,8,1,14
2018-08-15,20213,35.569,12.49,227,8,2,15
2018-08-16,20213,3.812,12.49,228,8,3,16
2018-08-17,20213,26.506,10.89,229,8,4,17
2018-08-18,20213,58.27000000000001,10.89,230,8,5,18
2018-08-19,20213,39.138,10.89,231,8,6,19
2018-08-20,20213,29.546,10.9,232,8,0,20
2018-08-21,20213,22.28,10.9,233,8,1,21
2018-08-22,20213,14.121,12.49,234,8,2,22
2018-08-23,20213,15.852,12.49,235,8,3,23
2018-08-24,20213,21.679,12.49,236,8,4,24
2018-08-25,20213,23.252,12.49,237,8,5,25
2018-08-26,20213,14.868000000000002,12.49,238,8,6,26
2018-08-27,20213,4.464,12.49,239,8,0,27
2018-08-28,20213,2.676,12.49,240,8,1,28
2018-08-29,20213,19.204,12.49,241,8,2,29
2018-08-30,20213,13.9,12.49,242,8,3,30
2018-08-31,20213,34.126,12.49,243,8,4,31
2018-09-01,20213,59.176,11.78,244,9,5,1
2018-09-02,20213,20.503,11.78,245,9,6,2
2018-09-03,20213,0.0,11.78,246,9,0,3
2018-09-04,20213,12.23,10.89,247,9,1,4
2018-09-05,20213,62.366,11.78,248,9,2,5
2018-09-06,20213,18.131,11.78,249,9,3,6
2018-09-07,20213,49.51199999999999,11.78,250,9,4,7
2018-09-08,20213,26.311,11.78,251,9,5,8
2018-09-09,20213,18.489,11.78,252,9,6,9
2018-09-10,20213,11.43,11.78,253,9,0,10
2018-09-11,20213,0.0,11.78,254,9,1,11
2018-09-12,20213,21.258000000000003,11.78,255,9,2,12
2018-09-13,20213,36.47200000000001,9.9,256,9,3,13
2018-09-14,20213,32.713,9.9,257,9,4,14
2018-09-15,20213,62.20600000000002,9.9,258,9,5,15
2018-09-16,20213,58.73,9.9,259,9,6,16
2018-09-17,20213,40.052,11.78,260,9,0,17
2018-09-18,20213,32.804,11.78,261,9,1,18
2018-09-19,20213,29.366000000000007,11.78,262,9,2,19
2018-09-20,20213,34.053000000000004,11.78,263,9,3,20
2018-09-21,20213,41.20199999999999,9.9,264,9,4,21
2018-09-22,20213,64.42999999999999,9.9,265,9,5,22
2018-09-23,20213,44.75600000000001,9.9,266,9,6,23
2018-09-24,20213,18.218,10.9,267,9,0,24
2018-09-25,20213,37.15,10.9,268,9,1,25
2018-09-26,20213,16.509999999999998,11.78,269,9,2,26
2018-09-27,20213,22.898,11.78,270,9,3,27
2018-09-28,20213,21.308,11.78,271,9,4,28
2018-09-29,20213,46.636,9.9,272,9,5,29
2018-09-30,20213,26.007,9.9,273,9,6,30
2018-10-01,20213,40.81000000000001,11.78,274,10,0,1
2018-10-02,20213,66.21399999999998,9.99,275,10,1,2
2018-10-03,20213,18.588,11.78,276,10,2,3
2018-10-04,20213,38.93799999999999,11.78,277,10,3,4
2018-10-05,20213,37.156,9.99,278,10,4,5
2018-10-06,20213,77.77599999999998,9.99,279,10,5,6
2018-10-07,20213,47.101,9.99,280,10,6,7
2018-10-08,20213,23.418,9.99,281,10,0,8
2018-10-09,20213,53.326999999999984,9.99,282,10,1,9
2018-10-10,20213,27.482999999999997,11.78,283,10,2,10
2018-10-11,20213,28.384,11.78,284,10,3,11
2018-10-12,20213,91.761,8.99,285,10,4,12
2018-10-13,20213,62.70600000000001,8.99,286,10,5,13
2018-10-14,20213,89.74999999999999,8.99,287,10,6,14
2018-10-15,20213,20.915,11.78,288,10,0,15
2018-10-16,20213,36.46900000000001,11.78,289,10,1,16
2018-10-17,20213,45.709,11.78,290,10,2,17
2018-10-18,20213,25.765,11.78,291,10,3,18
2018-10-19,20213,36.991,9.9,292,10,4,19
2018-10-20,20213,45.05799999999999,11.78,293,10,5,20
2018-10-21,20213,41.827,9.9,294,10,6,21
2018-10-22,20213,20.839,9.99,295,10,0,22
2018-10-23,20213,42.294,9.99,296,10,1,23
2018-10-24,20213,32.084,11.78,297,10,2,24
2018-10-25,20213,28.449,11.78,298,10,3,25
2018-10-26,20213,10.899,11.78,299,10,4,26
2018-10-27,20213,39.08900000000001,10.98,300,10,5,27
2018-10-28,20213,42.262,10.98,301,10,6,28
2018-10-29,20213,24.846,11.78,302,10,0,29
2018-10-30,20213,19.825,11.78,303,10,1,30
2018-10-31,20213,23.517,11.78,304,10,2,31
2018-11-01,20213,41.142,11.78,305,11,3,1
2018-11-02,20213,67.21099999999998,9.49,306,11,4,2
2018-11-03,20213,43.922,11.78,307,11,5,3
2018-11-04,20213,51.19300000000001,11.78,308,11,6,4
2018-11-05,20213,0.0,11.78,309,11,0,5
2018-11-06,20213,27.288,11.78,310,11,1,6
2018-11-07,20213,24.048,11.78,311,11,2,7
2018-11-08,20213,15.264,11.78,312,11,3,8
2018-11-09,20213,67.77800000000003,9.49,313,11,4,9
2018-11-10,20213,47.71799999999999,11.78,314,11,5,10
2018-11-11,20213,47.478,11.78,315,11,6,11
2018-11-12,20213,25.102,11.78,316,11,0,12
2018-11-13,20213,30.954,11.78,317,11,1,13
2018-11-14,20213,42.728,11.78,318,11,2,14
2018-11-15,20213,56.681,11.78,319,11,3,15
2018-11-16,20213,22.184999999999995,11.78,320,11,4,16
2018-11-17,20213,58.45900000000001,9.49,321,11,5,17
2018-11-18,20213,66.01499999999999,9.49,322,11,6,18
2018-11-19,20213,5.376,11.78,323,11,0,19
2018-11-20,20213,23.166,11.78,324,11,1,20
2018-11-21,20213,20.019,11.78,325,11,2,21
2018-11-22,20213,23.347999999999995,11.78,326,11,3,22
2018-11-23,20213,47.863,9.49,327,11,4,23
2018-11-24,20213,55.24800000000001,10.49,328,11,5,24
2018-11-25,20213,58.28700000000001,10.49,329,11,6,25
2018-11-26,20213,20.104,11.78,330,11,0,26
2018-11-27,20213,20.203,11.78,331,11,1,27
2018-11-28,20213,28.884,11.78,332,11,2,28
2018-11-29,20213,31.192,11.78,333,11,3,29
2018-11-30,20213,32.944,11.78,334,11,4,30
2018-12-01,20213,53.86099999999999,11.99,335,12,5,1
2018-12-02,20213,64.657,11.99,336,12,6,2
2018-12-03,20213,50.582,11.99,337,12,0,3
2018-12-04,20213,40.62500000000001,11.99,338,12,1,4
2018-12-05,20213,40.504,11.99,339,12,2,5
2018-12-06,20213,42.141000000000005,11.99,340,12,3,6
2018-12-07,20213,36.73199999999999,9.49,341,12,4,7
2018-12-08,20213,100.49500000000003,9.49,342,12,5,8
2018-12-09,20213,60.55399999999999,9.49,343,12,6,9
2018-12-10,20213,0.0,9.49,344,12,0,10
2018-12-11,20213,41.327,9.99,345,12,1,11
2018-12-12,20213,19.144,11.99,346,12,2,12
2018-12-13,20213,15.136,11.99,347,12,3,13
2018-12-14,20213,30.581,11.99,348,12,4,14
2018-12-15,20213,30.298000000000005,10.99,349,12,5,15
2018-12-16,20213,37.418,10.99,350,12,6,16
2018-12-17,20213,23.426,11.99,351,12,0,17
2018-12-18,20213,27.714,11.99,352,12,1,18
2018-12-19,20213,22.656,11.99,353,12,2,19
2018-12-20,20213,11.057000000000002,11.99,354,12,3,20
2018-12-21,20213,44.16199999999999,9.49,355,12,4,21
2018-12-22,20213,28.81000000000001,11.99,356,12,5,22
2018-12-23,20213,34.484,11.99,357,12,6,23
2018-12-24,20213,29.125999999999998,11.99,358,12,0,24
2018-12-25,20213,0.0,11.99,359,12,1,25
2018-12-26,20213,23.368,11.99,360,12,2,26
2018-12-27,20213,17.896,11.99,361,12,3,27
2018-12-28,20213,21.158,11.99,362,12,4,28
2018-12-29,20213,47.08000000000001,11.99,363,12,5,29
2018-12-30,20213,47.362,11.99,364,12,6,30
2018-12-31,20213,48.038,11.99,365,12,0,31
2019-01-01,20213,0.0,11.99,1,1,1,1
2019-01-02,20213,42.61800000000001,11.99,2,1,2,2
2019-01-03,20213,15.712,11.99,3,1,3,3
2019-01-04,20213,55.26399999999999,9.49,4,1,4,4
2019-01-05,20213,52.154,11.99,5,1,5,5
2019-01-06,20213,38.337,11.99,6,1,6,6
2019-01-07,20213,7.586,11.99,7,1,0,7
2019-01-08,20213,40.339,11.99,8,1,1,8
2019-01-09,20213,14.971999999999998,11.99,9,1,2,9
2019-01-10,20213,39.822,11.99,10,1,3,10
2019-01-11,20213,39.220000000000006,11.99,11,1,4,11
2019-01-12,20213,25.01,11.99,12,1,5,12
2019-01-13,20213,43.385,11.99,13,1,6,13
2019-01-14,20213,40.863,9.99,14,1,0,14
2019-01-15,20213,64.03499999999998,9.99,15,1,1,15
2019-01-16,20213,32.39099999999999,11.99,16,1,2,16
2019-01-17,20213,35.968,11.99,17,1,3,17
2019-01-18,20213,43.22999999999999,9.49,18,1,4,18
2019-01-19,20213,41.865,11.99,19,1,5,19
2019-01-20,20213,32.918,11.99,20,1,6,20
2019-01-21,20213,27.178,9.99,21,1,0,21
2019-01-22,20213,37.551,9.99,22,1,1,22
2019-01-23,20213,10.318,11.99,23,1,2,23
2019-01-24,20213,19.936,11.99,24,1,3,24
2019-01-25,20213,78.95000000000002,8.99,25,1,4,25
2019-01-26,20213,66.99000000000001,8.99,26,1,5,26
2019-01-27,20213,47.79299999999999,8.99,27,1,6,27
2019-01-28,20213,10.595,11.99,28,1,0,28
2019-01-29,20213,30.164,10.89,29,1,1,29
2019-01-30,20213,24.502,10.89,30,1,2,30
2019-01-31,20213,46.10900000000001,8.99,31,1,3,31
2019-02-01,20213,87.068,8.99,32,2,4,1
2019-02-02,20213,112.97600000000006,8.99,33,2,5,2
2019-02-03,20213,81.74200000000003,8.99,34,2,6,3
2019-02-04,20213,20.472,10.89,35,2,0,4
2019-02-05,20213,19.138,10.98,36,2,1,5
2019-02-06,20213,37.265,10.98,37,2,2,6
2019-02-07,20213,31.102,10.98,38,2,3,7
2019-02-08,20213,26.466,11.79,39,2,4,8
2019-02-09,20213,46.63,11.79,40,2,5,9
2019-02-10,20213,47.289,11.79,41,2,6,10
2019-02-11,20213,35.238,8.99,42,2,0,11
2019-02-12,20213,48.36600000000001,8.99,43,2,1,12
2019-02-13,20213,38.529,8.99,44,2,2,13
2019-02-14,20213,39.167,8.99,45,2,3,14
2019-02-15,20213,71.80900000000001,8.99,46,2,4,15
2019-02-16,20213,79.54500000000002,8.99,47,2,5,16
2019-02-17,20213,71.16699999999999,8.99,48,2,6,17
2019-02-18,20213,20.009,9.99,49,2,0,18
2019-02-19,20213,29.008000000000003,9.99,50,2,1,19
2019-02-20,20213,34.967000000000006,11.79,51,2,2,20
2019-02-21,20213,25.856,11.79,52,2,3,21
2019-02-22,20213,23.998,11.79,53,2,4,22
2019-02-23,20213,33.76,11.79,54,2,5,23
2019-02-24,20213,28.203000000000007,11.79,55,2,6,24
2019-02-25,20213,30.913000000000004,9.99,56,2,0,25
2019-02-26,20213,8.534,9.99,57,2,1,26
2019-02-27,20213,31.508,11.79,58,2,2,27
2019-02-28,20213,23.218,11.79,59,2,3,28
2019-03-01,20213,25.768,11.79,60,3,4,1
2019-03-02,20213,45.05799999999999,11.79,61,3,5,2
2019-03-03,20213,53.64400000000002,11.79,62,3,6,3
2019-03-04,20213,49.829000000000015,11.79,63,3,0,4
2019-03-05,20213,27.509999999999994,11.79,64,3,1,5
2019-03-06,20213,81.13700000000001,9.99,65,3,2,6
2019-03-07,20213,42.372,9.99,66,3,3,7
2019-03-08,20213,42.101,11.79,67,3,4,8
2019-03-09,20213,45.96999999999999,11.79,68,3,5,9
2019-03-10,20213,33.472,11.79,69,3,6,10
2019-03-11,20213,39.485,9.99,70,3,0,11
2019-03-12,20213,59.185,9.99,71,3,1,12
2019-03-13,20213,23.956000000000003,11.79,72,3,2,13
2019-03-14,20213,24.171000000000003,11.79,73,3,3,14
2019-03-15,20213,20.68,11.79,74,3,4,15
2019-03-16,20213,40.828,11.79,75,3,5,16
2019-03-17,20213,36.68600000000001,11.79,76,3,6,17
2019-03-18,20213,26.803000000000004,11.79,77,3,0,18
2019-03-19,20213,43.185,10.98,78,3,1,19
2019-03-20,20213,24.676,10.98,79,3,2,20
2019-03-21,20213,16.972,10.98,80,3,3,21
2019-03-22,20213,27.28,10.98,81,3,4,22
2019-03-23,20213,29.706000000000003,10.98,82,3,5,23
2019-03-24,20213,44.605,10.98,83,3,6,24
2019-03-25,20213,64.85700000000001,9.49,84,3,0,25
2019-03-26,20213,46.689,9.49,85,3,1,26
2019-03-27,20213,33.686,9.49,86,3,2,27
2019-03-28,20213,36.746,9.49,87,3,3,28
2019-03-29,20213,47.458000000000006,9.49,88,3,4,29
2019-03-30,20213,75.16299999999998,9.49,89,3,5,30
2019-03-31,20213,56.009,9.49,90,3,6,31
2019-04-01,20213,16.476,10.98,91,4,0,1
2019-04-02,20213,19.575000000000003,10.98,92,4,1,2
2019-04-03,20213,22.697000000000003,10.98,93,4,2,3
2019-04-04,20213,19.66,10.98,94,4,3,4
2019-04-05,20213,36.38,10.98,95,4,4,5
2019-04-06,20213,27.5,10.98,96,4,5,6
2019-04-07,20213,26.639,10.98,97,4,6,7
2019-04-08,20213,17.268000000000004,10.98,98,4,0,8
2019-04-09,20213,21.236,10.98,99,4,1,9
2019-04-10,20213,50.928,10.98,100,4,2,10
2019-04-11,20213,35.862,12.99,101,4,3,11
2019-04-12,20213,20.338,12.99,102,4,4,12
2019-04-13,20213,35.36600000000001,12.99,103,4,5,13
2019-04-14,20213,34.86000000000001,12.99,104,4,6,14
2019-04-15,20213,30.68800000000001,12.99,105,4,0,15
2019-04-16,20213,41.888000000000005,13.89,106,4,1,16
2019-04-17,20213,57.026,13.89,107,4,2,17
2019-04-18,20213,217.823,13.89,108,4,3,18
2019-04-19,20213,173.38799999999995,13.89,109,4,4,19
2019-04-20,20213,16.462999999999997,13.89,110,4,5,20
2019-04-21,20213,7.782,13.89,111,4,6,21
2019-04-22,20213,6.772,13.89,112,4,0,22
2019-04-23,20213,9.63,13.89,113,4,1,23
2019-04-24,20213,4.088,13.89,114,4,2,24
2019-04-25,20213,5.538,13.89,115,4,3,25
2019-04-26,20213,7.186000000000001,13.89,116,4,4,26
2019-04-27,20213,22.384,12.49,117,4,5,27
2019-04-28,20213,11.052,12.49,118,4,6,28
2019-04-29,20213,18.03,10.98,119,4,0,29
2019-04-30,20213,24.656,10.98,120,4,1,30
2017-01-02,21869,112.24000000000002,3.75,2,1,0,2
2017-01-03,21869,125.82499999999996,3.75,3,1,1,3
2017-01-04,21869,80.45500000000001,3.75,4,1,2,4
2017-01-05,21869,28.915,3.75,5,1,3,5
2017-01-06,21869,43.98,4.19,6,1,4,6
2017-01-07,21869,74.56,4.19,7,1,5,7
2017-01-08,21869,58.10999999999999,4.19,8,1,6,8
2017-01-09,21869,121.2,4.19,9,1,0,9
2017-01-10,21869,111.99000000000004,4.19,10,1,1,10
2017-01-11,21869,75.61500000000004,4.19,11,1,2,11
2017-01-12,21869,63.9,4.19,12,1,3,12
2017-01-13,21869,75.05000000000001,3.78,13,1,4,13
2017-01-14,21869,91.93500000000004,3.78,14,1,5,14
2017-01-15,21869,118.85,3.78,15,1,6,15
2017-01-16,21869,104.11500000000002,3.78,16,1,0,16
2017-01-17,21869,77.635,3.78,17,1,1,17
2017-01-18,21869,67.835,3.78,18,1,2,18
2017-01-19,21869,34.42000000000001,4.19,19,1,3,19
2017-01-20,21869,70.545,4.19,20,1,4,20
2017-01-21,21869,92.14,4.19,21,1,5,21
2017-01-22,21869,54.97000000000001,4.19,22,1,6,22
2017-01-23,21869,88.81500000000001,4.19,23,1,0,23
2017-01-24,21869,90.85,4.19,24,1,1,24
2017-01-25,21869,62.690000000000005,4.19,25,1,2,25
2017-01-26,21869,56.55499999999999,4.19,26,1,3,26
2017-01-27,21869,98.375,4.45,27,1,4,27
2017-01-28,21869,98.07500000000005,4.45,28,1,5,28
2017-01-29,21869,95.55,4.45,29,1,6,29
2017-01-30,21869,84.135,4.45,30,1,0,30
2017-01-31,21869,111.765,4.45,31,1,1,31
2017-02-01,21869,94.65500000000004,4.45,32,2,2,1
2017-02-02,21869,83.53500000000001,4.45,33,2,3,2
2017-02-03,21869,66.88999999999997,4.45,34,2,4,3
2017-02-04,21869,46.54999999999999,4.45,35,2,5,4
2017-02-05,21869,60.73,4.45,36,2,6,5
2017-02-06,21869,88.22000000000001,4.45,37,2,0,6
2017-02-07,21869,97.655,4.45,38,2,1,7
2017-02-08,21869,45.95,4.45,39,2,2,8
2017-02-09,21869,23.92,4.45,40,2,3,9
2017-02-10,21869,71.53500000000001,4.45,41,2,4,10
2017-02-11,21869,64.895,4.45,42,2,5,11
2017-02-12,21869,109.855,4.45,43,2,6,12
2017-02-13,21869,141.52999999999994,4.45,44,2,0,13
2017-02-14,21869,138.87000000000003,4.45,45,2,1,14
2017-02-15,21869,80.18499999999999,4.45,46,2,2,15
2017-02-16,21869,54.855,4.45,47,2,3,16
2017-02-17,21869,81.21500000000002,4.45,48,2,4,17
2017-02-18,21869,82.20499999999998,4.45,49,2,5,18
2017-02-19,21869,72.70000000000002,4.45,50,2,6,19
2017-02-20,21869,91.94,4.45,51,2,0,20
2017-02-21,21869,83.94999999999997,4.45,52,2,1,21
2017-02-22,21869,74.08500000000001,4.45,53,2,2,22
2017-02-23,21869,56.35999999999999,4.45,54,2,3,23
2017-02-24,21869,58.51,4.79,55,2,4,24
2017-02-25,21869,88.61000000000001,4.79,56,2,5,25
2017-02-26,21869,70.85500000000002,4.79,57,2,6,26
2017-02-27,21869,87.49499999999996,4.79,58,2,0,27
2017-02-28,21869,96.985,4.79,59,2,1,28
2017-03-01,21869,93.515,4.79,60,3,2,1
2017-03-02,21869,68.49999999999996,4.79,61,3,3,2
2017-03-03,21869,51.72499999999999,4.95,62,3,4,3
2017-03-04,21869,83.85000000000001,4.95,63,3,5,4
2017-03-05,21869,22.300000000000004,4.95,64,3,6,5
2017-03-06,21869,117.45500000000004,4.95,65,3,0,6
2017-03-07,21869,122.695,4.95,66,3,1,7
2017-03-08,21869,97.32,4.95,67,3,2,8
2017-03-09,21869,64.82499999999999,4.95,68,3,3,9
2017-03-10,21869,61.98499999999999,4.95,69,3,4,10
2017-03-11,21869,90.28,4.95,70,3,5,11
2017-03-12,21869,69.205,4.95,71,3,6,12
2017-03-13,21869,82.83000000000001,4.95,72,3,0,13
2017-03-14,21869,105.01000000000002,4.95,73,3,1,14
2017-03-15,21869,61.20499999999998,4.95,74,3,2,15
2017-03-16,21869,63.07999999999997,4.95,75,3,3,16
2017-03-17,21869,46.29,4.95,76,3,4,17
2017-03-18,21869,90.27499999999998,4.95,77,3,5,18
2017-03-19,21869,98.74,4.95,78,3,6,19
2017-03-20,21869,109.07000000000004,4.95,79,3,0,20
2017-03-21,21869,125.11999999999996,4.95,80,3,1,21
2017-03-22,21869,56.03,4.95,81,3,2,22
2017-03-23,21869,74.57499999999999,4.95,82,3,3,23
2017-03-24,21869,62.855,4.95,83,3,4,24
2017-03-25,21869,103.5,4.95,84,3,5,25
2017-03-26,21869,56.87500000000001,4.95,85,3,6,26
2017-03-27,21869,80.33000000000001,4.95,86,3,0,27
2017-03-28,21869,90.16499999999998,4.95,87,3,1,28
2017-03-29,21869,86.91499999999995,4.85,88,3,2,29
2017-03-30,21869,57.14000000000001,4.85,89,3,3,30
2017-03-31,21869,68.25999999999999,4.85,90,3,4,31
2017-04-01,21869,79.25999999999999,4.85,91,4,5,1
2017-04-02,21869,92.929,4.85,92,4,6,2
2017-04-03,21869,77.57999999999998,4.85,93,4,0,3
2017-04-04,21869,52.80100000000001,4.85,94,4,1,4
2017-04-05,21869,68.00500000000001,4.85,95,4,2,5
2017-04-06,21869,81.62800000000001,4.85,96,4,3,6
2017-04-07,21869,72.54199999999999,4.85,97,4,4,7
2017-04-08,21869,89.78899999999996,4.85,98,4,5,8
2017-04-09,21869,85.47500000000001,4.85,99,4,6,9
2017-04-10,21869,124.19,4.85,100,4,0,10
2017-04-11,21869,92.92000000000002,4.85,101,4,1,11
2017-04-12,21869,71.7,4.85,102,4,2,12
2017-04-13,21869,45.05500000000001,4.85,103,4,3,13
2017-04-14,21869,56.390000000000015,4.85,104,4,4,14
2017-04-15,21869,67.085,4.85,105,4,5,15
2017-04-16,21869,73.13099999999999,4.85,106,4,6,16
2017-04-17,21869,137.17300000000003,4.85,107,4,0,17
2017-04-18,21869,131.06999999999994,4.85,108,4,1,18
2017-04-19,21869,59.09599999999999,4.85,109,4,2,19
2017-04-20,21869,65.09599999999998,4.85,110,4,3,20
2017-04-21,21869,91.28899999999996,4.85,111,4,4,21
2017-04-22,21869,80.39,4.85,112,4,5,22
2017-04-23,21869,85.82999999999997,4.85,113,4,6,23
2017-04-24,21869,105.51800000000004,4.85,114,4,0,24
2017-04-25,21869,110.986,4.85,115,4,1,25
2017-04-26,21869,94.265,4.85,116,4,2,26
2017-04-27,21869,56.259999999999984,4.85,117,4,3,27
2017-04-28,21869,75.205,4.85,118,4,4,28
2017-04-29,21869,69.695,4.85,119,4,5,29
2017-04-30,21869,64.085,4.85,120,4,6,30
2017-05-01,21869,0.0,4.85,121,5,0,1
2017-05-02,21869,157.7049999999999,4.85,122,5,1,2
2017-05-03,21869,80.385,4.85,123,5,2,3
2017-05-04,21869,56.419,4.85,124,5,3,4
2017-05-05,21869,96.60500000000002,4.85,125,5,4,5
2017-05-06,21869,46.065,4.85,126,5,5,6
2017-05-07,21869,55.64000000000001,4.85,127,5,6,7
2017-05-08,21869,124.08499999999998,4.85,128,5,0,8
2017-05-09,21869,117.74899999999997,4.85,129,5,1,9
2017-05-10,21869,77.47,4.85,130,5,2,10
