sales_curva_a.csv
date,item_nbr,unit_sales,price,day_of_year,month,day_of_week,day_of_month
2017-05-11,21869,63.38999999999999,4.85,131,5,3,11
2017-05-12,21869,78.916,4.85,132,5,4,12
2017-05-13,21869,88.79000000000002,4.85,133,5,5,13
2017-05-14,21869,60.31000000000003,4.85,134,5,6,14
2017-05-15,21869,111.89000000000004,3.48,135,5,0,15
2017-05-16,21869,66.36,3.48,136,5,1,16
2017-05-17,21869,36.585,4.85,137,5,2,17
2017-05-18,21869,50.42500000000001,4.85,138,5,3,18
2017-05-19,21869,49.66799999999999,4.76,139,5,4,19
2017-05-20,21869,73.31999999999996,4.76,140,5,5,20
2017-05-21,21869,96.837,4.76,141,5,6,21
2017-05-22,21869,130.18000000000006,4.76,142,5,0,22
2017-05-23,21869,55.23900000000002,4.76,143,5,1,23
2017-05-24,21869,62.265,4.76,144,5,2,24
2017-05-25,21869,92.616,4.76,145,5,3,25
2017-05-26,21869,83.755,4.76,146,5,4,26
2017-05-27,21869,80.042,4.76,147,5,5,27
2017-05-28,21869,62.31,4.76,148,5,6,28
2017-05-29,21869,98.255,3.38,149,5,0,29
2017-05-30,21869,142.67499999999995,3.38,150,5,1,30
2017-05-31,21869,76.303,4.76,151,5,2,31
2017-06-01,21869,101.47,4.76,152,6,3,1
2017-06-02,21869,68.57500000000003,4.76,153,6,4,2
2017-06-03,21869,114.21499999999996,4.76,154,6,5,3
2017-06-04,21869,79.62499999999999,4.76,155,6,6,4
2017-06-05,21869,132.44599999999997,4.76,156,6,0,5
2017-06-06,21869,112.665,4.76,157,6,1,6
2017-06-07,21869,71.53500000000001,4.76,158,6,2,7
2017-06-08,21869,59.58499999999999,4.76,159,6,3,8
2017-06-09,21869,70.10899999999998,4.76,160,6,4,9
2017-06-10,21869,87.32000000000002,4.58,161,6,5,10
2017-06-11,21869,86.96900000000002,4.58,162,6,6,11
2017-06-12,21869,122.24900000000004,4.58,163,6,0,12
2017-06-13,21869,98.11000000000004,4.58,164,6,1,13
2017-06-14,21869,57.84,4.58,165,6,2,14
2017-06-15,21869,81.48500000000001,4.58,166,6,3,15
2017-06-16,21869,79.87999999999998,4.58,167,6,4,16
2017-06-17,21869,93.40500000000004,4.58,168,6,5,17
2017-06-18,21869,74.57499999999999,4.58,169,6,6,18
2017-06-19,21869,93.45499999999996,4.58,170,6,0,19
2017-06-20,21869,96.01,4.58,171,6,1,20
2017-06-21,21869,53.66500000000001,4.58,172,6,2,21
2017-06-22,21869,71.89999999999998,4.58,173,6,3,22
2017-06-23,21869,53.075,4.58,174,6,4,23
2017-06-24,21869,78.53,4.58,175,6,5,24
2017-06-25,21869,90.12999999999997,4.58,176,6,6,25
2017-06-26,21869,152.66000000000005,2.88,177,6,0,26
2017-06-27,21869,122.45999999999998,2.88,178,6,1,27
2017-06-28,21869,45.24500000000001,4.58,179,6,2,28
2017-06-29,21869,48.335000000000015,4.58,180,6,3,29
2017-06-30,21869,83.77999999999997,4.44,181,6,4,30
2017-07-01,21869,103.79,4.44,182,7,5,1
2017-07-02,21869,103.59499999999996,4.44,183,7,6,2
2017-07-03,21869,132.85500000000002,4.44,184,7,0,3
2017-07-04,21869,119.03499999999998,4.44,185,7,1,4
2017-07-05,21869,99.99,4.44,186,7,2,5
2017-07-06,21869,89.61000000000001,4.44,187,7,3,6
2017-07-07,21869,64.06000000000002,4.44,188,7,4,7
2017-07-08,21869,101.26,4.44,189,7,5,8
2017-07-09,21869,80.53999999999998,4.44,190,7,6,9
2017-07-10,21869,155.4799999999999,2.58,191,7,0,10
2017-07-11,21869,108.42,2.58,192,7,1,11
2017-07-12,21869,57.315,4.44,193,7,2,12
2017-07-13,21869,59.895,4.44,194,7,3,13
2017-07-14,21869,58.60999999999999,4.44,195,7,4,14
2017-07-15,21869,78.15,4.44,196,7,5,15
2017-07-16,21869,64.57999999999997,4.44,197,7,6,16
2017-07-17,21869,77.17,4.44,198,7,0,17
2017-07-18,21869,94.015,4.44,199,7,1,18
2017-07-19,21869,92.41000000000004,3.69,200,7,2,19
2017-07-20,21869,80.17000000000002,3.69,201,7,3,20
2017-07-21,21869,60.63500000000001,3.69,202,7,4,21
2017-07-22,21869,83.76999999999998,3.69,203,7,5,22
2017-07-23,21869,110.595,3.69,204,7,6,23
2017-07-24,21869,154.96500000000003,2.59,205,7,0,24
2017-07-25,21869,130.72500000000002,2.59,206,7,1,25
2017-07-26,21869,76.51000000000002,4.38,207,7,2,26
2017-07-27,21869,51.385,4.38,208,7,3,27
2017-07-28,21869,58.33500000000002,4.38,209,7,4,28
2017-07-29,21869,59.48500000000001,4.38,210,7,5,29
2017-07-30,21869,74.67000000000002,4.38,211,7,6,30
2017-07-31,21869,80.49499999999999,4.38,212,7,0,31
2017-08-01,21869,136.99200000000002,4.38,213,8,1,1
2017-08-02,21869,96.71099999999998,4.38,214,8,2,2
2017-08-03,21869,62.335000000000015,4.38,215,8,3,3
2017-08-04,21869,42.52000000000001,3.49,216,8,4,4
2017-08-05,21869,84.16000000000003,3.49,217,8,5,5
2017-08-06,21869,98.375,3.49,218,8,6,6
2017-08-07,21869,178.82000000000002,2.68,219,8,0,7
2017-08-08,21869,155.6949999999999,2.68,220,8,1,8
2017-08-09,21869,76.38,3.49,221,8,2,9
2017-08-10,21869,50.31000000000003,3.49,222,8,3,10
2017-08-11,21869,76.905,3.49,223,8,4,11
2017-08-12,21869,70.09000000000002,3.49,224,8,5,12
2017-08-13,21869,83.43999999999998,3.49,225,8,6,13
2017-08-14,21869,106.71,3.49,226,8,0,14
2017-08-15,21869,120.95999999999992,3.49,227,8,1,15
2017-08-16,21869,85.82,3.49,228,8,2,16
2017-08-17,21869,96.86499999999998,3.49,229,8,3,17
2017-08-18,21869,45.545,3.49,230,8,4,18
2017-08-19,21869,68.925,3.69,231,8,5,19
2017-08-20,21869,88.815,3.69,232,8,6,20
2017-08-21,21869,159.41400000000002,2.79,233,8,0,21
2017-08-22,21869,152.41999999999996,2.79,234,8,1,22
2017-08-23,21869,48.68500000000002,3.69,235,8,2,23
2017-08-24,21869,51.115,3.69,236,8,3,24
2017-08-25,21869,61.73500000000001,3.69,237,8,4,25
2017-08-26,21869,87.0,3.69,238,8,5,26
2017-08-27,21869,76.66000000000001,3.69,239,8,6,27
2017-08-28,21869,123.43499999999996,3.69,240,8,0,28
2017-08-29,21869,94.23500000000004,3.69,241,8,1,29
2017-08-30,21869,55.07,3.69,242,8,2,30
2017-08-31,21869,62.45499999999999,3.69,243,8,3,31
2017-09-01,21869,103.30500000000002,3.49,244,9,4,1
2017-09-02,21869,95.805,3.49,245,9,5,2
2017-09-03,21869,88.57999999999998,3.49,246,9,6,3
2017-09-04,21869,161.87499999999994,2.98,247,9,0,4
2017-09-05,21869,107.407,2.98,248,9,1,5
2017-09-06,21869,84.17,3.49,249,9,2,6
2017-09-07,21869,43.745000000000005,3.49,250,9,3,7
2017-09-08,21869,64.11500000000001,3.49,251,9,4,8
2017-09-09,21869,48.43,3.49,252,9,5,9
2017-09-10,21869,69.12499999999999,3.49,253,9,6,10
2017-09-11,21869,102.72499999999998,3.49,254,9,0,11
2017-09-12,21869,115.22,3.49,255,9,1,12
2017-09-13,21869,75.79,3.49,256,9,2,13
2017-09-14,21869,72.32999999999998,3.49,257,9,3,14
2017-09-15,21869,68.87999999999998,3.49,258,9,4,15
2017-09-16,21869,85.25999999999998,3.49,259,9,5,16
2017-09-17,21869,90.375,3.49,260,9,6,17
2017-09-18,21869,106.12,3.49,261,9,0,18
2017-09-19,21869,58.835000000000015,3.49,262,9,1,19
2017-09-20,21869,65.27499999999998,3.49,263,9,2,20
2017-09-21,21869,79.40000000000002,3.49,264,9,3,21
2017-09-22,21869,64.35000000000001,3.49,265,9,4,22
2017-09-23,21869,100.78000000000002,3.49,266,9,5,23
2017-09-24,21869,74.34,3.49,267,9,6,24
2017-09-25,21869,170.72499999999994,1.99,268,9,0,25
2017-09-26,21869,171.20000000000002,1.99,269,9,1,26
2017-09-27,21869,40.53499999999999,3.49,270,9,2,27
2017-09-28,21869,50.440000000000005,3.49,271,9,3,28
2017-09-29,21869,63.74999999999999,3.49,272,9,4,29
2017-09-30,21869,106.595,3.49,273,9,5,30
2017-10-01,21869,116.815,3.49,274,10,6,1
2017-10-02,21869,121.30500000000004,3.49,275,10,0,2
2017-10-03,21869,120.21000000000002,3.49,276,10,1,3
2017-10-04,21869,81.785,3.49,277,10,2,4
2017-10-05,21869,59.01,3.49,278,10,3,5
2017-10-06,21869,60.53500000000002,3.49,279,10,4,6
2017-10-07,21869,77.425,3.49,280,10,5,7
2017-10-08,21869,71.515,3.49,281,10,6,8
2017-10-09,21869,135.655,2.19,282,10,0,9
2017-10-10,21869,145.97500000000008,2.19,283,10,1,10
2017-10-11,21869,44.785,3.49,284,10,2,11
2017-10-12,21869,44.57999999999999,3.49,285,10,3,12
2017-10-13,21869,53.7,3.49,286,10,4,13
2017-10-14,21869,77.74499999999999,3.49,287,10,5,14
2017-10-15,21869,64.04999999999997,3.49,288,10,6,15
2017-10-16,21869,125.73000000000002,3.49,289,10,0,16
2017-10-17,21869,92.82,3.49,290,10,1,17
2017-10-18,21869,77.915,3.49,291,10,2,18
2017-10-19,21869,71.20500000000001,3.49,292,10,3,19
2017-10-20,21869,66.05499999999999,3.49,293,10,4,20
2017-10-21,21869,83.61499999999997,3.49,294,10,5,21
2017-10-22,21869,79.585,3.49,295,10,6,22
2017-10-23,21869,103.39499999999998,3.49,296,10,0,23
2017-10-24,21869,88.07000000000001,3.49,297,10,1,24
2017-10-25,21869,92.15,3.49,298,10,2,25
2017-10-26,21869,72.65000000000002,3.49,299,10,3,26
2017-10-27,21869,63.125,3.49,300,10,4,27
2017-10-28,21869,67.76500000000003,3.49,301,10,5,28
2017-10-29,21869,67.825,3.49,302,10,6,29
2017-10-30,21869,121.02499999999996,3.49,303,10,0,30
2017-10-31,21869,110.85500000000005,3.49,304,10,1,31
2017-11-01,21869,80.47499999999998,3.49,305,11,2,1
2017-11-02,21869,81.00500000000001,3.49,306,11,3,2
2017-11-03,21869,73.27,3.49,307,11,4,3
2017-11-04,21869,70.62499999999999,3.49,308,11,5,4
2017-11-05,21869,59.525,3.49,309,11,6,5
2017-11-06,21869,185.0099999999999,1.59,310,11,0,6
2017-11-07,21869,170.73500000000004,1.59,311,11,1,7
2017-11-08,21869,32.3,3.49,312,11,2,8
2017-11-09,21869,49.04999999999999,3.49,313,11,3,9
2017-11-10,21869,36.96499999999999,3.49,314,11,4,10
2017-11-11,21869,59.535,3.49,315,11,5,11
2017-11-12,21869,60.415000000000006,3.49,316,11,6,12
2017-11-13,21869,187.42499999999995,1.49,317,11,0,13
2017-11-14,21869,133.415,1.49,318,11,1,14
2017-11-15,21869,40.995,3.49,319,11,2,15
2017-11-16,21869,51.37999999999998,3.49,320,11,3,16
2017-11-17,21869,36.67999999999999,3.49,321,11,4,17
2017-11-18,21869,70.935,3.49,322,11,5,18
2017-11-19,21869,64.28999999999999,3.49,323,11,6,19
2017-11-20,21869,98.16500000000003,3.49,324,11,0,20
2017-11-21,21869,102.61,3.49,325,11,1,21
2017-11-22,21869,38.68,3.49,326,11,2,22
2017-11-23,21869,67.40499999999999,3.49,327,11,3,23
2017-11-24,21869,55.064999999999976,3.49,328,11,4,24
2017-11-25,21869,76.45,2.29,329,11,5,25
2017-11-26,21869,75.86000000000001,2.29,330,11,6,26
2017-11-27,21869,116.49,2.29,331,11,0,27
2017-11-28,21869,101.77,3.49,332,11,1,28
2017-11-29,21869,42.165,3.49,333,11,2,29
2017-11-30,21869,56.87499999999999,3.49,334,11,3,30
2017-12-01,21869,81.495,3.49,335,12,4,1
2017-12-02,21869,89.085,3.49,336,12,5,2
2017-12-03,21869,89.84499999999997,3.49,337,12,6,3
2017-12-04,21869,112.04,3.49,338,12,0,4
2017-12-05,21869,93.085,3.49,339,12,1,5
2017-12-06,21869,59.23500000000001,3.49,340,12,2,6
2017-12-07,21869,53.25500000000001,3.49,341,12,3,7
2017-12-08,21869,58.830000000000005,3.49,342,12,4,8
2017-12-09,21869,70.21499999999999,3.49,343,12,5,9
2017-12-10,21869,79.795,3.49,344,12,6,10
2017-12-11,21869,117.21,3.49,345,12,0,11
2017-12-12,21869,92.225,3.49,346,12,1,12
2017-12-13,21869,81.69000000000001,3.49,347,12,2,13
2017-12-14,21869,52.405,3.49,348,12,3,14
2017-12-15,21869,53.775000000000006,3.49,349,12,4,15
2017-12-16,21869,80.68999999999997,3.49,350,12,5,16
2017-12-17,21869,77.44,3.49,351,12,6,17
2017-12-18,21869,107.93999999999998,3.49,352,12,0,18
2017-12-19,21869,55.57499999999998,3.49,353,12,1,19
2017-12-20,21869,49.865,3.49,354,12,2,20
2017-12-21,21869,47.65,3.49,355,12,3,21
2017-12-22,21869,55.175,3.49,356,12,4,22
2017-12-23,21869,76.61,3.49,357,12,5,23
2017-12-24,21869,74.07799999999997,3.49,358,12,6,24
2017-12-25,21869,0.0,3.49,359,12,0,25
2017-12-26,21869,115.9,3.49,360,12,1,26
2017-12-27,21869,55.79999999999998,3.49,361,12,2,27
2017-12-28,21869,76.78500000000001,3.49,362,12,3,28
2017-12-29,21869,70.89,3.49,363,12,4,29
2017-12-30,21869,138.4950000000001,3.49,364,12,5,30
2017-12-31,21869,109.15,3.49,365,12,6,31
2018-01-01,21869,0.0,3.49,1,1,0,1
2018-01-02,21869,154.14999999999998,3.49,2,1,1,2
2018-01-03,21869,45.495000000000005,3.49,3,1,2,3
2018-01-04,21869,35.39,3.49,4,1,3,4
2018-01-05,21869,57.44999999999997,3.49,5,1,4,5
2018-01-06,21869,86.04000000000003,3.49,6,1,5,6
2018-01-07,21869,75.74000000000001,3.49,7,1,6,7
2018-01-08,21869,104.94499999999998,3.49,8,1,0,8
2018-01-09,21869,92.405,3.49,9,1,1,9
2018-01-10,21869,64.90999999999998,3.49,10,1,2,10
2018-01-11,21869,66.68999999999998,3.49,11,1,3,11
2018-01-12,21869,47.51000000000002,3.49,12,1,4,12
2018-01-13,21869,52.68499999999998,3.49,13,1,5,13
2018-01-14,21869,78.7,3.49,14,1,6,14
2018-01-15,21869,159.02999999999997,2.59,15,1,0,15
2018-01-16,21869,139.84000000000003,2.59,16,1,1,16
2018-01-17,21869,68.83999999999999,3.49,17,1,2,17
2018-01-18,21869,63.755,3.49,18,1,3,18
2018-01-19,21869,45.665000000000006,3.49,19,1,4,19
2018-01-20,21869,73.66999999999999,3.49,20,1,5,20
2018-01-21,21869,91.89499999999998,3.49,21,1,6,21
2018-01-22,21869,156.675,1.99,22,1,0,22
2018-01-23,21869,145.1599999999999,1.99,23,1,1,23
2018-01-24,21869,59.38000000000001,3.49,24,1,2,24
2018-01-25,21869,61.98000000000001,3.49,25,1,3,25
2018-01-26,21869,51.350000000000016,3.49,26,1,4,26
2018-01-27,21869,71.49,3.49,27,1,5,27
2018-01-28,21869,97.165,3.49,28,1,6,28
2018-01-29,21869,106.43999999999994,3.49,29,1,0,29
2018-01-30,21869,106.37,3.49,30,1,1,30
2018-01-31,21869,105.255,3.49,31,1,2,31
2018-02-01,21869,79.03500000000001,3.49,32,2,3,1
2018-02-02,21869,37.32499999999999,3.29,33,2,4,2
2018-02-03,21869,99.14000000000009,3.29,34,2,5,3
2018-02-04,21869,96.71499999999996,3.29,35,2,6,4
2018-02-05,21869,115.55500000000002,3.29,36,2,0,5
2018-02-06,21869,80.72000000000003,3.29,37,2,1,6
2018-02-07,21869,57.89000000000001,3.29,38,2,2,7
2018-02-08,21869,69.50500000000001,3.29,39,2,3,8
2018-02-09,21869,71.99499999999999,3.65,40,2,4,9
2018-02-10,21869,85.85999999999996,3.65,41,2,5,10
2018-02-11,21869,58.250000000000014,3.65,42,2,6,11
2018-02-12,21869,89.81499999999998,3.65,43,2,0,12
2018-02-13,21869,83.54500000000002,3.65,44,2,1,13
2018-02-14,21869,73.05000000000001,3.65,45,2,2,14
2018-02-15,21869,77.93,3.65,46,2,3,15
2018-02-16,21869,68.23000000000003,3.65,47,2,4,16
2018-02-17,21869,88.715,3.65,48,2,5,17
2018-02-18,21869,89.00599999999999,3.65,49,2,6,18
2018-02-19,21869,100.585,3.65,50,2,0,19
2018-02-20,21869,117.29999999999998,3.65,51,2,1,20
2018-02-21,21869,85.88,3.65,52,2,2,21
2018-02-22,21869,62.030000000000015,3.65,53,2,3,22
2018-02-23,21869,45.615,3.68,54,2,4,23
2018-02-24,21869,86.47000000000003,3.68,55,2,5,24
2018-02-25,21869,82.71000000000001,3.68,56,2,6,25
2018-02-26,21869,113.02,3.68,57,2,0,26
2018-02-27,21869,112.05500000000004,3.68,58,2,1,27
2018-02-28,21869,103.91,3.68,59,2,2,28
2018-03-01,21869,81.03,3.68,60,3,3,1
2018-03-02,21869,73.47499999999998,4.17,61,3,4,2
2018-03-03,21869,99.14499999999998,4.17,62,3,5,3
2018-03-04,21869,63.92000000000001,4.17,63,3,6,4
2018-03-05,21869,115.27499999999998,4.17,64,3,0,5
2018-03-06,21869,92.215,4.17,65,3,1,6
2018-03-07,21869,65.33000000000003,4.17,66,3,2,7
2018-03-08,21869,51.46499999999999,4.17,67,3,3,8
2018-03-09,21869,74.76,4.17,68,3,4,9
2018-03-10,21869,97.53,4.17,69,3,5,10
2018-03-11,21869,92.31500000000004,4.17,70,3,6,11
2018-03-12,21869,109.82500000000002,4.17,71,3,0,12
2018-03-13,21869,98.94500000000002,4.17,72,3,1,13
2018-03-14,21869,84.15500000000002,4.17,73,3,2,14
2018-03-15,21869,69.265,4.17,74,3,3,15
2018-03-16,21869,58.155,4.17,75,3,4,16
2018-03-17,21869,98.94,4.17,76,3,5,17
2018-03-18,21869,85.74499999999999,4.17,77,3,6,18
2018-03-19,21869,134.47999999999996,4.17,78,3,0,19
2018-03-20,21869,126.76000000000003,4.17,79,3,1,20
2018-03-21,21869,39.47499999999999,4.17,80,3,2,21
2018-03-22,21869,54.42499999999999,4.17,81,3,3,22
2018-03-23,21869,81.07000000000002,4.17,82,3,4,23
2018-03-24,21869,81.475,4.17,83,3,5,24
2018-03-25,21869,96.87999999999997,4.17,84,3,6,25
2018-03-26,21869,91.66,4.17,85,3,0,26
2018-03-27,21869,87.73999999999995,4.17,86,3,1,27
2018-03-28,21869,62.90000000000002,4.17,87,3,2,28
2018-03-29,21869,80.105,4.17,88,3,3,29
2018-03-30,21869,58.77,4.17,89,3,4,30
2018-03-31,21869,94.74500000000003,4.17,90,3,5,31
2018-04-01,21869,79.49499999999999,4.17,91,4,6,1
2018-04-02,21869,117.035,4.17,92,4,0,2
2018-04-03,21869,100.57,4.17,93,4,1,3
2018-04-04,21869,70.24499999999999,4.17,94,4,2,4
2018-04-05,21869,65.02399999999999,4.17,95,4,3,5
2018-04-06,21869,54.085,4.17,96,4,4,6
2018-04-07,21869,108.65499999999996,4.27,97,4,5,7
2018-04-08,21869,99.67499999999998,4.27,98,4,6,8
2018-04-09,21869,105.85999999999996,4.27,99,4,0,9
2018-04-10,21869,95.56500000000004,4.27,100,4,1,10
2018-04-11,21869,68.215,4.27,101,4,2,11
2018-04-12,21869,66.37,4.27,102,4,3,12
2018-04-13,21869,51.43500000000001,4.27,103,4,4,13
2018-04-14,21869,77.52000000000001,4.27,104,4,5,14
2018-04-15,21869,100.06999999999996,4.27,105,4,6,15
2018-04-16,21869,113.72499999999997,4.27,106,4,0,16
2018-04-17,21869,106.745,4.27,107,4,1,17
2018-04-18,21869,66.36500000000002,4.27,108,4,2,18
2018-04-19,21869,41.64,4.27,109,4,3,19
2018-04-20,21869,63.61499999999998,4.27,110,4,4,20
2018-04-21,21869,95.81499999999998,4.27,111,4,5,21
2018-04-22,21869,123.08499999999997,4.27,112,4,6,22
2018-04-23,21869,111.38500000000002,4.27,113,4,0,23
2018-04-24,21869,84.82000000000001,4.27,114,4,1,24
2018-04-25,21869,103.09000000000002,4.27,115,4,2,25
2018-04-26,21869,55.055,4.27,116,4,3,26
2018-04-27,21869,82.02499999999996,4.27,117,4,4,27
2018-04-28,21869,91.72000000000004,4.27,118,4,5,28
2018-04-29,21869,87.79000000000005,4.27,119,4,6,29
2018-04-30,21869,109.76000000000002,4.27,120,4,0,30
2018-05-01,21869,121.625,4.27,121,5,1,1
2018-05-02,21869,63.25000000000001,4.27,122,5,2,2
2018-05-03,21869,83.32499999999999,4.27,123,5,3,3
2018-05-04,21869,67.65999999999998,4.27,124,5,4,4
2018-05-05,21869,82.32000000000001,4.27,125,5,5,5
2018-05-06,21869,39.155,4.27,126,5,6,6
2018-05-07,21869,111.86500000000002,4.27,127,5,0,7
2018-05-08,21869,68.26499999999999,4.27,128,5,1,8
2018-05-09,21869,67.4,4.27,129,5,2,9
2018-05-10,21869,64.16999999999999,4.27,130,5,3,10
2018-05-11,21869,55.49500000000001,4.27,131,5,4,11
2018-05-12,21869,81.91500000000002,4.27,132,5,5,12
2018-05-13,21869,89.39999999999999,4.27,133,5,6,13
2018-05-14,21869,96.36,4.27,134,5,0,14
2018-05-15,21869,99.51,4.27,135,5,1,15
2018-05-16,21869,69.28499999999998,4.27,136,5,2,16
2018-05-17,21869,62.57000000000001,4.27,137,5,3,17
2018-05-18,21869,65.59499999999997,4.27,138,5,4,18
2018-05-19,21869,108.30500000000002,4.27,139,5,5,19
2018-05-20,21869,44.93499999999997,4.27,140,5,6,20
2018-05-21,21869,74.14500000000001,4.27,141,5,0,21
2018-05-22,21869,51.84999999999999,4.27,142,5,1,22
2018-05-23,21869,59.63,4.27,143,5,2,23
2018-05-24,21869,81.32500000000002,4.27,144,5,3,24
2018-05-25,21869,57.415,4.27,145,5,4,25
2018-05-26,21869,8.39,4.27,146,5,5,26
2018-05-27,21869,13.705,4.27,147,5,6,27
2018-05-28,21869,60.335,4.27,148,5,0,28
