sales_curva_a.csv
date,item_nbr,unit_sales,price,day_of_year,month,day_of_week,day_of_month
2018-05-29,21869,81.51499999999999,4.27,149,5,1,29
2018-05-30,21869,64.45999999999997,4.27,150,5,2,30
2018-05-31,21869,30.504,4.27,151,5,3,31
2018-06-01,21869,47.04499999999999,4.27,152,6,4,1
2018-06-02,21869,104.72000000000004,4.27,153,6,5,2
2018-06-03,21869,38.645,4.27,154,6,6,3
2018-06-04,21869,125.08999999999992,4.27,155,6,0,4
2018-06-05,21869,144.24200000000002,4.27,156,6,1,5
2018-06-06,21869,90.31000000000004,4.27,157,6,2,6
2018-06-07,21869,82.60999999999999,4.27,158,6,3,7
2018-06-08,21869,55.737,4.27,159,6,4,8
2018-06-09,21869,77.30500000000002,4.08,160,6,5,9
2018-06-10,21869,79.16499999999999,4.08,161,6,6,10
2018-06-11,21869,116.60799999999996,4.08,162,6,0,11
2018-06-12,21869,99.49999999999996,4.08,163,6,1,12
2018-06-13,21869,82.26299999999999,4.08,164,6,2,13
2018-06-14,21869,83.63499999999999,4.08,165,6,3,14
2018-06-15,21869,85.41999999999999,4.08,166,6,4,15
2018-06-16,21869,67.865,4.08,167,6,5,16
2018-06-17,21869,90.25,4.08,168,6,6,17
2018-06-18,21869,172.09999999999994,2.39,169,6,0,18
2018-06-19,21869,154.95000000000002,2.39,170,6,1,19
2018-06-20,21869,56.25999999999999,4.08,171,6,2,20
2018-06-21,21869,46.276,4.08,172,6,3,21
2018-06-22,21869,59.957,4.08,173,6,4,22
2018-06-23,21869,53.72000000000001,4.08,174,6,5,23
2018-06-24,21869,68.60299999999998,4.08,175,6,6,24
2018-06-25,21869,106.664,4.08,176,6,0,25
2018-06-26,21869,126.97500000000008,4.08,177,6,1,26
2018-06-27,21869,68.74999999999999,4.08,178,6,2,27
2018-06-28,21869,57.625,4.08,179,6,3,28
2018-06-29,21869,76.095,4.08,180,6,4,29
2018-06-30,21869,110.54,3.89,181,6,5,30
2018-07-01,21869,90.65,3.89,182,7,6,1
2018-07-02,21869,151.265,1.99,183,7,0,2
2018-07-03,21869,218.38,1.99,184,7,1,3
2018-07-04,21869,43.06000000000001,3.89,185,7,2,4
2018-07-05,21869,66.19999999999999,3.89,186,7,3,5
2018-07-06,21869,59.50900000000001,3.89,187,7,4,6
2018-07-07,21869,63.41000000000001,3.89,188,7,5,7
2018-07-08,21869,88.45,3.89,189,7,6,8
2018-07-09,21869,235.79000000000005,1.95,190,7,0,9
2018-07-10,21869,276.515,1.95,191,7,1,10
2018-07-11,21869,72.359,3.89,192,7,2,11
2018-07-12,21869,95.65,3.89,193,7,3,12
2018-07-13,21869,78.88999999999999,3.89,194,7,4,13
2018-07-14,21869,99.71500000000005,3.89,195,7,5,14
2018-07-15,21869,75.27000000000002,3.89,196,7,6,15
2018-07-16,21869,169.48,2.29,197,7,0,16
2018-07-17,21869,176.765,2.29,198,7,1,17
2018-07-18,21869,34.724999999999994,3.89,199,7,2,18
2018-07-19,21869,23.075,3.89,200,7,3,19
2018-07-20,21869,83.53999999999996,2.19,201,7,4,20
2018-07-21,21869,122.415,2.19,202,7,5,21
2018-07-22,21869,77.00500000000001,2.19,203,7,6,22
2018-07-23,21869,93.935,4.27,204,7,0,23
2018-07-24,21869,97.64500000000004,4.27,205,7,1,24
2018-07-25,21869,57.865000000000016,4.27,206,7,2,25
2018-07-26,21869,76.63500000000002,4.27,207,7,3,26
2018-07-27,21869,62.51499999999999,4.27,208,7,4,27
2018-07-28,21869,74.62499999999999,4.27,209,7,5,28
2018-07-29,21869,65.40499999999999,4.27,210,7,6,29
2018-07-30,21869,95.47999999999996,4.27,211,7,0,30
2018-07-31,21869,124.48499999999994,4.27,212,7,1,31
2018-08-01,21869,105.145,4.27,213,8,2,1
2018-08-02,21869,80.55999999999997,4.27,214,8,3,2
2018-08-03,21869,65.91999999999999,4.27,215,8,4,3
2018-08-04,21869,59.775000000000006,4.27,216,8,5,4
2018-08-05,21869,85.77999999999999,4.27,217,8,6,5
2018-08-06,21869,285.5099999999999,1.69,218,8,0,6
2018-08-07,21869,175.90300000000002,1.69,219,8,1,7
2018-08-08,21869,37.845000000000006,4.27,220,8,2,8
2018-08-09,21869,47.995,4.27,221,8,3,9
2018-08-10,21869,53.15500000000001,4.27,222,8,4,10
2018-08-11,21869,85.46999999999998,4.27,223,8,5,11
2018-08-12,21869,78.655,4.27,224,8,6,12
2018-08-13,21869,157.09500000000006,1.89,225,8,0,13
2018-08-14,21869,173.95500000000007,1.89,226,8,1,14
2018-08-15,21869,74.84,4.27,227,8,2,15
2018-08-16,21869,50.63499999999999,4.27,228,8,3,16
2018-08-17,21869,129.793,1.69,229,8,4,17
2018-08-18,21869,130.08599999999998,1.69,230,8,5,18
2018-08-19,21869,127.30500000000002,1.69,231,8,6,19
2018-08-20,21869,243.10500000000005,1.59,232,8,0,20
2018-08-21,21869,282.68,1.59,233,8,1,21
2018-08-22,21869,45.56,4.27,234,8,2,22
2018-08-23,21869,45.46499999999999,4.27,235,8,3,23
2018-08-24,21869,65.55000000000001,4.27,236,8,4,24
2018-08-25,21869,52.6,4.27,237,8,5,25
2018-08-26,21869,84.945,4.27,238,8,6,26
2018-08-27,21869,251.63299999999992,1.49,239,8,0,27
2018-08-28,21869,276.62,1.49,240,8,1,28
2018-08-29,21869,53.315,4.27,241,8,2,29
2018-08-30,21869,37.44499999999999,4.27,242,8,3,30
2018-08-31,21869,85.44000000000004,2.99,243,8,4,31
2018-09-01,21869,130.19500000000002,2.99,244,9,5,1
2018-09-02,21869,150.88999999999993,2.99,245,9,6,2
2018-09-03,21869,296.915,1.39,246,9,0,3
2018-09-04,21869,251.09200000000004,1.39,247,9,1,4
2018-09-05,21869,30.520000000000003,2.99,248,9,2,5
2018-09-06,21869,70.97000000000001,2.99,249,9,3,6
2018-09-07,21869,86.87,2.99,250,9,4,7
2018-09-08,21869,65.03,2.99,251,9,5,8
2018-09-09,21869,63.68000000000002,2.99,252,9,6,9
2018-09-10,21869,227.12499999999997,1.39,253,9,0,10
2018-09-11,21869,300.86999999999983,1.39,254,9,1,11
2018-09-12,21869,52.35,2.99,255,9,2,12
2018-09-13,21869,69.54699999999998,1.39,256,9,3,13
2018-09-14,21869,113.68500000000002,1.39,257,9,4,14
2018-09-15,21869,145.76499999999996,1.39,258,9,5,15
2018-09-16,21869,125.20000000000005,1.39,259,9,6,16
2018-09-17,21869,190.02999999999992,1.39,260,9,0,17
2018-09-18,21869,203.419,1.39,261,9,1,18
2018-09-19,21869,58.00200000000001,2.99,262,9,2,19
2018-09-20,21869,84.90399999999998,2.99,263,9,3,20
2018-09-21,21869,69.13,2.99,264,9,4,21
2018-09-22,21869,85.28000000000002,2.99,265,9,5,22
2018-09-23,21869,87.239,2.99,266,9,6,23
2018-09-24,21869,270.27500000000003,1.29,267,9,0,24
2018-09-25,21869,307.225,1.29,268,9,1,25
2018-09-26,21869,66.775,2.99,269,9,2,26
2018-09-27,21869,56.90500000000001,2.99,270,9,3,27
2018-09-28,21869,69.27499999999998,2.99,271,9,4,28
2018-09-29,21869,76.89999999999999,2.99,272,9,5,29
2018-09-30,21869,77.98,2.99,273,9,6,30
2018-10-01,21869,321.9150000000001,1.29,274,10,0,1
2018-10-02,21869,284.335,1.29,275,10,1,2
2018-10-03,21869,40.38,2.99,276,10,2,3
2018-10-04,21869,49.94500000000001,2.99,277,10,3,4
2018-10-05,21869,66.425,2.99,278,10,4,5
2018-10-06,21869,96.64,2.99,279,10,5,6
2018-10-07,21869,81.24499999999999,2.99,280,10,6,7
2018-10-08,21869,110.34499999999998,2.99,281,10,0,8
2018-10-09,21869,133.285,2.99,282,10,1,9
2018-10-10,21869,64.345,2.99,283,10,2,10
2018-10-11,21869,70.33999999999999,2.99,284,10,3,11
2018-10-12,21869,83.99999999999999,2.99,285,10,4,12
2018-10-13,21869,59.18499999999999,2.99,286,10,5,13
2018-10-14,21869,65.405,2.99,287,10,6,14
2018-10-15,21869,269.585,1.29,288,10,0,15
2018-10-16,21869,174.86,1.29,289,10,1,16
2018-10-17,21869,51.455,2.99,290,10,2,17
2018-10-18,21869,58.10999999999999,2.99,291,10,3,18
2018-10-19,21869,62.339,2.99,292,10,4,19
2018-10-20,21869,101.79,1.69,293,10,5,20
2018-10-21,21869,136.5,1.69,294,10,6,21
2018-10-22,21869,319.67500000000007,0.99,295,10,0,22
2018-10-23,21869,351.47000000000014,0.99,296,10,1,23
2018-10-24,21869,60.180000000000014,2.99,297,10,2,24
2018-10-25,21869,80.44000000000001,2.99,298,10,3,25
2018-10-26,21869,55.52000000000002,2.69,299,10,4,26
2018-10-27,21869,101.83800000000004,2.69,300,10,5,27
2018-10-28,21869,52.56499999999999,2.69,301,10,6,28
2018-10-29,21869,348.335,0.99,302,10,0,29
2018-10-30,21869,346.7049999999999,0.99,303,10,1,30
2018-10-31,21869,125.46,2.69,304,10,2,31
2018-11-01,21869,89.32499999999999,2.69,305,11,3,1
2018-11-02,21869,99.40500000000002,2.69,306,11,4,2
2018-11-03,21869,65.445,2.69,307,11,5,3
2018-11-04,21869,72.69,2.69,308,11,6,4
2018-11-05,21869,144.855,2.99,309,11,0,5
2018-11-06,21869,79.58999999999997,2.99,310,11,1,6
2018-11-07,21869,66.26,2.99,311,11,2,7
2018-11-08,21869,64.705,2.99,312,11,3,8
2018-11-09,21869,54.28,2.88,313,11,4,9
2018-11-10,21869,60.43999999999998,2.88,314,11,5,10
2018-11-11,21869,88.49,2.88,315,11,6,11
2018-11-12,21869,255.25000000000009,0.99,316,11,0,12
2018-11-13,21869,337.85500000000025,0.99,317,11,1,13
2018-11-14,21869,41.15999999999999,2.88,318,11,2,14
2018-11-15,21869,80.92499999999998,2.88,319,11,3,15
2018-11-16,21869,51.375,2.88,320,11,4,16
2018-11-17,21869,61.09000000000002,2.88,321,11,5,17
2018-11-18,21869,64.895,2.88,322,11,6,18
2018-11-19,21869,239.2549999999999,0.99,323,11,0,19
2018-11-20,21869,310.2289999999999,0.99,324,11,1,20
2018-11-21,21869,47.830000000000005,2.88,325,11,2,21
2018-11-22,21869,70.905,2.69,326,11,3,22
2018-11-23,21869,59.78999999999999,2.69,327,11,4,23
2018-11-24,21869,77.165,2.69,328,11,5,24
2018-11-25,21869,56.89999999999999,2.69,329,11,6,25
2018-11-26,21869,296.7800000000001,0.95,330,11,0,26
2018-11-27,21869,158.87800000000004,0.95,331,11,1,27
2018-11-28,21869,42.595,2.69,332,11,2,28
2018-11-29,21869,69.685,2.69,333,11,3,29
2018-11-30,21869,64.725,2.69,334,11,4,30
2018-12-01,21869,69.18,2.69,335,12,5,1
2018-12-02,21869,68.55999999999999,2.69,336,12,6,2
2018-12-03,21869,410.4250000000001,0.99,337,12,0,3
2018-12-04,21869,228.4739999999999,0.99,338,12,1,4
2018-12-05,21869,39.325,2.69,339,12,2,5
2018-12-06,21869,60.73000000000002,2.69,340,12,3,6
2018-12-07,21869,61.575,2.69,341,12,4,7
2018-12-08,21869,51.13500000000001,2.69,342,12,5,8
2018-12-09,21869,55.63999999999999,2.69,343,12,6,9
2018-12-10,21869,352.6099999999998,0.99,344,12,0,10
2018-12-11,21869,250.295,0.99,345,12,1,11
2018-12-12,21869,52.375,2.69,346,12,2,12
2018-12-13,21869,51.900000000000006,2.69,347,12,3,13
2018-12-14,21869,58.025,2.49,348,12,4,14
2018-12-15,21869,55.895,2.49,349,12,5,15
2018-12-16,21869,71.47000000000001,2.49,350,12,6,16
2018-12-17,21869,130.075,2.49,351,12,0,17
2018-12-18,21869,93.42999999999996,2.49,352,12,1,18
2018-12-19,21869,54.495000000000005,2.49,353,12,2,19
2018-12-20,21869,50.015000000000015,2.19,354,12,3,20
2018-12-21,21869,76.50499999999998,2.69,355,12,4,21
2018-12-22,21869,44.52499999999999,2.69,356,12,5,22
2018-12-23,21869,16.26,2.69,357,12,6,23
2018-12-24,21869,85.14500000000001,2.69,358,12,0,24
2018-12-25,21869,0.0,2.69,359,12,1,25
2018-12-26,21869,115.915,2.69,360,12,2,26
2018-12-27,21869,77.91999999999999,2.69,361,12,3,27
2018-12-28,21869,63.92,2.69,362,12,4,28
2018-12-29,21869,98.41000000000004,2.69,363,12,5,29
2018-12-30,21869,71.28999999999998,2.69,364,12,6,30
2018-12-31,21869,136.83000000000004,2.69,365,12,0,31
2019-01-01,21869,0.0,2.69,1,1,1,1
2019-01-02,21869,112.97000000000004,2.69,2,1,2,2
2019-01-03,21869,92.62,2.69,3,1,3,3
2019-01-04,21869,120.05899999999995,2.69,4,1,4,4
2019-01-05,21869,53.52,2.69,5,1,5,5
2019-01-06,21869,70.095,2.69,6,1,6,6
2019-01-07,21869,119.36999999999998,2.69,7,1,0,7
2019-01-08,21869,144.025,2.69,8,1,1,8
2019-01-09,21869,60.84000000000001,2.69,9,1,2,9
2019-01-10,21869,73.89500000000004,2.69,10,1,3,10
2019-01-11,21869,70.09999999999998,2.69,11,1,4,11
2019-01-12,21869,57.685,2.69,12,1,5,12
2019-01-13,21869,89.73499999999997,2.69,13,1,6,13
2019-01-14,21869,133.65999999999997,2.69,14,1,0,14
2019-01-15,21869,155.44499999999994,2.69,15,1,1,15
2019-01-16,21869,84.40999999999998,2.69,16,1,2,16
2019-01-17,21869,50.62000000000001,2.69,17,1,3,17
2019-01-18,21869,55.86,2.79,18,1,4,18
2019-01-19,21869,66.37,3.99,19,1,5,19
2019-01-20,21869,71.72,3.99,20,1,6,20
2019-01-21,21869,122.49000000000004,1.99,21,1,0,21
2019-01-22,21869,226.95,1.99,22,1,1,22
2019-01-23,21869,3.755,3.99,23,1,2,23
2019-01-24,21869,62.89999999999998,3.99,24,1,3,24
2019-01-25,21869,64.50999999999999,3.99,25,1,4,25
2019-01-26,21869,80.59,3.99,26,1,5,26
2019-01-27,21869,69.3,3.99,27,1,6,27
2019-01-28,21869,113.85,3.99,28,1,0,28
2019-01-29,21869,122.68000000000002,3.99,29,1,1,29
2019-01-30,21869,75.34499999999998,3.99,30,1,2,30
2019-01-31,21869,77.44500000000001,3.99,31,1,3,31
2019-02-01,21869,89.815,3.99,32,2,4,1
2019-02-02,21869,79.21,3.99,33,2,5,2
2019-02-03,21869,88.36499999999998,3.99,34,2,6,3
2019-02-04,21869,193.69500000000005,1.89,35,2,0,4
2019-02-05,21869,125.55999999999996,3.99,36,2,1,5
2019-02-06,21869,86.57499999999996,3.99,37,2,2,6
2019-02-07,21869,74.77000000000001,3.99,38,2,3,7
2019-02-08,21869,59.41499999999998,3.99,39,2,4,8
2019-02-09,21869,66.71999999999998,3.99,40,2,5,9
2019-02-10,21869,89.40499999999999,3.99,41,2,6,10
2019-02-11,21869,150.37800000000007,3.99,42,2,0,11
2019-02-12,21869,122.26000000000002,3.99,43,2,1,12
2019-02-13,21869,47.80000000000001,3.99,44,2,2,13
2019-02-14,21869,72.79999999999997,3.99,45,2,3,14
2019-02-15,21869,58.19500000000002,3.99,46,2,4,15
2019-02-16,21869,93.66999999999996,3.99,47,2,5,16
2019-02-17,21869,72.765,3.99,48,2,6,17
2019-02-18,21869,129.46,3.99,49,2,0,18
2019-02-19,21869,109.35,3.99,50,2,1,19
2019-02-20,21869,81.20999999999997,3.99,51,2,2,20
2019-02-21,21869,58.010000000000005,3.99,52,2,3,21
2019-02-22,21869,64.49999999999999,3.99,53,2,4,22
2019-02-23,21869,81.68000000000004,3.99,54,2,5,23
2019-02-24,21869,71.62999999999998,3.99,55,2,6,24
2019-02-25,21869,113.55,3.99,56,2,0,25
2019-02-26,21869,121.39999999999992,3.99,57,2,1,26
2019-02-27,21869,59.65999999999999,3.99,58,2,2,27
2019-02-28,21869,78.13000000000001,3.99,59,2,3,28
2019-03-01,21869,70.20000000000002,3.99,60,3,4,1
2019-03-02,21869,83.48500000000001,3.99,61,3,5,2
2019-03-03,21869,77.57,3.99,62,3,6,3
2019-03-04,21869,179.43399999999997,2.49,63,3,0,4
2019-03-05,21869,93.815,2.49,64,3,1,5
2019-03-06,21869,61.09999999999998,3.99,65,3,2,6
2019-03-07,21869,91.43,3.99,66,3,3,7
2019-03-08,21869,76.305,3.99,67,3,4,8
2019-03-09,21869,100.98999999999998,3.99,68,3,5,9
2019-03-10,21869,84.82900000000001,3.99,69,3,6,10
2019-03-11,21869,141.43000000000006,2.29,70,3,0,11
2019-03-12,21869,134.90499999999997,2.29,71,3,1,12
2019-03-13,21869,33.305,3.99,72,3,2,13
2019-03-14,21869,63.49500000000002,3.99,73,3,3,14
2019-03-15,21869,70.18500000000003,3.99,74,3,4,15
2019-03-16,21869,87.60499999999999,3.99,75,3,5,16
2019-03-17,21869,67.4,3.99,76,3,6,17
2019-03-18,21869,90.95999999999997,3.99,77,3,0,18
2019-03-19,21869,109.62,3.99,78,3,1,19
2019-03-20,21869,86.96000000000002,3.99,79,3,2,20
2019-03-21,21869,67.12500000000001,3.99,80,3,3,21
2019-03-22,21869,61.545,3.99,81,3,4,22
2019-03-23,21869,71.347,3.99,82,3,5,23
2019-03-24,21869,79.24000000000001,3.99,83,3,6,24
2019-03-25,21869,174.53,2.39,84,3,0,25
2019-03-26,21869,192.85500000000005,2.39,85,3,1,26
2019-03-27,21869,61.73,3.99,86,3,2,27
2019-03-28,21869,47.995000000000005,3.99,87,3,3,28
2019-03-29,21869,66.8,3.99,88,3,4,29
2019-03-30,21869,89.56499999999997,3.99,89,3,5,30
2019-03-31,21869,98.65,3.99,90,3,6,31
2019-04-01,21869,120.63299999999998,3.99,91,4,0,1
2019-04-02,21869,46.040000000000006,3.99,92,4,1,2
2019-04-03,21869,41.91,3.99,93,4,2,3
2019-04-04,21869,85.31499999999998,3.99,94,4,3,4
2019-04-05,21869,44.97000000000001,3.99,95,4,4,5
2019-04-06,21869,35.440000000000005,3.99,96,4,5,6
2019-04-07,21869,57.765,3.99,97,4,6,7
2019-04-08,21869,137.15499999999997,2.35,98,4,0,8
2019-04-09,21869,88.05499999999998,2.35,99,4,1,9
2019-04-10,21869,62.80999999999999,3.99,100,4,2,10
2019-04-11,21869,70.97499999999998,3.99,101,4,3,11
2019-04-12,21869,94.64,3.99,102,4,4,12
2019-04-13,21869,88.365,3.99,103,4,5,13
2019-04-14,21869,55.24999999999999,3.99,104,4,6,14
2019-04-15,21869,130.426,3.99,105,4,0,15
2019-04-16,21869,93.24,3.99,106,4,1,16
2019-04-17,21869,50.47,3.99,107,4,2,17
2019-04-18,21869,88.06499999999998,3.99,108,4,3,18
2019-04-19,21869,60.49000000000001,3.99,109,4,4,19
2019-04-20,21869,66.21999999999998,3.99,110,4,5,20
2019-04-21,21869,62.37500000000001,3.99,111,4,6,21
2019-04-22,21869,130.03500000000005,3.99,112,4,0,22
2019-04-23,21869,95.37999999999997,3.99,113,4,1,23
2019-04-24,21869,91.74000000000002,3.99,114,4,2,24
2019-04-25,21869,97.67900000000004,3.99,115,4,3,25
2019-04-26,21869,76.28500000000003,3.99,116,4,4,26
2019-04-27,21869,93.325,3.99,117,4,5,27
2019-04-28,21869,80.85000000000002,3.99,118,4,6,28
2019-04-29,21869,165.02000000000007,1.99,119,4,0,29
2019-04-30,21869,245.0800000000001,1.99,120,4,1,30
2017-01-02,37082,23.442,11.89,2,1,0,2
2017-01-03,37082,8.213999999999999,11.89,3,1,1,3
2017-01-04,37082,9.49,11.89,4,1,2,4
2017-01-05,37082,11.71,11.89,5,1,3,5
2017-01-06,37082,13.644,11.89,6,1,4,6
2017-01-07,37082,10.746,11.89,7,1,5,7
2017-01-08,37082,15.486,11.98,8,1,6,8
2017-01-09,37082,10.19,11.98,9,1,0,9
2017-01-10,37082,12.308000000000002,11.98,10,1,1,10
2017-01-11,37082,17.424,10.99,11,1,2,11
2017-01-12,37082,15.146,10.99,12,1,3,12
2017-01-13,37082,8.332,11.98,13,1,4,13
2017-01-14,37082,11.688,11.98,14,1,5,14
2017-01-15,37082,6.774,11.98,15,1,6,15
2017-01-16,37082,6.04,11.98,16,1,0,16
2017-01-17,37082,12.273999999999996,11.98,17,1,1,17
2017-01-18,37082,12.471999999999998,10.99,18,1,2,18
2017-01-19,37082,6.198,10.99,19,1,3,19
2017-01-20,37082,1.844,10.99,20,1,4,20
2017-01-21,37082,9.168,10.99,21,1,5,21
2017-01-22,37082,10.064,10.99,22,1,6,22
2017-01-23,37082,2.172,10.99,23,1,0,23
2017-01-24,37082,2.278,10.99,24,1,1,24
2017-01-25,37082,2.558,10.99,25,1,2,25
2017-01-26,37082,12.535999999999998,10.99,26,1,3,26
2017-01-27,37082,11.022,10.99,27,1,4,27
2017-01-28,37082,9.32,10.99,28,1,5,28
2017-01-29,37082,6.602,10.99,29,1,6,29
2017-01-30,37082,10.316,11.98,30,1,0,30
2017-01-31,37082,2.318,11.98,31,1,1,31
2017-02-01,37082,22.422,10.99,32,2,2,1
2017-02-02,37082,20.758,10.99,33,2,3,2
2017-02-03,37082,8.946,11.98,34,2,4,3
2017-02-04,37082,14.913999999999998,11.98,35,2,5,4
2017-02-05,37082,5.085999999999999,11.98,36,2,6,5
2017-02-06,37082,6.5520000000000005,11.98,37,2,0,6
2017-02-07,37082,10.856,11.98,38,2,1,7
2017-02-08,37082,14.698,10.99,39,2,2,8
2017-02-09,37082,15.754,10.99,40,2,3,9
2017-02-10,37082,4.462,11.98,41,2,4,10
2017-02-11,37082,13.392,11.98,42,2,5,11
2017-02-12,37082,1.888,11.98,43,2,6,12
2017-02-13,37082,3.804,11.98,44,2,0,13
2017-02-14,37082,11.646,11.98,45,2,1,14
2017-02-15,37082,16.734,9.89,46,2,2,15
2017-02-16,37082,11.674,9.89,47,2,3,16
2017-02-17,37082,3.81,11.98,48,2,4,17
2017-02-18,37082,19.306,11.98,49,2,5,18
2017-02-19,37082,6.616,11.98,50,2,6,19
2017-02-20,37082,13.458,11.98,51,2,0,20
2017-02-21,37082,6.332000000000001,11.98,52,2,1,21
2017-02-22,37082,21.064000000000004,9.79,53,2,2,22
2017-02-23,37082,16.339,9.79,54,2,3,23
