sales_curva_a.csv
date,item_nbr,unit_sales,price,day_of_year,month,day_of_week,day_of_month
2017-02-24,37082,9.56,11.98,55,2,4,24
2017-02-25,37082,15.151999999999996,11.98,56,2,5,25
2017-02-26,37082,7.069999999999999,11.98,57,2,6,26
2017-02-27,37082,16.887999999999998,11.98,58,2,0,27
2017-02-28,37082,20.242,11.98,59,2,1,28
2017-03-01,37082,34.184,9.99,60,3,2,1
2017-03-02,37082,17.344,9.99,61,3,3,2
2017-03-03,37082,11.73,11.98,62,3,4,3
2017-03-04,37082,21.994,11.98,63,3,5,4
2017-03-05,37082,8.684,11.98,64,3,6,5
2017-03-06,37082,14.074000000000002,11.98,65,3,0,6
2017-03-07,37082,5.676,11.98,66,3,1,7
2017-03-08,37082,7.618,10.49,67,3,2,8
2017-03-09,37082,12.893999999999998,10.49,68,3,3,9
2017-03-10,37082,16.104,11.98,69,3,4,10
2017-03-11,37082,7.713999999999999,11.98,70,3,5,11
2017-03-12,37082,7.544,11.98,71,3,6,12
2017-03-13,37082,8.202,11.98,72,3,0,13
2017-03-14,37082,5.701999999999999,11.98,73,3,1,14
2017-03-15,37082,10.3,10.49,74,3,2,15
2017-03-16,37082,8.085999999999999,10.49,75,3,3,16
2017-03-17,37082,5.882,11.98,76,3,4,17
2017-03-18,37082,12.628000000000002,11.98,77,3,5,18
2017-03-19,37082,1.122,11.98,78,3,6,19
2017-03-20,37082,5.156,11.98,79,3,0,20
2017-03-21,37082,3.9500000000000006,11.98,80,3,1,21
2017-03-22,37082,10.007,10.59,81,3,2,22
2017-03-23,37082,20.056,10.59,82,3,3,23
2017-03-24,37082,9.067,11.98,83,3,4,24
2017-03-25,37082,10.84,11.98,84,3,5,25
2017-03-26,37082,0.922,11.98,85,3,6,26
2017-03-27,37082,8.164,11.98,86,3,0,27
2017-03-28,37082,4.98,11.98,87,3,1,28
2017-03-29,37082,28.880000000000003,10.49,88,3,2,29
2017-03-30,37082,7.948,10.49,89,3,3,30
2017-03-31,37082,6.545999999999999,11.98,90,3,4,31
2017-04-01,37082,16.418,11.98,91,4,5,1
2017-04-02,37082,14.926000000000002,11.98,92,4,6,2
2017-04-03,37082,0.626,11.98,93,4,0,3
2017-04-04,37082,10.099999999999998,11.98,94,4,1,4
2017-04-05,37082,14.402,10.49,95,4,2,5
2017-04-06,37082,9.137,10.49,96,4,3,6
2017-04-07,37082,9.208,11.98,97,4,4,7
2017-04-08,37082,9.226,11.98,98,4,5,8
2017-04-09,37082,7.045999999999999,11.98,99,4,6,9
2017-04-10,37082,5.408,11.98,100,4,0,10
2017-04-11,37082,6.567,11.98,101,4,1,11
2017-04-12,37082,6.857999999999999,10.49,102,4,2,12
2017-04-13,37082,6.258000000000001,10.49,103,4,3,13
2017-04-14,37082,4.454,11.98,104,4,4,14
2017-04-15,37082,8.514000000000001,11.98,105,4,5,15
2017-04-16,37082,10.602,11.98,106,4,6,16
2017-04-17,37082,10.916,11.98,107,4,0,17
2017-04-18,37082,5.15,11.98,108,4,1,18
2017-04-19,37082,22.903,10.49,109,4,2,19
2017-04-20,37082,9.711,10.49,110,4,3,20
2017-04-21,37082,4.904,11.98,111,4,4,21
2017-04-22,37082,7.076,11.98,112,4,5,22
2017-04-23,37082,12.986,11.98,113,4,6,23
2017-04-24,37082,4.824,11.98,114,4,0,24
2017-04-25,37082,4.08,11.98,115,4,1,25
2017-04-26,37082,8.713999999999999,10.49,116,4,2,26
2017-04-27,37082,11.483999999999998,10.49,117,4,3,27
2017-04-28,37082,14.33,11.98,118,4,4,28
2017-04-29,37082,11.662,11.98,119,4,5,29
2017-04-30,37082,6.005,11.98,120,4,6,30
2017-05-01,37082,0.0,11.98,121,5,0,1
2017-05-02,37082,9.251,11.98,122,5,1,2
2017-05-03,37082,14.873,10.49,123,5,2,3
2017-05-04,37082,18.624,10.49,124,5,3,4
2017-05-05,37082,2.867,11.98,125,5,4,5
2017-05-06,37082,9.502000000000002,11.98,126,5,5,6
2017-05-07,37082,11.632,11.98,127,5,6,7
2017-05-08,37082,9.278,11.98,128,5,0,8
2017-05-09,37082,4.694,11.98,129,5,1,9
2017-05-10,37082,8.935,10.49,130,5,2,10
2017-05-11,37082,7.731999999999999,10.49,131,5,3,11
2017-05-12,37082,10.144,11.98,132,5,4,12
2017-05-13,37082,11.574000000000002,11.98,133,5,5,13
2017-05-14,37082,7.297999999999999,11.98,134,5,6,14
2017-05-15,37082,8.232000000000001,11.98,135,5,0,15
2017-05-16,37082,8.658000000000001,11.98,136,5,1,16
2017-05-17,37082,12.686,10.49,137,5,2,17
2017-05-18,37082,7.476,10.49,138,5,3,18
2017-05-19,37082,5.946,11.98,139,5,4,19
2017-05-20,37082,14.514,11.98,140,5,5,20
2017-05-21,37082,3.119,11.98,141,5,6,21
2017-05-22,37082,5.224,11.98,142,5,0,22
2017-05-23,37082,3.0460000000000003,11.98,143,5,1,23
2017-05-24,37082,16.427999999999997,10.49,144,5,2,24
2017-05-25,37082,9.39,10.49,145,5,3,25
2017-05-26,37082,6.886,11.98,146,5,4,26
2017-05-27,37082,10.44,11.98,147,5,5,27
2017-05-28,37082,3.0090000000000003,11.98,148,5,6,28
2017-05-29,37082,7.165,11.98,149,5,0,29
2017-05-30,37082,7.049,11.98,150,5,1,30
2017-05-31,37082,12.796,10.49,151,5,2,31
2017-06-01,37082,17.143,10.49,152,6,3,1
2017-06-02,37082,6.392,11.98,153,6,4,2
2017-06-03,37082,9.676,11.98,154,6,5,3
2017-06-04,37082,8.23,11.98,155,6,6,4
2017-06-05,37082,19.597,11.98,156,6,0,5
2017-06-06,37082,11.823999999999998,11.98,157,6,1,6
2017-06-07,37082,18.019,10.49,158,6,2,7
2017-06-08,37082,23.309,10.49,159,6,3,8
2017-06-09,37082,13.106,11.98,160,6,4,9
2017-06-10,37082,5.868,11.98,161,6,5,10
2017-06-11,37082,11.712,11.98,162,6,6,11
2017-06-12,37082,8.376000000000001,11.98,163,6,0,12
2017-06-13,37082,7.098,11.98,164,6,1,13
2017-06-14,37082,19.587,10.49,165,6,2,14
2017-06-15,37082,14.163999999999998,10.49,166,6,3,15
2017-06-16,37082,6.151999999999999,11.98,167,6,4,16
2017-06-17,37082,9.008,11.98,168,6,5,17
2017-06-18,37082,10.732,11.98,169,6,6,18
2017-06-19,37082,9.324,11.98,170,6,0,19
2017-06-20,37082,6.718999999999999,11.98,171,6,1,20
2017-06-21,37082,18.676,10.45,172,6,2,21
2017-06-22,37082,24.858,10.45,173,6,3,22
2017-06-23,37082,3.448,11.98,174,6,4,23
2017-06-24,37082,11.68,11.98,175,6,5,24
2017-06-25,37082,13.304,11.98,176,6,6,25
2017-06-26,37082,13.163999999999998,11.98,177,6,0,26
2017-06-27,37082,2.952,11.98,178,6,1,27
2017-06-28,37082,8.169,10.49,179,6,2,28
2017-06-29,37082,25.507,10.49,180,6,3,29
2017-06-30,37082,18.644,11.98,181,6,4,30
2017-07-01,37082,10.587,11.98,182,7,5,1
2017-07-02,37082,15.243999999999998,11.98,183,7,6,2
2017-07-03,37082,11.836000000000002,11.98,184,7,0,3
2017-07-04,37082,10.405,11.98,185,7,1,4
2017-07-05,37082,16.957,10.49,186,7,2,5
2017-07-06,37082,12.521,10.49,187,7,3,6
2017-07-07,37082,6.321999999999999,11.98,188,7,4,7
2017-07-08,37082,1.836,11.98,189,7,5,8
2017-07-09,37082,12.414,11.98,190,7,6,9
2017-07-10,37082,11.92,11.98,191,7,0,10
2017-07-11,37082,15.515,11.98,192,7,1,11
2017-07-12,37082,12.824,10.49,193,7,2,12
2017-07-13,37082,17.160999999999998,10.49,194,7,3,13
2017-07-14,37082,8.932,11.98,195,7,4,14
2017-07-15,37082,12.872,11.98,196,7,5,15
2017-07-16,37082,6.9,11.98,197,7,6,16
2017-07-17,37082,8.022,11.98,198,7,0,17
2017-07-18,37082,10.869,11.98,199,7,1,18
2017-07-19,37082,19.779,9.99,200,7,2,19
2017-07-20,37082,20.53,9.99,201,7,3,20
2017-07-21,37082,7.439999999999999,11.98,202,7,4,21
2017-07-22,37082,2.539,11.98,203,7,5,22
2017-07-23,37082,8.194,11.98,204,7,6,23
2017-07-24,37082,11.394,11.98,205,7,0,24
2017-07-25,37082,7.151999999999999,11.98,206,7,1,25
2017-07-26,37082,26.497000000000003,10.49,207,7,2,26
2017-07-27,37082,13.312,10.49,208,7,3,27
2017-07-28,37082,5.178,11.98,209,7,4,28
2017-07-29,37082,21.169,11.98,210,7,5,29
2017-07-30,37082,1.838,11.98,211,7,6,30
2017-07-31,37082,3.876,11.98,212,7,0,31
2017-08-01,37082,29.822,11.98,213,8,1,1
2017-08-02,37082,26.485000000000007,10.49,214,8,2,2
2017-08-03,37082,8.016,10.49,215,8,3,3
2017-08-04,37082,9.896,11.98,216,8,4,4
2017-08-05,37082,10.386,11.98,217,8,5,5
2017-08-06,37082,10.226,11.98,218,8,6,6
2017-08-07,37082,9.524,11.98,219,8,0,7
2017-08-08,37082,11.510000000000002,11.98,220,8,1,8
2017-08-09,37082,19.168,10.49,221,8,2,9
2017-08-10,37082,19.108,10.49,222,8,3,10
2017-08-11,37082,3.426,11.98,223,8,4,11
2017-08-12,37082,11.6,11.98,224,8,5,12
2017-08-13,37082,12.070000000000002,11.98,225,8,6,13
2017-08-14,37082,8.402000000000001,11.98,226,8,0,14
2017-08-15,37082,15.698,11.98,227,8,1,15
2017-08-16,37082,20.836,10.49,228,8,2,16
2017-08-17,37082,15.493999999999998,10.49,229,8,3,17
2017-08-18,37082,12.443,11.98,230,8,4,18
2017-08-19,37082,8.559999999999999,11.98,231,8,5,19
2017-08-20,37082,3.675,11.98,232,8,6,20
2017-08-21,37082,0.0,11.98,233,8,0,21
2017-08-22,37082,2.096,11.98,234,8,1,22
2017-08-23,37082,21.079,10.49,235,8,2,23
2017-08-24,37082,18.668,10.49,236,8,3,24
2017-08-25,37082,12.129,11.98,237,8,4,25
2017-08-26,37082,12.682000000000002,11.98,238,8,5,26
2017-08-27,37082,1.768,11.98,239,8,6,27
2017-08-28,37082,8.565,11.98,240,8,0,28
2017-08-29,37082,8.672,11.98,241,8,1,29
2017-08-30,37082,18.779000000000003,10.49,242,8,2,30
2017-08-31,37082,29.825,10.49,243,8,3,31
2017-09-01,37082,16.195,11.98,244,9,4,1
2017-09-02,37082,16.736,11.98,245,9,5,2
2017-09-03,37082,18.21,11.98,246,9,6,3
2017-09-04,37082,9.946000000000002,11.98,247,9,0,4
2017-09-05,37082,7.856,11.98,248,9,1,5
2017-09-06,37082,19.888,10.49,249,9,2,6
2017-09-07,37082,16.109999999999996,10.49,250,9,3,7
2017-09-08,37082,10.786,11.98,251,9,4,8
2017-09-09,37082,13.714000000000002,11.98,252,9,5,9
2017-09-10,37082,13.262999999999998,11.98,253,9,6,10
2017-09-11,37082,6.126000000000001,11.98,254,9,0,11
2017-09-12,37082,10.31,11.98,255,9,1,12
2017-09-13,37082,7.826,10.49,256,9,2,13
2017-09-14,37082,5.972,10.49,257,9,3,14
2017-09-15,37082,8.568,11.98,258,9,4,15
2017-09-16,37082,20.177000000000003,11.98,259,9,5,16
2017-09-17,37082,17.374000000000002,11.98,260,9,6,17
2017-09-18,37082,4.748,11.98,261,9,0,18
2017-09-19,37082,6.734,11.98,262,9,1,19
2017-09-20,37082,14.372,10.99,263,9,2,20
2017-09-21,37082,12.412,10.99,264,9,3,21
2017-09-22,37082,7.733,11.98,265,9,4,22
2017-09-23,37082,12.644,11.98,266,9,5,23
2017-09-24,37082,13.288,11.98,267,9,6,24
2017-09-25,37082,14.877,11.98,268,9,0,25
2017-09-26,37082,10.116,11.98,269,9,1,26
2017-09-27,37082,19.828000000000003,10.97,270,9,2,27
2017-09-28,37082,10.406,10.97,271,9,3,28
2017-09-29,37082,11.012,11.98,272,9,4,29
2017-09-30,37082,15.324,11.98,273,9,5,30
2017-10-01,37082,16.637999999999998,11.98,274,10,6,1
2017-10-02,37082,15.416,11.98,275,10,0,2
2017-10-03,37082,9.760000000000002,11.98,276,10,1,3
2017-10-04,37082,20.959,10.96,277,10,2,4
2017-10-05,37082,27.066000000000003,10.96,278,10,3,5
2017-10-06,37082,8.780999999999999,10.96,279,10,4,6
2017-10-07,37082,14.771999999999998,11.98,280,10,5,7
2017-10-08,37082,13.396,11.98,281,10,6,8
2017-10-09,37082,16.908,11.98,282,10,0,9
2017-10-10,37082,10.538000000000002,11.98,283,10,1,10
2017-10-11,37082,10.264,10.98,284,10,2,11
2017-10-12,37082,22.402,10.98,285,10,3,12
2017-10-13,37082,14.536000000000003,11.98,286,10,4,13
2017-10-14,37082,15.723999999999998,11.98,287,10,5,14
2017-10-15,37082,13.736,11.98,288,10,6,15
2017-10-16,37082,23.429,11.98,289,10,0,16
2017-10-17,37082,6.405,11.98,290,10,1,17
2017-10-18,37082,23.317,10.98,291,10,2,18
2017-10-19,37082,8.199,10.98,292,10,3,19
2017-10-20,37082,7.208,11.98,293,10,4,20
2017-10-21,37082,9.288,11.98,294,10,5,21
2017-10-22,37082,13.031,11.98,295,10,6,22
2017-10-23,37082,8.351,11.98,296,10,0,23
2017-10-24,37082,10.608,11.98,297,10,1,24
2017-10-25,37082,23.729999999999997,10.98,298,10,2,25
2017-10-26,37082,14.496,10.98,299,10,3,26
2017-10-27,37082,12.768,11.98,300,10,4,27
2017-10-28,37082,11.134,11.98,301,10,5,28
2017-10-29,37082,11.478,11.98,302,10,6,29
2017-10-30,37082,6.16,11.98,303,10,0,30
2017-10-31,37082,12.010000000000002,11.98,304,10,1,31
2017-11-01,37082,28.807999999999996,10.95,305,11,2,1
2017-11-02,37082,32.122,10.95,306,11,3,2
2017-11-03,37082,7.016,11.98,307,11,4,3
2017-11-04,37082,4.757999999999999,11.98,308,11,5,4
2017-11-05,37082,3.984,11.98,309,11,6,5
2017-11-06,37082,12.818,11.98,310,11,0,6
2017-11-07,37082,14.413999999999998,11.98,311,11,1,7
2017-11-08,37082,31.189999999999998,10.95,312,11,2,8
2017-11-09,37082,18.874,10.95,313,11,3,9
2017-11-10,37082,11.260000000000002,11.98,314,11,4,10
2017-11-11,37082,13.056,11.98,315,11,5,11
2017-11-12,37082,0.0,11.98,316,11,6,12
2017-11-13,37082,2.6420000000000003,11.98,317,11,0,13
2017-11-14,37082,6.006,11.98,318,11,1,14
2017-11-15,37082,22.474000000000004,10.95,319,11,2,15
2017-11-16,37082,25.874,10.95,320,11,3,16
2017-11-17,37082,10.048,11.98,321,11,4,17
2017-11-18,37082,10.8,11.98,322,11,5,18
2017-11-19,37082,15.272000000000002,11.98,323,11,6,19
2017-11-20,37082,2.75,11.98,324,11,0,20
2017-11-21,37082,8.89,11.98,325,11,1,21
2017-11-22,37082,11.378,10.95,326,11,2,22
2017-11-23,37082,15.562,10.95,327,11,3,23
2017-11-24,37082,11.22,11.98,328,11,4,24
2017-11-25,37082,12.858,11.98,329,11,5,25
2017-11-26,37082,8.564,11.98,330,11,6,26
2017-11-27,37082,7.353999999999999,11.98,331,11,0,27
2017-11-28,37082,11.002,11.98,332,11,1,28
2017-11-29,37082,19.779999999999998,10.98,333,11,2,29
2017-11-30,37082,15.748,10.98,334,11,3,30
2017-12-01,37082,17.138,11.98,335,12,4,1
2017-12-02,37082,15.082,11.98,336,12,5,2
2017-12-03,37082,13.653999999999998,11.98,337,12,6,3
2017-12-04,37082,13.126,11.98,338,12,0,4
2017-12-05,37082,14.382,11.98,339,12,1,5
2017-12-06,37082,23.049999999999997,10.98,340,12,2,6
2017-12-07,37082,25.972,10.98,341,12,3,7
2017-12-08,37082,16.094,11.98,342,12,4,8
2017-12-09,37082,4.762,11.98,343,12,5,9
2017-12-10,37082,12.376,11.98,344,12,6,10
2017-12-11,37082,11.582,11.98,345,12,0,11
2017-12-12,37082,13.498,11.98,346,12,1,12
2017-12-13,37082,18.098,10.98,347,12,2,13
2017-12-14,37082,9.573999999999998,10.98,348,12,3,14
2017-12-15,37082,11.072,11.98,349,12,4,15
2017-12-16,37082,6.546000000000001,11.98,350,12,5,16
2017-12-17,37082,14.956,11.98,351,12,6,17
2017-12-18,37082,8.836,11.98,352,12,0,18
2017-12-19,37082,7.762,11.98,353,12,1,19
2017-12-20,37082,22.426,10.98,354,12,2,20
2017-12-21,37082,4.474,10.98,355,12,3,21
2017-12-22,37082,7.313,11.98,356,12,4,22
2017-12-23,37082,8.054,11.98,357,12,5,23
2017-12-24,37082,0.0,11.98,358,12,6,24
2017-12-25,37082,0.0,11.98,359,12,0,25
2017-12-26,37082,13.692000000000002,11.98,360,12,1,26
2017-12-27,37082,16.434,10.98,361,12,2,27
2017-12-28,37082,11.538000000000002,10.98,362,12,3,28
2017-12-29,37082,10.786,11.98,363,12,4,29
2017-12-30,37082,4.758,11.98,364,12,5,30
2017-12-31,37082,2.774,11.98,365,12,6,31
2018-01-01,37082,0.0,11.98,1,1,0,1
2018-01-02,37082,17.15,11.98,2,1,1,2
2018-01-03,37082,25.622,10.95,3,1,2,3
2018-01-04,37082,19.212,10.95,4,1,3,4
2018-01-05,37082,15.810999999999998,11.98,5,1,4,5
2018-01-06,37082,12.704,11.98,6,1,5,6
2018-01-07,37082,9.121999999999998,11.98,7,1,6,7
2018-01-08,37082,12.831999999999995,11.98,8,1,0,8
2018-01-09,37082,8.172,11.98,9,1,1,9
2018-01-10,37082,21.059,10.99,10,1,2,10
2018-01-11,37082,22.52,10.99,11,1,3,11
2018-01-12,37082,5.824000000000001,11.98,12,1,4,12
2018-01-13,37082,10.188,11.98,13,1,5,13
2018-01-14,37082,20.83,11.98,14,1,6,14
2018-01-15,37082,6.917999999999999,11.98,15,1,0,15
2018-01-16,37082,7.087999999999999,11.98,16,1,1,16
2018-01-17,37082,26.730000000000004,10.99,17,1,2,17
2018-01-18,37082,19.484,10.99,18,1,3,18
2018-01-19,37082,9.572,11.98,19,1,4,19
2018-01-20,37082,13.152,11.98,20,1,5,20
2018-01-21,37082,9.902,11.98,21,1,6,21
2018-01-22,37082,8.428,11.98,22,1,0,22
2018-01-23,37082,12.330000000000002,11.98,23,1,1,23
2018-01-24,37082,19.122,10.99,24,1,2,24
2018-01-25,37082,14.424000000000005,10.99,25,1,3,25
2018-01-26,37082,8.546,11.98,26,1,4,26
2018-01-27,37082,10.364,11.98,27,1,5,27
2018-01-28,37082,12.554000000000002,11.98,28,1,6,28
2018-01-29,37082,8.512,11.98,29,1,0,29
2018-01-30,37082,6.262,11.98,30,1,1,30
2018-01-31,37082,30.063999999999997,9.99,31,1,2,31
2018-02-01,37082,11.48,9.99,32,2,3,1
2018-02-02,37082,10.434,11.98,33,2,4,2
2018-02-03,37082,18.130000000000003,11.98,34,2,5,3
2018-02-04,37082,9.292,11.98,35,2,6,4
2018-02-05,37082,15.364,11.98,36,2,0,5
2018-02-06,37082,13.286,11.98,37,2,1,6
2018-02-07,37082,34.136,9.99,38,2,2,7
2018-02-08,37082,35.44,9.99,39,2,3,8
2018-02-09,37082,6.074,11.98,40,2,4,9
2018-02-10,37082,6.076,11.98,41,2,5,10
2018-02-11,37082,12.81,11.98,42,2,6,11
2018-02-12,37082,14.167,11.98,43,2,0,12
2018-02-13,37082,5.252,11.98,44,2,1,13
2018-02-14,37082,9.658,9.99,45,2,2,14
2018-02-15,37082,23.61,9.99,46,2,3,15
2018-02-16,37082,12.775999999999998,11.98,47,2,4,16
2018-02-17,37082,17.724,11.98,48,2,5,17
2018-02-18,37082,10.882,11.98,49,2,6,18
2018-02-19,37082,7.772,11.98,50,2,0,19
2018-02-20,37082,2.312,11.98,51,2,1,20
2018-02-21,37082,18.818,9.89,52,2,2,21
2018-02-22,37082,27.462999999999997,9.89,53,2,3,22
2018-02-23,37082,2.838,11.98,54,2,4,23
2018-02-24,37082,11.542000000000002,11.98,55,2,5,24
2018-02-25,37082,15.820000000000002,11.98,56,2,6,25
2018-02-26,37082,5.257999999999999,11.98,57,2,0,26
2018-02-27,37082,12.478,11.98,58,2,1,27
2018-02-28,37082,29.924,9.89,59,2,2,28
2018-03-01,37082,23.433999999999997,9.89,60,3,3,1
2018-03-02,37082,16.586,11.98,61,3,4,2
2018-03-03,37082,22.528,11.98,62,3,5,3
2018-03-04,37082,16.04,11.98,63,3,6,4
2018-03-05,37082,3.374000000000001,11.98,64,3,0,5
2018-03-06,37082,21.86,11.98,65,3,1,6
2018-03-07,37082,23.399,10.49,66,3,2,7
2018-03-08,37082,23.4,10.49,67,3,3,8
2018-03-09,37082,7.544,11.98,68,3,4,9
2018-03-10,37082,12.556,11.98,69,3,5,10
2018-03-11,37082,14.312,11.98,70,3,6,11
2018-03-12,37082,6.922000000000001,11.98,71,3,0,12
2018-03-13,37082,9.272,11.98,72,3,1,13
2018-03-14,37082,27.088,10.49,73,3,2,14
2018-03-15,37082,17.211999999999996,10.49,74,3,3,15
2018-03-16,37082,14.282000000000002,11.98,75,3,4,16
2018-03-17,37082,21.943,11.98,76,3,5,17
2018-03-18,37082,8.530000000000001,11.98,77,3,6,18
2018-03-19,37082,7.978,11.98,78,3,0,19
2018-03-20,37082,8.574,11.98,79,3,1,20
2018-03-21,37082,14.328000000000005,10.49,80,3,2,21
2018-03-22,37082,12.839000000000002,10.49,81,3,3,22
2018-03-23,37082,7.072,11.98,82,3,4,23
2018-03-24,37082,11.694,11.98,83,3,5,24
2018-03-25,37082,19.82,11.98,84,3,6,25
2018-03-26,37082,8.058,11.98,85,3,0,26
2018-03-27,37082,13.644,11.98,86,3,1,27
2018-03-28,37082,16.544000000000004,10.49,87,3,2,28
2018-03-29,37082,13.338,10.49,88,3,3,29
2018-03-30,37082,0.0,10.49,89,3,4,30
2018-03-31,37082,10.114,11.98,90,3,5,31
2018-04-01,37082,9.428,11.98,91,4,6,1
2018-04-02,37082,11.436,11.98,92,4,0,2
2018-04-03,37082,8.196,11.98,93,4,1,3
2018-04-04,37082,17.441999999999997,10.49,94,4,2,4
2018-04-05,37082,13.868,10.49,95,4,3,5
2018-04-06,37082,14.674,11.98,96,4,4,6
2018-04-07,37082,11.286,11.98,97,4,5,7
2018-04-08,37082,16.016,11.98,98,4,6,8
2018-04-09,37082,9.288,11.98,99,4,0,9
2018-04-10,37082,10.752,11.98,100,4,1,10
2018-04-11,37082,24.498,10.49,101,4,2,11
2018-04-12,37082,14.976,10.49,102,4,3,12
2018-04-13,37082,13.078,11.98,103,4,4,13
