sales_curva_a.csv
date,item_nbr,unit_sales,price,day_of_year,month,day_of_week,day_of_month
2018-04-14,37082,13.53,11.98,104,4,5,14
2018-04-15,37082,15.996,11.98,105,4,6,15
2018-04-16,37082,8.59,11.98,106,4,0,16
2018-04-17,37082,12.662,11.98,107,4,1,17
2018-04-18,37082,18.852000000000004,10.49,108,4,2,18
2018-04-19,37082,14.368,10.49,109,4,3,19
2018-04-20,37082,16.509999999999998,11.98,110,4,4,20
2018-04-21,37082,17.243999999999996,11.98,111,4,5,21
2018-04-22,37082,8.326,11.98,112,4,6,22
2018-04-23,37082,9.504,11.98,113,4,0,23
2018-04-24,37082,6.62,11.98,114,4,1,24
2018-04-25,37082,21.846000000000004,10.49,115,4,2,25
2018-04-26,37082,20.392,10.49,116,4,3,26
2018-04-27,37082,12.03,11.98,117,4,4,27
2018-04-28,37082,11.122000000000002,11.98,118,4,5,28
2018-04-29,37082,14.660000000000004,11.98,119,4,6,29
2018-04-30,37082,15.764,11.98,120,4,0,30
2018-05-01,37082,0.0,11.98,121,5,1,1
2018-05-02,37082,23.290000000000003,10.49,122,5,2,2
2018-05-03,37082,22.739999999999995,10.49,123,5,3,3
2018-05-04,37082,7.234000000000001,11.98,124,5,4,4
2018-05-05,37082,7.528,11.98,125,5,5,5
2018-05-06,37082,11.374000000000002,11.98,126,5,6,6
2018-05-07,37082,13.397999999999996,11.98,127,5,0,7
2018-05-08,37082,9.706,11.98,128,5,1,8
2018-05-09,37082,24.394,10.49,129,5,2,9
2018-05-10,37082,17.939999999999998,10.49,130,5,3,10
2018-05-11,37082,5.342,11.98,131,5,4,11
2018-05-12,37082,10.518000000000002,11.98,132,5,5,12
2018-05-13,37082,4.686,11.98,133,5,6,13
2018-05-14,37082,6.916,11.98,134,5,0,14
2018-05-15,37082,11.13,11.98,135,5,1,15
2018-05-16,37082,22.380000000000003,10.49,136,5,2,16
2018-05-17,37082,16.842,10.49,137,5,3,17
2018-05-18,37082,9.422,11.98,138,5,4,18
2018-05-19,37082,13.053999999999998,12.89,139,5,5,19
2018-05-20,37082,6.166,12.89,140,5,6,20
2018-05-21,37082,6.056,12.89,141,5,0,21
2018-05-22,37082,5.966,12.89,142,5,1,22
2018-05-23,37082,14.973,10.49,143,5,2,23
2018-05-24,37082,5.892,10.49,144,5,3,24
2018-05-25,37082,4.722,12.89,145,5,4,25
2018-05-26,37082,7.0840000000000005,12.89,146,5,5,26
2018-05-27,37082,7.988,12.89,147,5,6,27
2018-05-28,37082,5.334,12.89,148,5,0,28
2018-05-29,37082,10.978,12.89,149,5,1,29
2018-05-30,37082,15.990000000000002,12.89,150,5,2,30
2018-05-31,37082,16.695999999999998,14.29,151,5,3,31
2018-06-01,37082,7.52,14.29,152,6,4,1
2018-06-02,37082,24.114,11.99,153,6,5,2
2018-06-03,37082,0.0,11.99,154,6,6,3
2018-06-04,37082,3.02,14.29,155,6,0,4
2018-06-05,37082,10.348,14.29,156,6,1,5
2018-06-06,37082,0.0,14.29,157,6,2,6
2018-06-07,37082,9.4,14.29,158,6,3,7
2018-06-08,37082,2.632,14.29,159,6,4,8
2018-06-09,37082,7.255999999999999,14.29,160,6,5,9
2018-06-10,37082,0.0,14.29,161,6,6,10
2018-06-11,37082,5.047999999999999,14.29,162,6,0,11
2018-06-12,37082,4.706,14.29,163,6,1,12
2018-06-13,37082,15.732,14.29,164,6,2,13
2018-06-14,37082,20.886000000000003,14.29,165,6,3,14
2018-06-15,37082,11.413,13.97,166,6,4,15
2018-06-16,37082,1.966,13.97,167,6,5,16
2018-06-17,37082,0.0,13.97,168,6,6,17
2018-06-18,37082,4.0440000000000005,13.97,169,6,0,18
2018-06-19,37082,7.776000000000001,13.97,170,6,1,19
2018-06-20,37082,13.82,13.97,171,6,2,20
2018-06-21,37082,25.63,13.97,172,6,3,21
2018-06-22,37082,1.382,13.97,173,6,4,22
2018-06-23,37082,6.032000000000001,13.97,174,6,5,23
2018-06-24,37082,8.088,13.97,175,6,6,24
2018-06-25,37082,11.304000000000002,13.97,176,6,0,25
2018-06-26,37082,3.748,13.97,177,6,1,26
2018-06-27,37082,16.868000000000002,11.8,178,6,2,27
2018-06-28,37082,0.0,11.8,179,6,3,28
2018-06-29,37082,9.154,13.97,180,6,4,29
2018-06-30,37082,16.312,13.97,181,6,5,30
2018-07-01,37082,12.04,13.97,182,7,6,1
2018-07-02,37082,3.968,13.97,183,7,0,2
2018-07-03,37082,0.0,13.97,184,7,1,3
2018-07-04,37082,29.750000000000004,10.99,185,7,2,4
2018-07-05,37082,4.43,10.99,186,7,3,5
2018-07-06,37082,13.052,13.97,187,7,4,6
2018-07-07,37082,3.552,13.97,188,7,5,7
2018-07-08,37082,11.05,13.97,189,7,6,8
2018-07-09,37082,13.134,13.97,190,7,0,9
2018-07-10,37082,0.0,13.97,191,7,1,10
2018-07-11,37082,9.122,10.69,192,7,2,11
2018-07-12,37082,18.912000000000003,10.69,193,7,3,12
2018-07-13,37082,11.382,13.97,194,7,4,13
2018-07-14,37082,5.554,13.97,195,7,5,14
2018-07-15,37082,16.424,13.97,196,7,6,15
2018-07-16,37082,12.428,13.97,197,7,0,16
2018-07-17,37082,8.654,13.97,198,7,1,17
2018-07-18,37082,28.308000000000003,10.89,199,7,2,18
2018-07-19,37082,15.114,10.89,200,7,3,19
2018-07-20,37082,13.19,13.97,201,7,4,20
2018-07-21,37082,13.11,13.97,202,7,5,21
2018-07-22,37082,5.152,13.97,203,7,6,22
2018-07-23,37082,12.611999999999998,13.97,204,7,0,23
2018-07-24,37082,11.592,13.97,205,7,1,24
2018-07-25,37082,20.194,10.59,206,7,2,25
2018-07-26,37082,12.454,10.59,207,7,3,26
2018-07-27,37082,6.653,13.97,208,7,4,27
2018-07-28,37082,11.192000000000002,13.97,209,7,5,28
2018-07-29,37082,9.942,13.97,210,7,6,29
2018-07-30,37082,9.528,13.97,211,7,0,30
2018-07-31,37082,17.419999999999998,13.97,212,7,1,31
2018-08-01,37082,37.826,10.39,213,8,2,1
2018-08-02,37082,44.30399999999999,10.39,214,8,3,2
2018-08-03,37082,7.877999999999999,13.97,215,8,4,3
2018-08-04,37082,10.37,13.97,216,8,5,4
2018-08-05,37082,15.090000000000003,13.97,217,8,6,5
2018-08-06,37082,15.682000000000004,13.97,218,8,0,6
2018-08-07,37082,9.592,13.97,219,8,1,7
2018-08-08,37082,26.781,9.99,220,8,2,8
2018-08-09,37082,17.124,9.99,221,8,3,9
2018-08-10,37082,3.33,13.97,222,8,4,10
2018-08-11,37082,9.004,13.97,223,8,5,11
2018-08-12,37082,3.992,13.97,224,8,6,12
2018-08-13,37082,18.030000000000005,13.97,225,8,0,13
2018-08-14,37082,9.616,13.97,226,8,1,14
2018-08-15,37082,29.004,9.99,227,8,2,15
2018-08-16,37082,25.17,9.99,228,8,3,16
2018-08-17,37082,16.845,13.97,229,8,4,17
2018-08-18,37082,5.879,13.45,230,8,5,18
2018-08-19,37082,17.738,13.45,231,8,6,19
2018-08-20,37082,21.781,13.97,232,8,0,20
2018-08-21,37082,1.092,13.97,233,8,1,21
2018-08-22,37082,3.674,10.29,234,8,2,22
2018-08-23,37082,13.494,10.29,235,8,3,23
2018-08-24,37082,8.812999999999999,13.97,236,8,4,24
2018-08-25,37082,10.568,13.97,237,8,5,25
2018-08-26,37082,14.62,13.97,238,8,6,26
2018-08-27,37082,4.632,13.97,239,8,0,27
2018-08-28,37082,2.712,13.97,240,8,1,28
2018-08-29,37082,24.265000000000004,10.39,241,8,2,29
2018-08-30,37082,23.08,10.39,242,8,3,30
2018-08-31,37082,20.106,13.97,243,8,4,31
2018-09-01,37082,16.822999999999997,12.99,244,9,5,1
2018-09-02,37082,18.12,12.99,245,9,6,2
2018-09-03,37082,6.254,12.99,246,9,0,3
2018-09-04,37082,19.902,12.99,247,9,1,4
2018-09-05,37082,34.68000000000001,10.59,248,9,2,5
2018-09-06,37082,27.583,10.59,249,9,3,6
2018-09-07,37082,16.163999999999998,12.99,250,9,4,7
2018-09-08,37082,16.152,12.99,251,9,5,8
2018-09-09,37082,0.0,12.99,252,9,6,9
2018-09-10,37082,11.312,12.99,253,9,0,10
2018-09-11,37082,15.457,12.99,254,9,1,11
2018-09-12,37082,20.848,10.99,255,9,2,12
2018-09-13,37082,24.678,10.99,256,9,3,13
2018-09-14,37082,7.399999999999999,12.99,257,9,4,14
2018-09-15,37082,2.674,12.99,258,9,5,15
2018-09-16,37082,7.07,12.99,259,9,6,16
2018-09-17,37082,9.997,12.99,260,9,0,17
2018-09-18,37082,8.502,12.99,261,9,1,18
2018-09-19,37082,29.223000000000003,11.39,262,9,2,19
2018-09-20,37082,0.0,11.39,263,9,3,20
2018-09-21,37082,0.0,11.39,264,9,4,21
2018-09-22,37082,7.324,12.99,265,9,5,22
2018-09-23,37082,8.236,12.99,266,9,6,23
2018-09-24,37082,12.634,12.99,267,9,0,24
2018-09-25,37082,10.074000000000002,12.99,268,9,1,25
2018-09-26,37082,26.555,11.39,269,9,2,26
2018-09-27,37082,24.916000000000004,11.39,270,9,3,27
2018-09-28,37082,14.035000000000002,12.99,271,9,4,28
2018-09-29,37082,22.468000000000004,12.99,272,9,5,29
2018-09-30,37082,4.682,12.99,273,9,6,30
2018-10-01,37082,11.424,12.99,274,10,0,1
2018-10-02,37082,10.855000000000002,12.99,275,10,1,2
2018-10-03,37082,30.176,11.39,276,10,2,3
2018-10-04,37082,14.122999999999998,11.39,277,10,3,4
2018-10-05,37082,11.155,12.99,278,10,4,5
2018-10-06,37082,8.045,12.99,279,10,5,6
2018-10-07,37082,14.872000000000002,12.99,280,10,6,7
2018-10-08,37082,5.7620000000000005,12.99,281,10,0,8
2018-10-09,37082,9.493000000000002,12.99,282,10,1,9
2018-10-10,37082,50.53199999999999,11.39,283,10,2,10
2018-10-11,37082,16.742,11.39,284,10,3,11
2018-10-12,37082,8.564,12.99,285,10,4,12
2018-10-13,37082,10.546,12.99,286,10,5,13
2018-10-14,37082,5.484999999999999,12.99,287,10,6,14
2018-10-15,37082,3.716,12.99,288,10,0,15
2018-10-16,37082,9.37,12.99,289,10,1,16
2018-10-17,37082,20.729000000000003,11.59,290,10,2,17
2018-10-18,37082,21.398,11.59,291,10,3,18
2018-10-19,37082,9.858,12.99,292,10,4,19
2018-10-20,37082,8.299999999999999,12.99,293,10,5,20
2018-10-21,37082,10.289,12.99,294,10,6,21
2018-10-22,37082,8.454999999999998,12.99,295,10,0,22
2018-10-23,37082,9.486,12.99,296,10,1,23
2018-10-24,37082,25.917000000000005,11.59,297,10,2,24
2018-10-25,37082,19.58,11.59,298,10,3,25
2018-10-26,37082,8.178,12.99,299,10,4,26
2018-10-27,37082,11.288,12.99,300,10,5,27
2018-10-28,37082,17.998,12.99,301,10,6,28
2018-10-29,37082,19.56,12.99,302,10,0,29
2018-10-30,37082,18.404000000000003,12.99,303,10,1,30
2018-10-31,37082,25.869,11.49,304,10,2,31
2018-11-01,37082,35.398999999999994,11.49,305,11,3,1
2018-11-02,37082,17.344,12.99,306,11,4,2
2018-11-03,37082,3.696,12.99,307,11,5,3
2018-11-04,37082,15.468000000000002,12.99,308,11,6,4
2018-11-05,37082,11.239999999999998,12.99,309,11,0,5
2018-11-06,37082,11.02,12.99,310,11,1,6
2018-11-07,37082,27.456,11.19,311,11,2,7
2018-11-08,37082,21.045,11.19,312,11,3,8
2018-11-09,37082,2.778,12.99,313,11,4,9
2018-11-10,37082,10.976,12.99,314,11,5,10
2018-11-11,37082,9.331,12.99,315,11,6,11
2018-11-12,37082,5.224,12.99,316,11,0,12
2018-11-13,37082,9.127,12.99,317,11,1,13
2018-11-14,37082,26.359000000000005,10.99,318,11,2,14
2018-11-15,37082,16.592,10.99,319,11,3,15
2018-11-16,37082,12.513,12.99,320,11,4,16
2018-11-17,37082,10.406000000000002,12.99,321,11,5,17
2018-11-18,37082,6.734999999999999,12.99,322,11,6,18
2018-11-19,37082,9.692,12.99,323,11,0,19
2018-11-20,37082,9.426000000000002,12.99,324,11,1,20
2018-11-21,37082,16.859,11.19,325,11,2,21
2018-11-22,37082,7.864000000000001,11.19,326,11,3,22
2018-11-23,37082,7.816,12.99,327,11,4,23
2018-11-24,37082,7.084,12.99,328,11,5,24
2018-11-25,37082,14.427,12.99,329,11,6,25
2018-11-26,37082,4.683999999999999,12.99,330,11,0,26
2018-11-27,37082,11.845999999999998,12.99,331,11,1,27
2018-11-28,37082,10.723999999999998,11.19,332,11,2,28
2018-11-29,37082,20.596,11.19,333,11,3,29
2018-11-30,37082,11.187,12.99,334,11,4,30
2018-12-01,37082,17.083000000000002,12.99,335,12,5,1
2018-12-02,37082,15.413,12.99,336,12,6,2
2018-12-03,37082,14.319,12.99,337,12,0,3
2018-12-04,37082,9.652,12.99,338,12,1,4
2018-12-05,37082,29.905000000000005,11.19,339,12,2,5
2018-12-06,37082,3.792,11.19,340,12,3,6
2018-12-07,37082,14.955,12.99,341,12,4,7
2018-12-08,37082,8.399000000000001,12.99,342,12,5,8
2018-12-09,37082,18.581000000000003,12.99,343,12,6,9
2018-12-10,37082,5.588,12.99,344,12,0,10
2018-12-11,37082,6.343,12.99,345,12,1,11
2018-12-12,37082,19.33,11.19,346,12,2,12
2018-12-13,37082,11.391,11.19,347,12,3,13
2018-12-14,37082,8.935,12.99,348,12,4,14
2018-12-15,37082,6.492,12.99,349,12,5,15
2018-12-16,37082,22.342,12.99,350,12,6,16
2018-12-17,37082,9.724,12.99,351,12,0,17
2018-12-18,37082,3.316,12.99,352,12,1,18
2018-12-19,37082,21.683,10.99,353,12,2,19
2018-12-20,37082,19.476,10.99,354,12,3,20
2018-12-21,37082,6.583,12.99,355,12,4,21
2018-12-22,37082,11.109000000000002,12.99,356,12,5,22
2018-12-23,37082,9.272,12.99,357,12,6,23
2018-12-24,37082,10.258,12.99,358,12,0,24
2018-12-25,37082,0.0,12.99,359,12,1,25
2018-12-26,37082,6.93,12.99,360,12,2,26
2018-12-27,37082,15.765999999999998,12.99,361,12,3,27
2018-12-28,37082,6.801,12.99,362,12,4,28
2018-12-29,37082,12.983999999999998,12.99,363,12,5,29
2018-12-30,37082,15.990000000000002,12.99,364,12,6,30
2018-12-31,37082,10.732,12.99,365,12,0,31
2019-01-01,37082,0.0,12.99,1,1,1,1
2019-01-02,37082,12.863,12.99,2,1,2,2
2019-01-03,37082,18.39,12.99,3,1,3,3
2019-01-04,37082,15.275,12.99,4,1,4,4
2019-01-05,37082,20.088000000000005,12.99,5,1,5,5
2019-01-06,37082,12.966,12.99,6,1,6,6
2019-01-07,37082,6.808,12.99,7,1,0,7
2019-01-08,37082,13.98,12.99,8,1,1,8
2019-01-09,37082,13.570999999999998,10.48,9,1,2,9
2019-01-10,37082,11.566,10.48,10,1,3,10
2019-01-11,37082,6.901999999999999,12.99,11,1,4,11
2019-01-12,37082,9.508,12.99,12,1,5,12
2019-01-13,37082,10.42,12.99,13,1,6,13
2019-01-14,37082,4.672,12.99,14,1,0,14
2019-01-15,37082,10.738,12.99,15,1,1,15
2019-01-16,37082,15.942,10.39,16,1,2,16
2019-01-17,37082,19.379,10.39,17,1,3,17
2019-01-18,37082,9.338,12.99,18,1,4,18
2019-01-19,37082,17.755,12.99,19,1,5,19
2019-01-20,37082,10.1,12.99,20,1,6,20
2019-01-21,37082,16.051000000000002,12.99,21,1,0,21
2019-01-22,37082,13.166,12.99,22,1,1,22
2019-01-23,37082,13.938,10.29,23,1,2,23
2019-01-24,37082,12.660000000000002,10.29,24,1,3,24
2019-01-25,37082,2.844,12.99,25,1,4,25
2019-01-26,37082,9.538,12.99,26,1,5,26
2019-01-27,37082,4.56,12.99,27,1,6,27
2019-01-28,37082,7.584,12.99,28,1,0,28
2019-01-29,37082,6.102,12.99,29,1,1,29
2019-01-30,37082,18.771,10.49,30,1,2,30
2019-01-31,37082,14.344999999999995,10.49,31,1,3,31
2019-02-01,37082,10.258,12.99,32,2,4,1
2019-02-02,37082,14.244,12.99,33,2,5,2
2019-02-03,37082,15.019999999999998,12.99,34,2,6,3
2019-02-04,37082,10.89,12.99,35,2,0,4
2019-02-05,37082,9.86,12.99,36,2,1,5
2019-02-06,37082,18.496,10.49,37,2,2,6
2019-02-07,37082,9.291,10.49,38,2,3,7
2019-02-08,37082,14.303999999999997,12.99,39,2,4,8
2019-02-09,37082,9.893999999999998,12.99,40,2,5,9
2019-02-10,37082,11.890999999999998,12.99,41,2,6,10
2019-02-11,37082,10.744000000000002,12.99,42,2,0,11
2019-02-12,37082,4.51,12.99,43,2,1,12
2019-02-13,37082,12.592,12.49,44,2,2,13
2019-02-14,37082,8.34,12.49,45,2,3,14
2019-02-15,37082,6.652,12.99,46,2,4,15
2019-02-16,37082,14.612,12.99,47,2,5,16
2019-02-17,37082,10.36,12.99,48,2,6,17
2019-02-18,37082,8.154,12.99,49,2,0,18
2019-02-19,37082,6.978000000000001,12.99,50,2,1,19
2019-02-20,37082,11.523,12.39,51,2,2,20
2019-02-21,37082,15.841,12.39,52,2,3,21
2019-02-22,37082,3.32,12.99,53,2,4,22
2019-02-23,37082,11.818,12.99,54,2,5,23
2019-02-24,37082,5.22,12.99,55,2,6,24
2019-02-25,37082,9.342000000000002,12.99,56,2,0,25
2019-02-26,37082,9.362,12.99,57,2,1,26
2019-02-27,37082,16.599999999999998,12.49,58,2,2,27
2019-02-28,37082,19.816,12.49,59,2,3,28
2019-03-01,37082,16.107999999999997,12.99,60,3,4,1
2019-03-02,37082,14.177999999999995,12.99,61,3,5,2
2019-03-03,37082,13.584,12.99,62,3,6,3
2019-03-04,37082,18.706,12.99,63,3,0,4
2019-03-05,37082,10.964,12.99,64,3,1,5
2019-03-06,37082,15.359,12.49,65,3,2,6
2019-03-07,37082,14.684,12.49,66,3,3,7
2019-03-08,37082,11.2,12.99,67,3,4,8
2019-03-09,37082,23.424999999999997,12.99,68,3,5,9
2019-03-10,37082,6.642,12.99,69,3,6,10
2019-03-11,37082,6.788,13.34,70,3,0,11
2019-03-12,37082,5.77,13.69,71,3,1,12
2019-03-13,37082,20.92,12.49,72,3,2,13
2019-03-14,37082,16.283,12.49,73,3,3,14
2019-03-15,37082,10.376,13.69,74,3,4,15
2019-03-16,37082,16.138,13.69,75,3,5,16
2019-03-17,37082,12.067,13.69,76,3,6,17
2019-03-18,37082,4.09,13.69,77,3,0,18
2019-03-19,37082,14.372000000000002,13.69,78,3,1,19
2019-03-20,37082,11.108,12.49,79,3,2,20
2019-03-21,37082,10.386,12.49,80,3,3,21
2019-03-22,37082,8.868,13.69,81,3,4,22
2019-03-23,37082,9.02,13.69,82,3,5,23
2019-03-24,37082,7.468000000000001,13.69,83,3,6,24
2019-03-25,37082,8.738,13.69,84,3,0,25
2019-03-26,37082,10.882,13.69,85,3,1,26
2019-03-27,37082,11.236,12.49,86,3,2,27
2019-03-28,37082,8.292,12.49,87,3,3,28
2019-03-29,37082,3.733,13.69,88,3,4,29
2019-03-30,37082,17.39,13.69,89,3,5,30
2019-03-31,37082,13.034,13.69,90,3,6,31
2019-04-01,37082,8.953,13.69,91,4,0,1
2019-04-02,37082,8.645,13.69,92,4,1,2
2019-04-03,37082,21.556,13.49,93,4,2,3
2019-04-04,37082,18.496,13.49,94,4,3,4
2019-04-05,37082,4.795,13.69,95,4,4,5
2019-04-06,37082,15.524,13.69,96,4,5,6
2019-04-07,37082,8.112,13.69,97,4,6,7
2019-04-08,37082,1.944,13.69,98,4,0,8
2019-04-09,37082,6.870000000000001,13.69,99,4,1,9
2019-04-10,37082,11.124,13.49,100,4,2,10
2019-04-11,37082,10.704,13.49,101,4,3,11
2019-04-12,37082,2.33,13.69,102,4,4,12
2019-04-13,37082,10.678,13.69,103,4,5,13
2019-04-14,37082,10.608,13.69,104,4,6,14
2019-04-15,37082,6.700000000000001,13.69,105,4,0,15
2019-04-16,37082,10.126,13.69,106,4,1,16
2019-04-17,37082,5.741999999999999,13.49,107,4,2,17
2019-04-18,37082,7.951,13.49,108,4,3,18
2019-04-19,37082,0.618,13.69,109,4,4,19
2019-04-20,37082,5.539999999999999,13.69,110,4,5,20
2019-04-21,37082,10.528,13.69,111,4,6,21
2019-04-22,37082,3.486,13.69,112,4,0,22
2019-04-23,37082,7.878,13.69,113,4,1,23
2019-04-24,37082,11.894,13.49,114,4,2,24
2019-04-25,37082,11.784,13.49,115,4,3,25
2019-04-26,37082,6.656,13.69,116,4,4,26
2019-04-27,37082,10.18,13.69,117,4,5,27
2019-04-28,37082,6.512,13.69,118,4,6,28
2019-04-29,37082,6.116,13.69,119,4,0,29
2019-04-30,37082,8.516,13.69,120,4,1,30
2017-01-02,44516,21.358,12.89,2,1,0,2
2017-01-03,44516,9.664,12.89,3,1,1,3
2017-01-04,44516,37.893,10.39,4,1,2,4
2017-01-05,44516,43.19,10.39,5,1,3,5
2017-01-06,44516,7.045999999999999,12.89,6,1,4,6
2017-01-07,44516,18.416,12.89,7,1,5,7
2017-01-08,44516,6.932,12.89,8,1,6,8
2017-01-09,44516,11.204,12.89,9,1,0,9
2017-01-10,44516,4.99,12.89,10,1,1,10
2017-01-11,44516,19.239,10.59,11,1,2,11
2017-01-12,44516,23.928000000000004,10.59,12,1,3,12
2017-01-13,44516,12.289,12.89,13,1,4,13
2017-01-14,44516,11.916000000000002,12.89,14,1,5,14
2017-01-15,44516,11.141999999999998,12.89,15,1,6,15
2017-01-16,44516,7.116000000000001,12.89,16,1,0,16
2017-01-17,44516,9.166,12.89,17,1,1,17
2017-01-18,44516,22.431,10.49,18,1,2,18
2017-01-19,44516,24.16,10.49,19,1,3,19
2017-01-20,44516,8.808,12.89,20,1,4,20
2017-01-21,44516,14.43,12.89,21,1,5,21
2017-01-22,44516,7.182,12.89,22,1,6,22
2017-01-23,44516,4.367999999999999,12.89,23,1,0,23
2017-01-24,44516,6.964,12.89,24,1,1,24
2017-01-25,44516,21.078999999999997,10.39,25,1,2,25
2017-01-26,44516,20.951999999999995,10.39,26,1,3,26
2017-01-27,44516,7.498,12.89,27,1,4,27
2017-01-28,44516,16.697000000000003,12.89,28,1,5,28
2017-01-29,44516,4.168,12.89,29,1,6,29
2017-01-30,44516,4.502,12.89,30,1,0,30
2017-01-31,44516,12.446000000000002,12.89,31,1,1,31
2017-02-01,44516,37.514,9.99,32,2,2,1
2017-02-02,44516,37.442,9.99,33,2,3,2
