sales_curva_a.csv
date,item_nbr,unit_sales,price,day_of_year,month,day_of_week,day_of_month
2017-02-03,44516,6.212,12.89,34,2,4,3
2017-02-04,44516,15.964,12.89,35,2,5,4
2017-02-05,44516,24.08,12.89,36,2,6,5
2017-02-06,44516,4.642,12.89,37,2,0,6
2017-02-07,44516,18.434,12.89,38,2,1,7
2017-02-08,44516,52.074000000000005,9.79,39,2,2,8
2017-02-09,44516,20.117,9.79,40,2,3,9
2017-02-10,44516,10.028,12.89,41,2,4,10
2017-02-11,44516,24.196,12.89,42,2,5,11
2017-02-12,44516,12.306,12.89,43,2,6,12
2017-02-13,44516,10.142,12.89,44,2,0,13
2017-02-14,44516,10.469,12.89,45,2,1,14
2017-02-15,44516,35.35900000000001,9.79,46,2,2,15
2017-02-16,44516,24.486,9.79,47,2,3,16
2017-02-17,44516,11.668,12.89,48,2,4,17
2017-02-18,44516,9.98,12.89,49,2,5,18
2017-02-19,44516,21.226,12.89,50,2,6,19
2017-02-20,44516,14.706,12.89,51,2,0,20
2017-02-21,44516,17.630000000000003,12.89,52,2,1,21
2017-02-22,44516,29.852000000000007,10.09,53,2,2,22
2017-02-23,44516,36.118,10.09,54,2,3,23
2017-02-24,44516,17.25,12.89,55,2,4,24
2017-02-25,44516,23.754,12.89,56,2,5,25
2017-02-26,44516,15.602,12.89,57,2,6,26
2017-02-27,44516,18.838,12.89,58,2,0,27
2017-02-28,44516,15.024,12.89,59,2,1,28
2017-03-01,44516,45.568,10.29,60,3,2,1
2017-03-02,44516,14.052,10.29,61,3,3,2
2017-03-03,44516,6.494,12.89,62,3,4,3
2017-03-04,44516,22.42,12.89,63,3,5,4
2017-03-05,44516,18.488,12.89,64,3,6,5
2017-03-06,44516,11.57,12.89,65,3,0,6
2017-03-07,44516,1.226,12.89,66,3,1,7
2017-03-08,44516,8.634,11.59,67,3,2,8
2017-03-09,44516,20.808,11.59,68,3,3,9
2017-03-10,44516,4.686,12.89,69,3,4,10
2017-03-11,44516,15.142,12.89,70,3,5,11
2017-03-12,44516,13.102,12.89,71,3,6,12
2017-03-13,44516,9.132,12.89,72,3,0,13
2017-03-14,44516,4.797,12.89,73,3,1,14
2017-03-15,44516,20.788000000000004,11.69,74,3,2,15
2017-03-16,44516,26.34,11.69,75,3,3,16
2017-03-17,44516,11.566,12.89,76,3,4,17
2017-03-18,44516,17.887,12.89,77,3,5,18
2017-03-19,44516,10.662,12.89,78,3,6,19
2017-03-20,44516,4.43,12.89,79,3,0,20
2017-03-21,44516,12.032000000000002,12.89,80,3,1,21
2017-03-22,44516,24.052,11.69,81,3,2,22
2017-03-23,44516,24.773000000000003,11.69,82,3,3,23
2017-03-24,44516,3.242,12.89,83,3,4,24
2017-03-25,44516,14.53,12.89,84,3,5,25
2017-03-26,44516,8.724,12.89,85,3,6,26
2017-03-27,44516,8.111,12.89,86,3,0,27
2017-03-28,44516,11.364,12.89,87,3,1,28
2017-03-29,44516,22.062000000000005,11.69,88,3,2,29
2017-03-30,44516,20.076,11.69,89,3,3,30
2017-03-31,44516,14.189,12.89,90,3,4,31
2017-04-01,44516,28.37700000000001,12.89,91,4,5,1
2017-04-02,44516,16.854000000000003,12.89,92,4,6,2
2017-04-03,44516,14.047000000000002,12.89,93,4,0,3
2017-04-04,44516,17.726,12.89,94,4,1,4
2017-04-05,44516,56.76899999999999,9.85,95,4,2,5
2017-04-06,44516,43.471,9.79,96,4,3,6
2017-04-07,44516,5.884,12.89,97,4,4,7
2017-04-08,44516,23.00500000000001,12.89,98,4,5,8
2017-04-09,44516,7.640000000000001,12.89,99,4,6,9
2017-04-10,44516,6.602,12.89,100,4,0,10
2017-04-11,44516,8.374,12.89,101,4,1,11
2017-04-12,44516,9.896,10.99,102,4,2,12
2017-04-13,44516,20.18,10.99,103,4,3,13
2017-04-14,44516,2.388,12.97,104,4,4,14
2017-04-15,44516,10.318,12.97,105,4,5,15
2017-04-16,44516,12.061999999999998,12.97,106,4,6,16
2017-04-17,44516,11.398,12.97,107,4,0,17
2017-04-18,44516,10.482,12.97,108,4,1,18
2017-04-19,44516,22.925999999999995,11.65,109,4,2,19
2017-04-20,44516,17.526,11.65,110,4,3,20
2017-04-21,44516,13.134,12.97,111,4,4,21
2017-04-22,44516,18.841999999999995,12.97,112,4,5,22
2017-04-23,44516,10.398,12.97,113,4,6,23
2017-04-24,44516,5.472,12.97,114,4,0,24
2017-04-25,44516,21.346,12.97,115,4,1,25
2017-04-26,44516,28.075000000000003,11.69,116,4,2,26
2017-04-27,44516,21.268,11.69,117,4,3,27
2017-04-28,44516,13.472,12.97,118,4,4,28
2017-04-29,44516,15.278,12.97,119,4,5,29
2017-04-30,44516,29.469999999999995,12.97,120,4,6,30
2017-05-01,44516,0.0,12.97,121,5,0,1
2017-05-02,44516,23.736,12.97,122,5,1,2
2017-05-03,44516,44.97500000000001,10.99,123,5,2,3
2017-05-04,44516,24.988999999999997,10.99,124,5,3,4
2017-05-05,44516,19.044,12.97,125,5,4,5
2017-05-06,44516,25.768,12.97,126,5,5,6
2017-05-07,44516,12.236,12.97,127,5,6,7
2017-05-08,44516,5.516,12.97,128,5,0,8
2017-05-09,44516,10.302,12.97,129,5,1,9
2017-05-10,44516,23.875,10.99,130,5,2,10
2017-05-11,44516,33.605999999999995,10.99,131,5,3,11
2017-05-12,44516,15.305,12.97,132,5,4,12
2017-05-13,44516,23.942000000000007,12.97,133,5,5,13
2017-05-14,44516,13.97,12.97,134,5,6,14
2017-05-15,44516,11.326,12.97,135,5,0,15
2017-05-16,44516,18.222,12.97,136,5,1,16
2017-05-17,44516,24.56300000000001,10.99,137,5,2,17
2017-05-18,44516,27.406,10.99,138,5,3,18
2017-05-19,44516,13.648,12.97,139,5,4,19
2017-05-20,44516,23.22,12.97,140,5,5,20
2017-05-21,44516,16.806,12.97,141,5,6,21
2017-05-22,44516,12.669,12.97,142,5,0,22
2017-05-23,44516,13.046,12.97,143,5,1,23
2017-05-24,44516,24.041,10.49,144,5,2,24
2017-05-25,44516,27.924,10.49,145,5,3,25
2017-05-26,44516,12.307999999999996,12.97,146,5,4,26
2017-05-27,44516,17.136000000000003,12.97,147,5,5,27
2017-05-28,44516,16.682,12.97,148,5,6,28
2017-05-29,44516,8.854,12.97,149,5,0,29
2017-05-30,44516,17.465,12.97,150,5,1,30
2017-05-31,44516,47.12500000000001,9.99,151,5,2,31
2017-06-01,44516,61.005,9.99,152,6,3,1
2017-06-02,44516,8.257,12.97,153,6,4,2
2017-06-03,44516,24.305000000000003,12.97,154,6,5,3
2017-06-04,44516,13.832,12.97,155,6,6,4
2017-06-05,44516,14.989,12.97,156,6,0,5
2017-06-06,44516,14.683999999999996,12.97,157,6,1,6
2017-06-07,44516,24.598,10.39,158,6,2,7
2017-06-08,44516,18.218,10.39,159,6,3,8
2017-06-09,44516,11.46,12.97,160,6,4,9
2017-06-10,44516,22.966,12.97,161,6,5,10
2017-06-11,44516,20.838,12.97,162,6,6,11
2017-06-12,44516,12.646,12.97,163,6,0,12
2017-06-13,44516,11.229,12.97,164,6,1,13
2017-06-14,44516,36.92700000000001,10.48,165,6,2,14
2017-06-15,44516,31.706,10.48,166,6,3,15
2017-06-16,44516,12.364,12.97,167,6,4,16
2017-06-17,44516,12.986,12.97,168,6,5,17
2017-06-18,44516,6.122000000000001,12.97,169,6,6,18
2017-06-19,44516,7.018,12.97,170,6,0,19
2017-06-20,44516,6.4830000000000005,12.97,171,6,1,20
2017-06-21,44516,41.967,10.28,172,6,2,21
2017-06-22,44516,17.072000000000003,10.28,173,6,3,22
2017-06-23,44516,7.882000000000001,12.97,174,6,4,23
2017-06-24,44516,8.661999999999999,12.97,175,6,5,24
2017-06-25,44516,14.101000000000004,12.97,176,6,6,25
2017-06-26,44516,9.558,12.97,177,6,0,26
2017-06-27,44516,4.005999999999999,12.97,178,6,1,27
2017-06-28,44516,36.55,9.99,179,6,2,28
2017-06-29,44516,32.678000000000004,9.99,180,6,3,29
2017-06-30,44516,7.655,12.97,181,6,4,30
2017-07-01,44516,15.726,12.97,182,7,5,1
2017-07-02,44516,19.178,12.97,183,7,6,2
2017-07-03,44516,14.541,12.97,184,7,0,3
2017-07-04,44516,11.804000000000002,12.97,185,7,1,4
2017-07-05,44516,39.620000000000005,9.89,186,7,2,5
2017-07-06,44516,42.01200000000001,9.89,187,7,3,6
2017-07-07,44516,8.628,12.97,188,7,4,7
2017-07-08,44516,9.242,12.97,189,7,5,8
2017-07-09,44516,7.465999999999999,12.97,190,7,6,9
2017-07-10,44516,12.141000000000002,12.97,191,7,0,10
2017-07-11,44516,5.641,12.97,192,7,1,11
2017-07-12,44516,40.96799999999999,9.89,193,7,2,12
2017-07-13,44516,23.892,9.89,194,7,3,13
2017-07-14,44516,5.276,12.97,195,7,4,14
2017-07-15,44516,6.811999999999999,12.97,196,7,5,15
2017-07-16,44516,16.42,12.97,197,7,6,16
2017-07-17,44516,8.585,12.97,198,7,0,17
2017-07-18,44516,5.148,12.97,199,7,1,18
2017-07-19,44516,34.873999999999995,9.09,200,7,2,19
2017-07-20,44516,25.90300000000001,9.09,201,7,3,20
2017-07-21,44516,7.102,12.97,202,7,4,21
2017-07-22,44516,15.822,12.97,203,7,5,22
2017-07-23,44516,14.913999999999998,12.97,204,7,6,23
2017-07-24,44516,10.236,12.97,205,7,0,24
2017-07-25,44516,15.688,12.97,206,7,1,25
2017-07-26,44516,46.948000000000015,8.99,207,7,2,26
2017-07-27,44516,26.599000000000004,8.99,208,7,3,27
2017-07-28,44516,8.406,12.97,209,7,4,28
2017-07-29,44516,10.754,12.97,210,7,5,29
2017-07-30,44516,12.244,12.97,211,7,6,30
2017-07-31,44516,12.348,12.97,212,7,0,31
2017-08-01,44516,13.42,12.97,213,8,1,1
2017-08-02,44516,52.07700000000001,9.49,214,8,2,2
2017-08-03,44516,45.236,9.49,215,8,3,3
2017-08-04,44516,8.884,12.97,216,8,4,4
2017-08-05,44516,16.674,12.97,217,8,5,5
2017-08-06,44516,11.626,12.97,218,8,6,6
2017-08-07,44516,8.914,12.97,219,8,0,7
2017-08-08,44516,7.890000000000001,12.97,220,8,1,8
2017-08-09,44516,23.226000000000003,10.59,221,8,2,9
2017-08-10,44516,20.428000000000004,10.59,222,8,3,10
2017-08-11,44516,5.0520000000000005,12.97,223,8,4,11
2017-08-12,44516,17.134,12.97,224,8,5,12
2017-08-13,44516,10.98,12.97,225,8,6,13
2017-08-14,44516,16.240000000000002,12.97,226,8,0,14
2017-08-15,44516,9.014,12.97,227,8,1,15
2017-08-16,44516,20.767,10.59,228,8,2,16
2017-08-17,44516,23.413,10.59,229,8,3,17
2017-08-18,44516,3.734,12.97,230,8,4,18
2017-08-19,44516,18.873,12.97,231,8,5,19
2017-08-20,44516,25.928,12.97,232,8,6,20
2017-08-21,44516,2.718,12.97,233,8,0,21
2017-08-22,44516,15.284,12.97,234,8,1,22
2017-08-23,44516,30.046,10.69,235,8,2,23
2017-08-24,44516,22.514,10.69,236,8,3,24
2017-08-25,44516,11.998,12.97,237,8,4,25
2017-08-26,44516,13.818,12.97,238,8,5,26
2017-08-27,44516,9.398,12.97,239,8,6,27
2017-08-28,44516,10.041,12.97,240,8,0,28
2017-08-29,44516,6.23,12.97,241,8,1,29
2017-08-30,44516,29.768,10.59,242,8,2,30
2017-08-31,44516,42.73000000000001,10.59,243,8,3,31
2017-09-01,44516,22.522,12.97,244,9,4,1
2017-09-02,44516,11.62,12.97,245,9,5,2
2017-09-03,44516,13.507,12.97,246,9,6,3
2017-09-04,44516,8.382,12.97,247,9,0,4
2017-09-05,44516,16.184,12.97,248,9,1,5
2017-09-06,44516,22.184,10.69,249,9,2,6
2017-09-07,44516,47.812,10.69,250,9,3,7
2017-09-08,44516,7.68,12.97,251,9,4,8
2017-09-09,44516,15.2,12.97,252,9,5,9
2017-09-10,44516,10.218,12.97,253,9,6,10
2017-09-11,44516,7.266000000000001,12.97,254,9,0,11
2017-09-12,44516,9.455000000000002,12.97,255,9,1,12
2017-09-13,44516,22.34500000000001,11.69,256,9,2,13
2017-09-14,44516,19.387999999999995,11.69,257,9,3,14
2017-09-15,44516,11.886,12.97,258,9,4,15
2017-09-16,44516,20.18,12.97,259,9,5,16
2017-09-17,44516,9.652,12.97,260,9,6,17
2017-09-18,44516,12.060000000000002,12.97,261,9,0,18
2017-09-19,44516,12.984,12.97,262,9,1,19
2017-09-20,44516,39.07599999999999,11.39,263,9,2,20
2017-09-21,44516,21.388000000000005,11.39,264,9,3,21
2017-09-22,44516,3.1940000000000004,12.97,265,9,4,22
2017-09-23,44516,11.086000000000002,12.97,266,9,5,23
2017-09-24,44516,14.274000000000004,12.97,267,9,6,24
2017-09-25,44516,14.095999999999998,12.97,268,9,0,25
2017-09-26,44516,5.06,12.97,269,9,1,26
2017-09-27,44516,24.642000000000003,10.69,270,9,2,27
2017-09-28,44516,36.78,10.69,271,9,3,28
2017-09-29,44516,9.257,12.97,272,9,4,29
2017-09-30,44516,12.83,12.97,273,9,5,30
2017-10-01,44516,19.107,12.97,274,10,6,1
2017-10-02,44516,16.480000000000004,12.97,275,10,0,2
2017-10-03,44516,6.924000000000001,12.97,276,10,1,3
2017-10-04,44516,34.809,10.68,277,10,2,4
2017-10-05,44516,44.937000000000005,10.68,278,10,3,5
2017-10-06,44516,17.826999999999998,10.68,279,10,4,6
2017-10-07,44516,13.506,12.97,280,10,5,7
2017-10-08,44516,15.586,12.97,281,10,6,8
2017-10-09,44516,7.87,12.97,282,10,0,9
2017-10-10,44516,8.168,12.97,283,10,1,10
2017-10-11,44516,27.26,10.69,284,10,2,11
2017-10-12,44516,34.777,10.69,285,10,3,12
2017-10-13,44516,11.662,12.97,286,10,4,13
2017-10-14,44516,14.35,12.97,287,10,5,14
2017-10-15,44516,11.53,12.97,288,10,6,15
2017-10-16,44516,13.640000000000002,12.97,289,10,0,16
2017-10-17,44516,9.954,12.97,290,10,1,17
2017-10-18,44516,37.892,10.67,291,10,2,18
2017-10-19,44516,17.918,10.48,292,10,3,19
2017-10-20,44516,12.083,12.97,293,10,4,20
2017-10-21,44516,8.646,12.97,294,10,5,21
2017-10-22,44516,15.897,12.97,295,10,6,22
2017-10-23,44516,14.147999999999998,12.97,296,10,0,23
2017-10-24,44516,10.796,12.97,297,10,1,24
2017-10-25,44516,39.75,10.39,298,10,2,25
2017-10-26,44516,40.81800000000001,10.39,299,10,3,26
2017-10-27,44516,6.0840000000000005,12.97,300,10,4,27
2017-10-28,44516,15.232,12.97,301,10,5,28
2017-10-29,44516,12.062,12.97,302,10,6,29
2017-10-30,44516,17.144000000000002,12.97,303,10,0,30
2017-10-31,44516,13.304000000000002,12.97,304,10,1,31
2017-11-01,44516,39.70399999999999,10.48,305,11,2,1
2017-11-02,44516,32.264,10.48,306,11,3,2
2017-11-03,44516,10.881,12.97,307,11,4,3
2017-11-04,44516,7.469999999999999,12.97,308,11,5,4
2017-11-05,44516,15.636,12.97,309,11,6,5
2017-11-06,44516,14.22,12.97,310,11,0,6
2017-11-07,44516,15.566000000000004,12.97,311,11,1,7
2017-11-08,44516,39.191,10.49,312,11,2,8
2017-11-09,44516,35.035999999999994,10.49,313,11,3,9
2017-11-10,44516,9.724,12.97,314,11,4,10
2017-11-11,44516,20.062,12.97,315,11,5,11
2017-11-12,44516,13.699000000000003,9.67,316,11,6,12
2017-11-13,44516,8.442,12.97,317,11,0,13
2017-11-14,44516,3.862,12.97,318,11,1,14
2017-11-15,44516,60.98899999999998,9.29,319,11,2,15
2017-11-16,44516,35.939,9.29,320,11,3,16
2017-11-17,44516,0.0,9.29,321,11,4,17
2017-11-18,44516,10.37,12.97,322,11,5,18
2017-11-19,44516,13.416,12.97,323,11,6,19
2017-11-20,44516,2.015,12.97,324,11,0,20
2017-11-21,44516,6.226,12.97,325,11,1,21
2017-11-22,44516,40.24099999999999,9.89,326,11,2,22
2017-11-23,44516,37.82999999999999,9.89,327,11,3,23
2017-11-24,44516,5.082,12.97,328,11,4,24
2017-11-25,44516,21.32,12.97,329,11,5,25
2017-11-26,44516,8.8,12.97,330,11,6,26
2017-11-27,44516,6.018000000000001,12.97,331,11,0,27
2017-11-28,44516,7.771,12.97,332,11,1,28
2017-11-29,44516,14.223999999999998,12.97,333,11,2,29
2017-11-30,44516,21.46,12.97,334,11,3,30
2017-12-01,44516,25.562,12.97,335,12,4,1
2017-12-02,44516,17.066000000000003,12.97,336,12,5,2
2017-12-03,44516,18.741,12.97,337,12,6,3
2017-12-04,44516,16.012,12.97,338,12,0,4
2017-12-05,44516,20.862,12.97,339,12,1,5
2017-12-06,44516,61.234,10.87,340,12,2,6
2017-12-07,44516,40.884,10.87,341,12,3,7
2017-12-08,44516,9.346,12.97,342,12,4,8
2017-12-09,44516,18.386,12.97,343,12,5,9
2017-12-10,44516,11.734,12.97,344,12,6,10
2017-12-11,44516,8.4,12.97,345,12,0,11
2017-12-12,44516,8.741999999999999,12.97,346,12,1,12
2017-12-13,44516,29.83,10.69,347,12,2,13
2017-12-14,44516,16.38,10.69,348,12,3,14
2017-12-15,44516,12.146,12.97,349,12,4,15
2017-12-16,44516,12.69,12.97,350,12,5,16
2017-12-17,44516,22.662000000000003,12.97,351,12,6,17
2017-12-18,44516,11.046,12.97,352,12,0,18
2017-12-19,44516,12.272000000000002,12.97,353,12,1,19
2017-12-20,44516,23.884,9.69,354,12,2,20
2017-12-21,44516,15.581999999999995,9.69,355,12,3,21
2017-12-22,44516,13.829000000000002,12.97,356,12,4,22
2017-12-23,44516,10.21,12.97,357,12,5,23
2017-12-24,44516,8.288,12.97,358,12,6,24
2017-12-25,44516,0.0,12.97,359,12,0,25
2017-12-26,44516,13.364,12.97,360,12,1,26
2017-12-27,44516,35.938,9.69,361,12,2,27
2017-12-28,44516,26.020000000000003,9.69,362,12,3,28
2017-12-29,44516,14.812,12.97,363,12,4,29
2017-12-30,44516,17.324,12.97,364,12,5,30
2017-12-31,44516,23.386,12.97,365,12,6,31
2018-01-01,44516,0.0,12.97,1,1,0,1
2018-01-02,44516,14.820000000000002,12.97,2,1,1,2
2018-01-03,44516,43.233,9.69,3,1,2,3
2018-01-04,44516,31.244999999999997,9.69,4,1,3,4
2018-01-05,44516,13.734000000000002,12.97,5,1,4,5
2018-01-06,44516,10.968,12.97,6,1,5,6
2018-01-07,44516,14.46,12.97,7,1,6,7
2018-01-08,44516,16.682,12.97,8,1,0,8
2018-01-09,44516,16.189999999999998,12.97,9,1,1,9
2018-01-10,44516,57.025000000000006,9.78,10,1,2,10
2018-01-11,44516,31.138,9.78,11,1,3,11
2018-01-12,44516,11.291999999999998,12.97,12,1,4,12
2018-01-13,44516,15.494000000000003,12.97,13,1,5,13
2018-01-14,44516,15.704,12.97,14,1,6,14
2018-01-15,44516,9.062,12.97,15,1,0,15
2018-01-16,44516,12.102000000000002,12.97,16,1,1,16
2018-01-17,44516,41.62600000000001,9.58,17,1,2,17
2018-01-18,44516,32.650000000000006,9.58,18,1,3,18
2018-01-19,44516,16.752000000000002,12.97,19,1,4,19
2018-01-20,44516,15.588,12.97,20,1,5,20
2018-01-21,44516,12.005999999999998,12.97,21,1,6,21
2018-01-22,44516,13.126,12.97,22,1,0,22
2018-01-23,44516,23.822,12.97,23,1,1,23
2018-01-24,44516,46.52799999999999,9.39,24,1,2,24
2018-01-25,44516,24.496,9.39,25,1,3,25
2018-01-26,44516,10.632,12.97,26,1,4,26
2018-01-27,44516,18.097999999999992,12.97,27,1,5,27
2018-01-28,44516,15.806,12.97,28,1,6,28
2018-01-29,44516,9.706,12.97,29,1,0,29
2018-01-30,44516,9.578,12.97,30,1,1,30
2018-01-31,44516,50.43500000000001,8.99,31,1,2,31
2018-02-01,44516,40.23400000000001,8.99,32,2,3,1
2018-02-02,44516,17.509999999999998,12.97,33,2,4,2
2018-02-03,44516,17.727999999999998,12.97,34,2,5,3
2018-02-04,44516,19.774000000000004,12.97,35,2,6,4
2018-02-05,44516,12.226,12.97,36,2,0,5
2018-02-06,44516,20.756,12.97,37,2,1,6
2018-02-07,44516,50.92,8.99,38,2,2,7
2018-02-08,44516,44.85399999999999,8.99,39,2,3,8
2018-02-09,44516,7.266,12.97,40,2,4,9
2018-02-10,44516,26.256000000000004,12.97,41,2,5,10
2018-02-11,44516,9.406,12.97,42,2,6,11
2018-02-12,44516,12.606,12.97,43,2,0,12
2018-02-13,44516,18.222,12.97,44,2,1,13
2018-02-14,44516,25.455,9.29,45,2,2,14
2018-02-15,44516,37.023,9.29,46,2,3,15
2018-02-16,44516,12.452,12.97,47,2,4,16
2018-02-17,44516,18.978,12.97,48,2,5,17
2018-02-18,44516,19.334,12.97,49,2,6,18
2018-02-19,44516,20.538,12.97,50,2,0,19
2018-02-20,44516,12.73,12.97,51,2,1,20
2018-02-21,44516,45.23299999999999,9.59,52,2,2,21
2018-02-22,44516,31.096000000000004,9.59,53,2,3,22
2018-02-23,44516,10.03,12.97,54,2,4,23
2018-02-24,44516,12.836,12.97,55,2,5,24
2018-02-25,44516,10.388,12.97,56,2,6,25
2018-02-26,44516,8.228,12.97,57,2,0,26
2018-02-27,44516,10.996,12.97,58,2,1,27
2018-02-28,44516,51.99000000000001,9.49,59,2,2,28
2018-03-01,44516,30.762,9.49,60,3,3,1
2018-03-02,44516,22.154,12.97,61,3,4,2
2018-03-03,44516,26.276,12.97,62,3,5,3
2018-03-04,44516,20.722,12.97,63,3,6,4
2018-03-05,44516,9.83,12.97,64,3,0,5
2018-03-06,44516,14.418,12.97,65,3,1,6
2018-03-07,44516,52.527,9.99,66,3,2,7
2018-03-08,44516,56.35000000000001,9.99,67,3,3,8
2018-03-09,44516,12.438,12.97,68,3,4,9
2018-03-10,44516,9.05,12.97,69,3,5,10
2018-03-11,44516,16.653999999999996,12.97,70,3,6,11
2018-03-12,44516,8.024000000000001,12.97,71,3,0,12
2018-03-13,44516,20.838,12.97,72,3,1,13
2018-03-14,44516,40.92699999999999,9.99,73,3,2,14
2018-03-15,44516,48.286,9.99,74,3,3,15
2018-03-16,44516,10.5,12.97,75,3,4,16
2018-03-17,44516,16.016000000000005,12.97,76,3,5,17
2018-03-18,44516,13.267,12.97,77,3,6,18
2018-03-19,44516,12.12,12.97,78,3,0,19
