sales_curva_a.csv
date,item_nbr,unit_sales,price,day_of_year,month,day_of_week,day_of_month
2018-03-20,44516,14.24,12.97,79,3,1,20
2018-03-21,44516,21.016,9.89,80,3,2,21
2018-03-22,44516,45.27600000000001,9.89,81,3,3,22
2018-03-23,44516,15.623,12.97,82,3,4,23
2018-03-24,44516,13.144000000000002,12.97,83,3,5,24
2018-03-25,44516,19.778,12.97,84,3,6,25
2018-03-26,44516,7.352,12.97,85,3,0,26
2018-03-27,44516,8.702,12.97,86,3,1,27
2018-03-28,44516,24.312,9.59,87,3,2,28
2018-03-29,44516,16.927,9.59,88,3,3,29
2018-03-30,44516,10.582,12.97,89,3,4,30
2018-03-31,44516,18.016,12.97,90,3,5,31
2018-04-01,44516,15.468,12.97,91,4,6,1
2018-04-02,44516,25.412,12.97,92,4,0,2
2018-04-03,44516,2.276,12.97,93,4,1,3
2018-04-04,44516,53.255,9.59,94,4,2,4
2018-04-05,44516,55.648,9.59,95,4,3,5
2018-04-06,44516,13.444,12.97,96,4,4,6
2018-04-07,44516,17.946000000000005,12.97,97,4,5,7
2018-04-08,44516,23.604,12.97,98,4,6,8
2018-04-09,44516,15.328,12.97,99,4,0,9
2018-04-10,44516,7.872000000000001,12.97,100,4,1,10
2018-04-11,44516,33.875,9.79,101,4,2,11
2018-04-12,44516,31.49600000000001,9.79,102,4,3,12
2018-04-13,44516,15.329999999999997,12.97,103,4,4,13
2018-04-14,44516,17.124000000000002,12.97,104,4,5,14
2018-04-15,44516,17.182000000000002,12.97,105,4,6,15
2018-04-16,44516,6.3180000000000005,12.97,106,4,0,16
2018-04-17,44516,8.526,12.97,107,4,1,17
2018-04-18,44516,57.184000000000005,9.99,108,4,2,18
2018-04-19,44516,43.750000000000014,9.99,109,4,3,19
2018-04-20,44516,5.878,12.97,110,4,4,20
2018-04-21,44516,20.484,12.97,111,4,5,21
2018-04-22,44516,6.930000000000001,12.97,112,4,6,22
2018-04-23,44516,14.578,12.97,113,4,0,23
2018-04-24,44516,14.432000000000002,12.97,114,4,1,24
2018-04-25,44516,55.292,9.99,115,4,2,25
2018-04-26,44516,30.58600000000001,9.99,116,4,3,26
2018-04-27,44516,13.747,12.97,117,4,4,27
2018-04-28,44516,13.810000000000002,12.97,118,4,5,28
2018-04-29,44516,18.38,12.97,119,4,6,29
2018-04-30,44516,16.334,12.97,120,4,0,30
2018-05-01,44516,15.958,12.97,121,5,1,1
2018-05-02,44516,50.704,9.89,122,5,2,2
2018-05-03,44516,45.48800000000001,9.89,123,5,3,3
2018-05-04,44516,9.384,12.97,124,5,4,4
2018-05-05,44516,23.877999999999997,12.97,125,5,5,5
2018-05-06,44516,15.186,12.97,126,5,6,6
2018-05-07,44516,6.754,12.97,127,5,0,7
2018-05-08,44516,12.09,12.97,128,5,1,8
2018-05-09,44516,48.256,10.29,129,5,2,9
2018-05-10,44516,30.976000000000003,10.29,130,5,3,10
2018-05-11,44516,15.102,12.97,131,5,4,11
2018-05-12,44516,10.37,12.97,132,5,5,12
2018-05-13,44516,10.13,12.97,133,5,6,13
2018-05-14,44516,13.391999999999998,12.97,134,5,0,14
2018-05-15,44516,11.43,12.97,135,5,1,15
2018-05-16,44516,32.236,10.39,136,5,2,16
2018-05-17,44516,30.278,10.39,137,5,3,17
2018-05-18,44516,22.77800000000001,12.97,138,5,4,18
2018-05-19,44516,17.419999999999998,12.97,139,5,5,19
2018-05-20,44516,9.532,12.97,140,5,6,20
2018-05-21,44516,13.284000000000002,12.97,141,5,0,21
2018-05-22,44516,7.584,12.97,142,5,1,22
2018-05-23,44516,29.649000000000008,10.09,143,5,2,23
2018-05-24,44516,40.74400000000001,10.09,144,5,3,24
2018-05-25,44516,16.949999999999996,12.97,145,5,4,25
2018-05-26,44516,29.122,12.97,146,5,5,26
2018-05-27,44516,18.356,12.97,147,5,6,27
2018-05-28,44516,18.898,12.97,148,5,0,28
2018-05-29,44516,13.404000000000002,12.97,149,5,1,29
2018-05-30,44516,35.315999999999995,12.97,150,5,2,30
2018-05-31,44516,24.444000000000003,12.97,151,5,3,31
2018-06-01,44516,21.202,12.97,152,6,4,1
2018-06-02,44516,22.320000000000004,12.99,153,6,5,2
2018-06-03,44516,0.868,12.99,154,6,6,3
2018-06-04,44516,7.512,12.99,155,6,0,4
2018-06-05,44516,13.752,12.99,156,6,1,5
2018-06-06,44516,16.87,12.99,157,6,2,6
2018-06-07,44516,32.406,12.99,158,6,3,7
2018-06-08,44516,13.675999999999998,12.99,159,6,4,8
2018-06-09,44516,23.662000000000003,12.99,160,6,5,9
2018-06-10,44516,10.594,12.99,161,6,6,10
2018-06-11,44516,6.014,12.99,162,6,0,11
2018-06-12,44516,6.24,12.99,163,6,1,12
2018-06-13,44516,33.687999999999995,11.49,164,6,2,13
2018-06-14,44516,24.751999999999995,11.49,165,6,3,14
2018-06-15,44516,7.473,12.99,166,6,4,15
2018-06-16,44516,23.628,12.99,167,6,5,16
2018-06-17,44516,8.508,12.99,168,6,6,17
2018-06-18,44516,9.196,12.99,169,6,0,18
2018-06-19,44516,8.026,12.99,170,6,1,19
2018-06-20,44516,54.64800000000001,10.99,171,6,2,20
2018-06-21,44516,36.03600000000001,10.99,172,6,3,21
2018-06-22,44516,7.15,12.99,173,6,4,22
2018-06-23,44516,11.882,12.99,174,6,5,23
2018-06-24,44516,12.184,12.99,175,6,6,24
2018-06-25,44516,9.18,12.99,176,6,0,25
2018-06-26,44516,18.464,12.99,177,6,1,26
2018-06-27,44516,17.494,11.49,178,6,2,27
2018-06-28,44516,14.494000000000002,11.49,179,6,3,28
2018-06-29,44516,14.774,12.99,180,6,4,29
2018-06-30,44516,16.864,12.49,181,6,5,30
2018-07-01,44516,25.002,12.49,182,7,6,1
2018-07-02,44516,25.974,12.49,183,7,0,2
2018-07-03,44516,12.420000000000002,12.49,184,7,1,3
2018-07-04,44516,59.83800000000001,9.79,185,7,2,4
2018-07-05,44516,26.656,9.79,186,7,3,5
2018-07-06,44516,16.83,12.49,187,7,4,6
2018-07-07,44516,16.052,12.49,188,7,5,7
2018-07-08,44516,13.526000000000002,12.49,189,7,6,8
2018-07-09,44516,8.274,12.49,190,7,0,9
2018-07-10,44516,11.672,12.49,191,7,1,10
2018-07-11,44516,44.711,9.65,192,7,2,11
2018-07-12,44516,35.896,9.65,193,7,3,12
2018-07-13,44516,12.126,12.49,194,7,4,13
2018-07-14,44516,22.258,12.49,195,7,5,14
2018-07-15,44516,14.41,12.49,196,7,6,15
2018-07-16,44516,15.303999999999998,12.49,197,7,0,16
2018-07-17,44516,10.816,12.49,198,7,1,17
2018-07-18,44516,26.476,9.79,199,7,2,18
2018-07-19,44516,37.298,9.79,200,7,3,19
2018-07-20,44516,19.956,12.49,201,7,4,20
2018-07-21,44516,23.814000000000004,12.58,202,7,5,21
2018-07-22,44516,17.069999999999997,12.58,203,7,6,22
2018-07-23,44516,0.8740000000000001,12.58,204,7,0,23
2018-07-24,44516,15.878000000000002,12.58,205,7,1,24
2018-07-25,44516,49.847,9.69,206,7,2,25
2018-07-26,44516,28.860000000000003,9.69,207,7,3,26
2018-07-27,44516,14.047000000000002,12.58,208,7,4,27
2018-07-28,44516,8.034,12.58,209,7,5,28
2018-07-29,44516,16.398000000000003,12.58,210,7,6,29
2018-07-30,44516,5.286,12.58,211,7,0,30
2018-07-31,44516,25.57,12.58,212,7,1,31
2018-08-01,44516,62.294,9.89,213,8,2,1
2018-08-02,44516,34.819999999999986,9.89,214,8,3,2
2018-08-03,44516,14.595000000000002,12.58,215,8,4,3
2018-08-04,44516,21.55,12.58,216,8,5,4
2018-08-05,44516,18.284,12.58,217,8,6,5
2018-08-06,44516,12.068,12.58,218,8,0,6
2018-08-07,44516,11.834,12.58,219,8,1,7
2018-08-08,44516,38.183,9.99,220,8,2,8
2018-08-09,44516,35.556000000000004,9.99,221,8,3,9
2018-08-10,44516,6.790000000000001,12.58,222,8,4,10
2018-08-11,44516,17.446000000000005,12.58,223,8,5,11
2018-08-12,44516,9.44,12.58,224,8,6,12
2018-08-13,44516,8.17,12.58,225,8,0,13
2018-08-14,44516,12.339999999999998,12.58,226,8,1,14
2018-08-15,44516,45.746000000000016,10.09,227,8,2,15
2018-08-16,44516,14.369999999999996,10.09,228,8,3,16
2018-08-17,44516,10.973,12.58,229,8,4,17
2018-08-18,44516,16.437,11.98,230,8,5,18
2018-08-19,44516,10.582,11.98,231,8,6,19
2018-08-20,44516,6.718,12.58,232,8,0,20
2018-08-21,44516,7.034,12.58,233,8,1,21
2018-08-22,44516,23.64999999999999,10.39,234,8,2,22
2018-08-23,44516,24.682,10.39,235,8,3,23
2018-08-24,44516,4.73,12.58,236,8,4,24
2018-08-25,44516,14.554,12.58,237,8,5,25
2018-08-26,44516,15.127999999999998,12.58,238,8,6,26
2018-08-27,44516,5.572000000000001,12.58,239,8,0,27
2018-08-28,44516,15.500000000000002,12.58,240,8,1,28
2018-08-29,44516,33.754,10.49,241,8,2,29
2018-08-30,44516,27.166,10.49,242,8,3,30
2018-08-31,44516,20.715999999999998,12.58,243,8,4,31
2018-09-01,44516,18.189000000000004,11.99,244,9,5,1
2018-09-02,44516,28.039000000000005,11.99,245,9,6,2
2018-09-03,44516,15.277,11.99,246,9,0,3
2018-09-04,44516,12.902,11.99,247,9,1,4
2018-09-05,44516,46.409,10.69,248,9,2,5
2018-09-06,44516,41.433,10.69,249,9,3,6
2018-09-07,44516,21.637000000000004,11.99,250,9,4,7
2018-09-08,44516,8.936,11.99,251,9,5,8
2018-09-09,44516,15.519000000000002,11.99,252,9,6,9
2018-09-10,44516,14.859000000000002,11.99,253,9,0,10
2018-09-11,44516,9.032,11.99,254,9,1,11
2018-09-12,44516,22.586,11.09,255,9,2,12
2018-09-13,44516,19.201,11.09,256,9,3,13
2018-09-14,44516,16.413999999999998,11.99,257,9,4,14
2018-09-15,44516,7.456,11.99,258,9,5,15
2018-09-16,44516,11.414,11.99,259,9,6,16
2018-09-17,44516,11.053999999999998,11.99,260,9,0,17
2018-09-18,44516,8.331000000000001,11.99,261,9,1,18
2018-09-19,44516,22.518,11.49,262,9,2,19
2018-09-20,44516,41.38400000000001,11.49,263,9,3,20
2018-09-21,44516,10.672,11.99,264,9,4,21
2018-09-22,44516,13.572,11.99,265,9,5,22
2018-09-23,44516,9.355,11.99,266,9,6,23
2018-09-24,44516,5.410000000000001,11.99,267,9,0,24
2018-09-25,44516,5.854000000000001,11.99,268,9,1,25
2018-09-26,44516,15.522999999999998,11.49,269,9,2,26
2018-09-27,44516,24.504,11.49,270,9,3,27
2018-09-28,44516,9.167,11.99,271,9,4,28
2018-09-29,44516,14.29,11.99,272,9,5,29
2018-09-30,44516,25.46,11.99,273,9,6,30
2018-10-01,44516,24.951,11.99,274,10,0,1
2018-10-02,44516,21.012,11.99,275,10,1,2
2018-10-03,44516,33.966,11.49,276,10,2,3
2018-10-04,44516,31.94400000000001,11.49,277,10,3,4
2018-10-05,44516,15.064000000000002,11.99,278,10,4,5
2018-10-06,44516,18.396,11.99,279,10,5,6
2018-10-07,44516,11.89,11.99,280,10,6,7
2018-10-08,44516,7.457999999999999,11.99,281,10,0,8
2018-10-09,44516,5.46,11.99,282,10,1,9
2018-10-10,44516,33.294999999999995,11.49,283,10,2,10
2018-10-11,44516,25.389,11.49,284,10,3,11
2018-10-12,44516,23.326999999999995,11.99,285,10,4,12
2018-10-13,44516,10.088,11.99,286,10,5,13
2018-10-14,44516,10.774,11.99,287,10,6,14
2018-10-15,44516,8.213000000000001,11.99,288,10,0,15
2018-10-16,44516,6.997999999999999,11.99,289,10,1,16
2018-10-17,44516,27.844,11.99,290,10,2,17
2018-10-18,44516,26.051,11.99,291,10,3,18
2018-10-19,44516,7.088,11.99,292,10,4,19
2018-10-20,44516,16.652,11.99,293,10,5,20
2018-10-21,44516,16.421,11.99,294,10,6,21
2018-10-22,44516,1.894,11.99,295,10,0,22
2018-10-23,44516,9.420000000000002,11.99,296,10,1,23
2018-10-24,44516,21.406,11.69,297,10,2,24
2018-10-25,44516,25.575,11.69,298,10,3,25
2018-10-26,44516,11.034,11.99,299,10,4,26
2018-10-27,44516,20.316,12.98,300,10,5,27
2018-10-28,44516,11.951,12.98,301,10,6,28
2018-10-29,44516,11.284,12.98,302,10,0,29
2018-10-30,44516,15.393,12.98,303,10,1,30
2018-10-31,44516,34.68800000000001,11.59,304,10,2,31
2018-11-01,44516,38.208,11.49,305,11,3,1
2018-11-02,44516,33.548,12.98,306,11,4,2
2018-11-03,44516,9.902,12.98,307,11,5,3
2018-11-04,44516,10.018,12.98,308,11,6,4
2018-11-05,44516,5.248,12.98,309,11,0,5
2018-11-06,44516,2.274,12.98,310,11,1,6
2018-11-07,44516,27.073000000000004,11.29,311,11,2,7
2018-11-08,44516,31.359,11.19,312,11,3,8
2018-11-09,44516,17.285,12.98,313,11,4,9
2018-11-10,44516,23.226,12.98,314,11,5,10
2018-11-11,44516,15.739999999999998,12.98,315,11,6,11
2018-11-12,44516,11.132,12.98,316,11,0,12
2018-11-13,44516,8.250000000000002,12.98,317,11,1,13
2018-11-14,44516,23.842,11.19,318,11,2,14
2018-11-15,44516,34.849000000000004,11.19,319,11,3,15
2018-11-16,44516,8.844,12.98,320,11,4,16
2018-11-17,44516,21.084,12.98,321,11,5,17
2018-11-18,44516,7.133000000000001,12.98,322,11,6,18
2018-11-19,44516,8.474,12.98,323,11,0,19
2018-11-20,44516,10.506,12.98,324,11,1,20
2018-11-21,44516,19.169,11.29,325,11,2,21
2018-11-22,44516,21.945999999999994,11.29,326,11,3,22
2018-11-23,44516,9.715,12.98,327,11,4,23
2018-11-24,44516,5.816999999999999,12.98,328,11,5,24
2018-11-25,44516,6.509,12.98,329,11,6,25
2018-11-26,44516,20.471,12.98,330,11,0,26
2018-11-27,44516,14.808000000000002,12.98,331,11,1,27
2018-11-28,44516,19.693,11.29,332,11,2,28
2018-11-29,44516,24.433000000000003,11.29,333,11,3,29
2018-11-30,44516,9.372,12.98,334,11,4,30
2018-12-01,44516,26.72600000000001,12.98,335,12,5,1
2018-12-02,44516,11.77,12.98,336,12,6,2
2018-12-03,44516,18.230000000000004,12.98,337,12,0,3
2018-12-04,44516,10.892,12.98,338,12,1,4
2018-12-05,44516,28.133,11.29,339,12,2,5
2018-12-06,44516,31.415,11.29,340,12,3,6
2018-12-07,44516,10.182,12.98,341,12,4,7
2018-12-08,44516,13.584,12.98,342,12,5,8
2018-12-09,44516,15.955000000000002,12.98,343,12,6,9
2018-12-10,44516,9.94,12.98,344,12,0,10
2018-12-11,44516,9.227999999999998,12.98,345,12,1,11
2018-12-12,44516,18.907,11.29,346,12,2,12
2018-12-13,44516,27.023,11.29,347,12,3,13
2018-12-14,44516,11.557,12.98,348,12,4,14
2018-12-15,44516,13.048,12.98,349,12,5,15
2018-12-16,44516,13.763999999999998,12.98,350,12,6,16
2018-12-17,44516,4.904000000000001,12.98,351,12,0,17
2018-12-18,44516,12.306,12.98,352,12,1,18
2018-12-19,44516,21.173,11.29,353,12,2,19
2018-12-20,44516,19.153,11.29,354,12,3,20
2018-12-21,44516,18.489,12.98,355,12,4,21
2018-12-22,44516,4.218,12.98,356,12,5,22
2018-12-23,44516,18.534,12.98,357,12,6,23
2018-12-24,44516,13.356000000000002,12.98,358,12,0,24
2018-12-25,44516,0.0,12.98,359,12,1,25
2018-12-26,44516,11.588,12.98,360,12,2,26
2018-12-27,44516,12.198000000000002,12.98,361,12,3,27
2018-12-28,44516,5.488,12.98,362,12,4,28
2018-12-29,44516,13.16,12.98,363,12,5,29
2018-12-30,44516,10.64,12.98,364,12,6,30
2018-12-31,44516,23.71,12.98,365,12,0,31
2019-01-01,44516,0.0,12.98,1,1,1,1
2019-01-02,44516,25.532000000000004,12.98,2,1,2,2
2019-01-03,44516,12.431,12.98,3,1,3,3
2019-01-04,44516,20.769,12.98,4,1,4,4
2019-01-05,44516,18.68200000000001,12.98,5,1,5,5
2019-01-06,44516,10.046,12.98,6,1,6,6
2019-01-07,44516,12.322,12.98,7,1,0,7
2019-01-08,44516,15.182999999999998,12.98,8,1,1,8
2019-01-09,44516,26.976,10.48,9,1,2,9
2019-01-10,44516,18.844,10.48,10,1,3,10
2019-01-11,44516,7.452,12.98,11,1,4,11
2019-01-12,44516,7.314,12.98,12,1,5,12
2019-01-13,44516,14.201,12.98,13,1,6,13
2019-01-14,44516,4.484,12.98,14,1,0,14
2019-01-15,44516,19.298000000000005,12.98,15,1,1,15
2019-01-16,44516,29.748,10.49,16,1,2,16
2019-01-17,44516,28.527,10.49,17,1,3,17
2019-01-18,44516,18.336,12.98,18,1,4,18
2019-01-19,44516,23.587,12.98,19,1,5,19
2019-01-20,44516,3.752,12.98,20,1,6,20
2019-01-21,44516,14.257999999999996,12.98,21,1,0,21
2019-01-22,44516,6.1,12.98,22,1,1,22
2019-01-23,44516,25.042,10.29,23,1,2,23
2019-01-24,44516,19.222,10.29,24,1,3,24
2019-01-25,44516,10.833999999999998,12.98,25,1,4,25
2019-01-26,44516,13.665,12.98,26,1,5,26
2019-01-27,44516,6.584,12.98,27,1,6,27
2019-01-28,44516,8.56,12.98,28,1,0,28
2019-01-29,44516,11.04,12.98,29,1,1,29
2019-01-30,44516,17.065,10.49,30,1,2,30
2019-01-31,44516,24.566000000000003,10.49,31,1,3,31
2019-02-01,44516,15.096000000000004,12.98,32,2,4,1
2019-02-02,44516,22.722,12.98,33,2,5,2
2019-02-03,44516,16.864,12.98,34,2,6,3
2019-02-04,44516,17.541999999999998,12.98,35,2,0,4
2019-02-05,44516,10.31,12.98,36,2,1,5
2019-02-06,44516,33.39200000000001,10.49,37,2,2,6
2019-02-07,44516,31.760000000000005,10.49,38,2,3,7
2019-02-08,44516,2.794,12.98,39,2,4,8
2019-02-09,44516,18.776,12.98,40,2,5,9
2019-02-10,44516,17.675,12.98,41,2,6,10
2019-02-11,44516,13.72,12.98,42,2,0,11
2019-02-12,44516,5.083,12.98,43,2,1,12
2019-02-13,44516,27.299,12.49,44,2,2,13
2019-02-14,44516,18.142,12.49,45,2,3,14
2019-02-15,44516,11.094,12.98,46,2,4,15
2019-02-16,44516,17.067000000000004,12.98,47,2,5,16
2019-02-17,44516,10.635,12.98,48,2,6,17
2019-02-18,44516,9.802,12.98,49,2,0,18
2019-02-19,44516,6.960999999999999,12.98,50,2,1,19
2019-02-20,44516,20.354,12.49,51,2,2,20
2019-02-21,44516,26.661000000000005,12.49,52,2,3,21
2019-02-22,44516,8.298,12.98,53,2,4,22
2019-02-23,44516,20.098,12.98,54,2,5,23
2019-02-24,44516,16.646,12.98,55,2,6,24
2019-02-25,44516,11.233999999999998,12.98,56,2,0,25
2019-02-26,44516,11.488,12.98,57,2,1,26
2019-02-27,44516,20.677,12.49,58,2,2,27
2019-02-28,44516,33.4,12.49,59,2,3,28
2019-03-01,44516,30.52500000000001,12.98,60,3,4,1
2019-03-02,44516,17.586000000000002,12.98,61,3,5,2
2019-03-03,44516,15.083,12.98,62,3,6,3
2019-03-04,44516,8.58,12.98,63,3,0,4
2019-03-05,44516,16.153,12.98,64,3,1,5
2019-03-06,44516,27.131,12.49,65,3,2,6
2019-03-07,44516,28.199,12.49,66,3,3,7
2019-03-08,44516,5.198,12.98,67,3,4,8
2019-03-09,44516,10.402,12.98,68,3,5,9
2019-03-10,44516,5.7,12.98,69,3,6,10
2019-03-11,44516,5.1690000000000005,13.89,70,3,0,11
2019-03-12,44516,9.838,13.89,71,3,1,12
2019-03-13,44516,21.823000000000004,12.49,72,3,2,13
2019-03-14,44516,16.57,12.49,73,3,3,14
2019-03-15,44516,15.69,13.89,74,3,4,15
2019-03-16,44516,11.674,13.89,75,3,5,16
2019-03-17,44516,5.417999999999999,13.89,76,3,6,17
2019-03-18,44516,13.824000000000002,13.89,77,3,0,18
2019-03-19,44516,4.452,13.89,78,3,1,19
2019-03-20,44516,11.608,12.49,79,3,2,20
2019-03-21,44516,15.746,12.49,80,3,3,21
2019-03-22,44516,11.088,13.89,81,3,4,22
2019-03-23,44516,14.062,13.89,82,3,5,23
2019-03-24,44516,15.146,13.89,83,3,6,24
2019-03-25,44516,12.128,13.89,84,3,0,25
2019-03-26,44516,9.995,13.89,85,3,1,26
2019-03-27,44516,30.524000000000004,12.49,86,3,2,27
2019-03-28,44516,15.212,12.49,87,3,3,28
2019-03-29,44516,9.697,13.89,88,3,4,29
2019-03-30,44516,17.149,13.89,89,3,5,30
2019-03-31,44516,6.2940000000000005,13.89,90,3,6,31
2019-04-01,44516,15.29,13.89,91,4,0,1
2019-04-02,44516,17.18,13.89,92,4,1,2
2019-04-03,44516,39.272,13.49,93,4,2,3
2019-04-04,44516,19.524,13.49,94,4,3,4
2019-04-05,44516,13.206,13.89,95,4,4,5
2019-04-06,44516,19.408,13.89,96,4,5,6
2019-04-07,44516,15.21,13.89,97,4,6,7
2019-04-08,44516,2.014,13.89,98,4,0,8
2019-04-09,44516,20.091999999999995,13.89,99,4,1,9
2019-04-10,44516,13.021999999999998,13.49,100,4,2,10
2019-04-11,44516,15.604,13.49,101,4,3,11
2019-04-12,44516,9.787,13.69,102,4,4,12
2019-04-13,44516,12.356000000000002,13.89,103,4,5,13
2019-04-14,44516,15.438000000000002,13.89,104,4,6,14
2019-04-15,44516,8.421999999999999,13.89,105,4,0,15
2019-04-16,44516,10.092,13.89,106,4,1,16
2019-04-17,44516,12.036,13.49,107,4,2,17
2019-04-18,44516,12.922,13.49,108,4,3,18
2019-04-19,44516,7.987999999999999,13.89,109,4,4,19
2019-04-20,44516,16.948,13.89,110,4,5,20
2019-04-21,44516,10.588,13.89,111,4,6,21
2019-04-22,44516,5.594,13.89,112,4,0,22
2019-04-23,44516,13.636,13.89,113,4,1,23
2019-04-24,44516,19.318000000000005,13.49,114,4,2,24
2019-04-25,44516,27.165999999999997,13.49,115,4,3,25
2019-04-26,44516,11.5,13.89,116,4,4,26
2019-04-27,44516,7.928,13.97,117,4,5,27
2019-04-28,44516,12.158,13.97,118,4,6,28
2019-04-29,44516,13.492,13.97,119,4,0,29
2019-04-30,44516,12.424,13.97,120,4,1,30
